Archive member included to satisfy reference by file (symbol)

/usr/lib/gcc/arm-none-eabi/13.2.1/../../../arm-none-eabi/lib/thumb/v8-m.main+fp/softfp/libstdc++.a(del_ops.o)
                              CMakeFiles/BlinkLed50ms.dir/Agent.cpp.o (operator delete(void*, unsigned int))
/usr/lib/gcc/arm-none-eabi/13.2.1/../../../arm-none-eabi/lib/thumb/v8-m.main+fp/softfp/libstdc++.a(eh_arm.o)
                              CMakeFiles/BlinkLed50ms.dir/main.cpp.o (__cxa_end_cleanup)
/usr/lib/gcc/arm-none-eabi/13.2.1/../../../arm-none-eabi/lib/thumb/v8-m.main+fp/softfp/libstdc++.a(eh_exception.o)
                              /usr/lib/gcc/arm-none-eabi/13.2.1/../../../arm-none-eabi/lib/thumb/v8-m.main+fp/softfp/libstdc++.a(eh_arm.o) (typeinfo for __cxxabiv1::__forced_unwind)
/usr/lib/gcc/arm-none-eabi/13.2.1/../../../arm-none-eabi/lib/thumb/v8-m.main+fp/softfp/libstdc++.a(eh_globals.o)
                              /usr/lib/gcc/arm-none-eabi/13.2.1/../../../arm-none-eabi/lib/thumb/v8-m.main+fp/softfp/libstdc++.a(eh_arm.o) (__cxa_get_globals)
/usr/lib/gcc/arm-none-eabi/13.2.1/../../../arm-none-eabi/lib/thumb/v8-m.main+fp/softfp/libstdc++.a(eh_personality.o)
                              CMakeFiles/BlinkLed50ms.dir/main.cpp.o (__gxx_personality_v0)
/usr/lib/gcc/arm-none-eabi/13.2.1/../../../arm-none-eabi/lib/thumb/v8-m.main+fp/softfp/libstdc++.a(eh_terminate.o)
                              /usr/lib/gcc/arm-none-eabi/13.2.1/../../../arm-none-eabi/lib/thumb/v8-m.main+fp/softfp/libstdc++.a(eh_arm.o) (std::terminate())
/usr/lib/gcc/arm-none-eabi/13.2.1/../../../arm-none-eabi/lib/thumb/v8-m.main+fp/softfp/libstdc++.a(eh_unex_handler.o)
                              /usr/lib/gcc/arm-none-eabi/13.2.1/../../../arm-none-eabi/lib/thumb/v8-m.main+fp/softfp/libstdc++.a(eh_terminate.o) (__cxxabiv1::__unexpected_handler)
/usr/lib/gcc/arm-none-eabi/13.2.1/../../../arm-none-eabi/lib/thumb/v8-m.main+fp/softfp/libstdc++.a(si_class_type_info.o)
                              /usr/lib/gcc/arm-none-eabi/13.2.1/../../../arm-none-eabi/lib/thumb/v8-m.main+fp/softfp/libstdc++.a(eh_exception.o) (vtable for __cxxabiv1::__si_class_type_info)
/usr/lib/gcc/arm-none-eabi/13.2.1/../../../arm-none-eabi/lib/thumb/v8-m.main+fp/softfp/libstdc++.a(tinfo.o)
                              /usr/lib/gcc/arm-none-eabi/13.2.1/../../../arm-none-eabi/lib/thumb/v8-m.main+fp/softfp/libstdc++.a(si_class_type_info.o) (std::type_info::__is_pointer_p() const)
/usr/lib/gcc/arm-none-eabi/13.2.1/../../../arm-none-eabi/lib/thumb/v8-m.main+fp/softfp/libstdc++.a(class_type_info.o)
                              /usr/lib/gcc/arm-none-eabi/13.2.1/../../../arm-none-eabi/lib/thumb/v8-m.main+fp/softfp/libstdc++.a(si_class_type_info.o) (__cxxabiv1::__class_type_info::__do_upcast(__cxxabiv1::__class_type_info const*, void**) const)
/usr/lib/gcc/arm-none-eabi/13.2.1/../../../arm-none-eabi/lib/thumb/v8-m.main+fp/softfp/libstdc++.a(del_op.o)
                              /usr/lib/gcc/arm-none-eabi/13.2.1/../../../arm-none-eabi/lib/thumb/v8-m.main+fp/softfp/libstdc++.a(del_ops.o) (operator delete(void*))
/usr/lib/gcc/arm-none-eabi/13.2.1/../../../arm-none-eabi/lib/thumb/v8-m.main+fp/softfp/libstdc++.a(eh_call.o)
                              /usr/lib/gcc/arm-none-eabi/13.2.1/../../../arm-none-eabi/lib/thumb/v8-m.main+fp/softfp/libstdc++.a(eh_personality.o) (__cxa_call_terminate)
/usr/lib/gcc/arm-none-eabi/13.2.1/../../../arm-none-eabi/lib/thumb/v8-m.main+fp/softfp/libstdc++.a(eh_catch.o)
                              /usr/lib/gcc/arm-none-eabi/13.2.1/../../../arm-none-eabi/lib/thumb/v8-m.main+fp/softfp/libstdc++.a(eh_personality.o) (__cxa_begin_catch)
/usr/lib/gcc/arm-none-eabi/13.2.1/../../../arm-none-eabi/lib/thumb/v8-m.main+fp/softfp/libstdc++.a(eh_term_handler.o)
                              /usr/lib/gcc/arm-none-eabi/13.2.1/../../../arm-none-eabi/lib/thumb/v8-m.main+fp/softfp/libstdc++.a(eh_terminate.o) (__cxxabiv1::__terminate_handler)
/usr/lib/gcc/arm-none-eabi/13.2.1/../../../arm-none-eabi/lib/thumb/v8-m.main+fp/softfp/libstdc++.a(eh_throw.o)
                              /usr/lib/gcc/arm-none-eabi/13.2.1/../../../arm-none-eabi/lib/thumb/v8-m.main+fp/softfp/libstdc++.a(eh_call.o) (__cxa_throw)
/usr/lib/gcc/arm-none-eabi/13.2.1/../../../arm-none-eabi/lib/thumb/v8-m.main+fp/softfp/libstdc++.a(eh_alloc.o)
                              /usr/lib/gcc/arm-none-eabi/13.2.1/../../../arm-none-eabi/lib/thumb/v8-m.main+fp/softfp/libstdc++.a(eh_call.o) (__cxa_allocate_exception)
/usr/lib/gcc/arm-none-eabi/13.2.1/../../../arm-none-eabi/lib/thumb/v8-m.main+fp/softfp/libm.a(libm_a-wf_sqrt.o)
                              CMakeFiles/BlinkLed50ms.dir/home/portalgun/D-Space/pico-sdk/src/rp2_common/pico_float/float_math.c.o (sqrtf)
/usr/lib/gcc/arm-none-eabi/13.2.1/../../../arm-none-eabi/lib/thumb/v8-m.main+fp/softfp/libm.a(libm_a-ef_sqrt.o)
[...]
Memory Configuration

Name             Origin             Length             Attributes
FLASH            0x10000000         0x00400000         xr
RAM              0x20000000         0x00080000         xrw
SCRATCH_X        0x20080000         0x00001000         xrw
SCRATCH_Y        0x20081000         0x00001000         xrw
*default*        0x00000000         0xffffffff

Linker script and memory map

LOAD /usr/lib/gcc/arm-none-eabi/13.2.1/thumb/v8-m.main+fp/softfp/crti.o
LOAD /usr/lib/gcc/arm-none-eabi/13.2.1/thumb/v8-m.main+fp/softfp/crtbegin.o
LOAD /usr/lib/gcc/arm-none-eabi/13.2.1/../../../arm-none-eabi/lib/thumb/v8-m.main+fp/softfp/crt0.o

.flash_begin    0x10000000        0x0
                0x10000000                        __flash_binary_start = .

.text           0x10000000     0xb32c
                0x10000000                        __logical_binary_start = .
 *(.vectors)
 .vectors       0x10000000      0x124 CMakeFiles/BlinkLed50ms.dir/home/portalgun/D-Space/pico-sdk/src/rp2_common/pico_crt0/crt0.S.o
                0x10000000                __vectors
                0x10000000                __VECTOR_TABLE
                0x10000110                isr_invalid
                0x10000110                __default_isrs_start
                0x10000112                isr_nmi
                0x10000114                isr_hardfault
                0x10000116                isr_svcall
                0x10000118                isr_pendsv
                0x1000011a                isr_systick
                0x1000011c                isr_irq30
                0x1000011c                __unhandled_user_irq
                0x1000011c                isr_irq49
                0x1000011c                isr_irq13
                0x1000011c                isr_irq43
                0x1000011c                isr_irq45
                0x1000011c                isr_irq27
                0x1000011c                isr_irq32
                0x1000011c                isr_irq31
                0x1000011c                isr_irq5
                0x1000011c                isr_irq11
                0x1000011c                isr_irq23
                0x1000011c                isr_irq48
                0x1000011c                isr_irq35
                0x1000011c                isr_irq18
                0x1000011c                isr_irq50
                0x1000011c                isr_irq40
                0x1000011c                isr_irq28
                0x1000011c                isr_irq19
                0x1000011c                isr_irq36
                0x1000011c                isr_irq41
                0x1000011c                isr_irq0
                0x1000011c                isr_irq6
                0x1000011c                isr_irq37
                0x1000011c                isr_irq42
                0x1000011c                isr_irq22
                0x1000011c                isr_irq17
                0x1000011c                isr_irq38
                0x1000011c                isr_irq14
                0x1000011c                isr_irq2
                0x1000011c                isr_irq10
                0x1000011c                isr_irq8
                0x1000011c                isr_irq24
                0x1000011c                isr_irq46
                0x1000011c                isr_irq1
                0x1000011c                isr_irq47
                0x1000011c                isr_irq51
                0x1000011c                isr_irq7
                0x1000011c                isr_irq21
                0x1000011c                isr_irq39
                0x1000011c                isr_irq20
                0x1000011c                isr_irq15
                0x1000011c                isr_irq25
                0x1000011c                isr_irq34
                0x1000011c                isr_irq4
                0x1000011c                isr_irq16
                0x1000011c                isr_irq44
                0x1000011c                isr_irq29
                0x1000011c                isr_irq26
                0x1000011c                __default_isrs_end
                0x1000011c                isr_irq33
                0x1000011c                isr_irq3
                0x1000011c                isr_irq12
                0x1000011c                isr_irq9
                0x10000122                unhandled_user_irq_num_in_r0
 *(.binary_info_header)
 .binary_info_header
                0x10000124       0x14 CMakeFiles/BlinkLed50ms.dir/home/portalgun/D-Space/pico-sdk/src/rp2_common/pico_crt0/crt0.S.o
                0x10000138                        __binary_info_header_end = .
 *(.embedded_block)
 .embedded_block
                0x10000138       0x14 CMakeFiles/BlinkLed50ms.dir/home/portalgun/D-Space/pico-sdk/src/rp2_common/pico_crt0/crt0.S.o
                0x1000014c                        __embedded_block_end = .
 *(.reset)
 .reset         0x1000014c       0xa0 CMakeFiles/BlinkLed50ms.dir/home/portalgun/D-Space/pico-sdk/src/rp2_common/pico_crt0/crt0.S.o
                0x1000014c                _entry_point
 *(.init)
 .init          0x100001ec        0x4 /usr/lib/gcc/arm-none-eabi/13.2.1/thumb/v8-m.main+fp/softfp/crti.o
                0x100001ec                _init
 *libgcc.a:cmse_nonsecure_call.o()
 *(EXCLUDE_FILE(*libm.a: *libc.a:*lib_a-mem*.o *libgcc.a:) .text*)
 .text          0x100001f0       0x8c /usr/lib/gcc/arm-none-eabi/13.2.1/thumb/v8-m.main+fp/softfp/crtbegin.o
 .text._Z12runTimeStatsv
                0x1000027c       0xd0 CMakeFiles/BlinkLed50ms.dir/main.cpp.o
                0x1000027c                runTimeStats()
 .text._Z7vLaunchv
                0x1000034c       0x2c CMakeFiles/BlinkLed50ms.dir/main.cpp.o
                0x1000034c                vLaunch()
 .text.startup.main
                0x10000378       0x38 CMakeFiles/BlinkLed50ms.dir/main.cpp.o
                0x10000378                main
 .text._Z8mainTaskPv
                0x100003b0       0x3c CMakeFiles/BlinkLed50ms.dir/main.cpp.o
                0x100003b0                mainTask(void*)
 .text._ZN5Agent7getTaskEv
                0x100003ec        0x4 CMakeFiles/BlinkLed50ms.dir/Agent.cpp.o
                0x100003ec                Agent::getTask()
 .text._ZN5Agent5vTaskEPv
                0x100003f0        0xc CMakeFiles/BlinkLed50ms.dir/Agent.cpp.o
                0x100003f0                Agent::vTask(void*)
 .text._ZN5Agent4stopEv
                0x100003fc       0x14 CMakeFiles/BlinkLed50ms.dir/Agent.cpp.o
                0x100003fc                Agent::stop()
 .text._ZN5Agent16getStakHighWaterEv
                0x10000410        0xc CMakeFiles/BlinkLed50ms.dir/Agent.cpp.o
                0x10000410                Agent::getStakHighWater()
 .text._ZN5Agent5startEPKcm
                0x1000041c       0x74 CMakeFiles/BlinkLed50ms.dir/Agent.cpp.o
                0x1000041c                Agent::start(char const*, unsigned long)
 .text._ZN5AgentC2Ev
                0x10000490       0x10 CMakeFiles/BlinkLed50ms.dir/Agent.cpp.o
                0x10000490                Agent::Agent()
                0x10000490                Agent::Agent()
 .text._ZN5AgentD2Ev
                0x100004a0       0x18 CMakeFiles/BlinkLed50ms.dir/Agent.cpp.o
                0x100004a0                Agent::~Agent()
                0x100004a0                Agent::~Agent()
 .text._ZN10BlinkAgent15getMaxStackSizeEv
                0x100004b8        0x4 CMakeFiles/BlinkLed50ms.dir/BlinkAgent.cpp.o
                0x100004b8                BlinkAgent::getMaxStackSize()
 .text._ZN10BlinkAgentD2Ev
                0x100004bc       0x1c CMakeFiles/BlinkLed50ms.dir/BlinkAgent.cpp.o
                0x100004bc                BlinkAgent::~BlinkAgent()
                0x100004bc                BlinkAgent::~BlinkAgent()
 .text._ZN10BlinkAgentD0Ev
                0x100004d8       0x24 CMakeFiles/BlinkLed50ms.dir/BlinkAgent.cpp.o
                0x100004d8                BlinkAgent::~BlinkAgent()
 .text._ZN10BlinkAgent3runEv
                0x100004fc       0x3c CMakeFiles/BlinkLed50ms.dir/BlinkAgent.cpp.o
                0x100004fc                BlinkAgent::run()
 .text._ZN10BlinkAgentC2Eh
                0x10000538       0x18 CMakeFiles/BlinkLed50ms.dir/BlinkAgent.cpp.o
                0x10000538                BlinkAgent::BlinkAgent(unsigned char)
                0x10000538                BlinkAgent::BlinkAgent(unsigned char)
 .text.gpio_set_function
                0x10000550       0x3c CMakeFiles/BlinkLed50ms.dir/home/portalgun/D-Space/pico-sdk/src/rp2_common/hardware_gpio/gpio.c.o
                0x10000550                gpio_set_function
 .text.gpio_init
                0x1000058c       0x48 CMakeFiles/BlinkLed50ms.dir/home/portalgun/D-Space/pico-sdk/src/rp2_common/hardware_gpio/gpio.c.o
                0x1000058c                gpio_init
 .text.panic    0x100005d4       0x30 CMakeFiles/BlinkLed50ms.dir/home/portalgun/D-Space/pico-sdk/src/rp2_common/pico_platform_panic/panic.c.o
                0x100005d4                panic
 .text.hw_claim_lock
                0x10000604       0x24 CMakeFiles/BlinkLed50ms.dir/home/portalgun/D-Space/pico-sdk/src/common/hardware_claim/claim.c.o
                0x10000604                hw_claim_lock
 .text.hw_claim_unlock
                0x10000628       0x14 CMakeFiles/BlinkLed50ms.dir/home/portalgun/D-Space/pico-sdk/src/common/hardware_claim/claim.c.o
                0x10000628                hw_claim_unlock
 .text.hw_claim_or_assert
                0x1000063c       0x58 CMakeFiles/BlinkLed50ms.dir/home/portalgun/D-Space/pico-sdk/src/common/hardware_claim/claim.c.o
                0x1000063c                hw_claim_or_assert
 .text.hw_claim_unused_from_range
                0x10000694       0x9c CMakeFiles/BlinkLed50ms.dir/home/portalgun/D-Space/pico-sdk/src/common/hardware_claim/claim.c.o
                0x10000694                hw_claim_unused_from_range
 .text.next_striped_spin_lock_num
                0x10000730       0x18 CMakeFiles/BlinkLed50ms.dir/home/portalgun/D-Space/pico-sdk/src/rp2_common/hardware_sync/sync.c.o
                0x10000730                next_striped_spin_lock_num
 .text.spin_lock_claim_unused
                0x10000748       0x20 CMakeFiles/BlinkLed50ms.dir/home/portalgun/D-Space/pico-sdk/src/rp2_common/hardware_sync/sync.c.o
                0x10000748                spin_lock_claim_unused
 .text.spinlock_set_extexclall
                0x10000768       0x10 CMakeFiles/BlinkLed50ms.dir/home/portalgun/D-Space/pico-sdk/src/rp2_common/hardware_sync_spin_lock/sync_spin_lock.c.o
 .text.spin_locks_reset
                0x10000778       0x18 CMakeFiles/BlinkLed50ms.dir/home/portalgun/D-Space/pico-sdk/src/rp2_common/hardware_sync_spin_lock/sync_spin_lock.c.o
                0x10000778                spin_locks_reset
 .text.runtime_init_per_core_irq_priorities
                0x10000790       0x40 CMakeFiles/BlinkLed50ms.dir/home/portalgun/D-Space/pico-sdk/src/rp2_common/hardware_irq/irq.c.o
                0x10000790                runtime_init_per_core_irq_priorities
 .text.irq_set_enabled
                0x100007d0       0x2c CMakeFiles/BlinkLed50ms.dir/home/portalgun/D-Space/pico-sdk/src/rp2_common/hardware_irq/irq.c.o
                0x100007d0                irq_set_enabled
 .text.irq_is_enabled
                0x100007fc       0x20 CMakeFiles/BlinkLed50ms.dir/home/portalgun/D-Space/pico-sdk/src/rp2_common/hardware_irq/irq.c.o
                0x100007fc                irq_is_enabled
 .text.irq_set_pending
                0x1000081c       0x18 CMakeFiles/BlinkLed50ms.dir/home/portalgun/D-Space/pico-sdk/src/rp2_common/hardware_irq/irq.c.o
                0x1000081c                irq_set_pending
 .text.irq_has_shared_handler
                0x10000834       0x24 CMakeFiles/BlinkLed50ms.dir/home/portalgun/D-Space/pico-sdk/src/rp2_common/hardware_irq/irq.c.o
                0x10000834                irq_has_shared_handler
 .text.irq_set_exclusive_handler
                0x10000858       0x60 CMakeFiles/BlinkLed50ms.dir/home/portalgun/D-Space/pico-sdk/src/rp2_common/hardware_irq/irq.c.o
                0x10000858                irq_set_exclusive_handler
 .text.irq_add_shared_handler
                0x100008b8      0x1e8 CMakeFiles/BlinkLed50ms.dir/home/portalgun/D-Space/pico-sdk/src/rp2_common/hardware_irq/irq.c.o
                0x100008b8                irq_add_shared_handler
 .text.irq_remove_handler
                0x10000aa0      0x1fc CMakeFiles/BlinkLed50ms.dir/home/portalgun/D-Space/pico-sdk/src/rp2_common/hardware_irq/irq.c.o
                0x10000aa0                irq_remove_handler
 .text.irq_set_priority
                0x10000c9c       0x28 CMakeFiles/BlinkLed50ms.dir/home/portalgun/D-Space/pico-sdk/src/rp2_common/hardware_irq/irq.c.o
                0x10000c9c                irq_set_priority
 .text.irq_add_tail_to_free_list
                0x10000cc4       0xbc CMakeFiles/BlinkLed50ms.dir/home/portalgun/D-Space/pico-sdk/src/rp2_common/hardware_irq/irq.c.o
                0x10000cc4                irq_add_tail_to_free_list
 .text.user_irq_claim_unused
                0x10000d80       0x28 CMakeFiles/BlinkLed50ms.dir/home/portalgun/D-Space/pico-sdk/src/rp2_common/hardware_irq/irq.c.o
                0x10000d80                user_irq_claim_unused
 .text.lock_init
                0x10000da8        0xc CMakeFiles/BlinkLed50ms.dir/home/portalgun/D-Space/pico-sdk/src/common/pico_sync/lock_core.c.o
                0x10000da8                lock_init
 .text.runtime_init_mutex
                0x10000db4       0x54 CMakeFiles/BlinkLed50ms.dir/home/portalgun/D-Space/pico-sdk/src/common/pico_sync/mutex.c.o
                0x10000db4                runtime_init_mutex
 .text.mutex_init
                0x10000e08       0x1c CMakeFiles/BlinkLed50ms.dir/home/portalgun/D-Space/pico-sdk/src/common/pico_sync/mutex.c.o
                0x10000e08                mutex_init
 .text.critical_section_init
                0x10000e24       0x1c CMakeFiles/BlinkLed50ms.dir/home/portalgun/D-Space/pico-sdk/src/common/pico_sync/critical_section.c.o
                0x10000e24                critical_section_init
 .text.critical_section_init_with_lock_num
                0x10000e40       0x10 CMakeFiles/BlinkLed50ms.dir/home/portalgun/D-Space/pico-sdk/src/common/pico_sync/critical_section.c.o
                0x10000e40                critical_section_init_with_lock_num
 .text.alarm_pool_irq_handler
                0x10000e50      0x2e0 CMakeFiles/BlinkLed50ms.dir/home/portalgun/D-Space/pico-sdk/src/common/pico_time/time.c.o
 .text.sleep_until_callback
                0x10001130       0x34 CMakeFiles/BlinkLed50ms.dir/home/portalgun/D-Space/pico-sdk/src/common/pico_time/time.c.o
 .text.runtime_init_default_alarm_pool
                0x10001164      0x100 CMakeFiles/BlinkLed50ms.dir/home/portalgun/D-Space/pico-sdk/src/common/pico_time/time.c.o
                0x10001164                runtime_init_default_alarm_pool
 .text.alarm_pool_get_default
                0x10001264        0x8 CMakeFiles/BlinkLed50ms.dir/home/portalgun/D-Space/pico-sdk/src/common/pico_time/time.c.o
                0x10001264                alarm_pool_get_default
 .text.alarm_pool_add_alarm_at
                0x1000126c       0xdc CMakeFiles/BlinkLed50ms.dir/home/portalgun/D-Space/pico-sdk/src/common/pico_time/time.c.o
                0x1000126c                alarm_pool_add_alarm_at
 .text.alarm_pool_add_alarm_at_force_in_context
                0x10001348       0xc8 CMakeFiles/BlinkLed50ms.dir/home/portalgun/D-Space/pico-sdk/src/common/pico_time/time.c.o
                0x10001348                alarm_pool_add_alarm_at_force_in_context
 .text.alarm_pool_cancel_alarm
                0x10001410       0x80 CMakeFiles/BlinkLed50ms.dir/home/portalgun/D-Space/pico-sdk/src/common/pico_time/time.c.o
                0x10001410                alarm_pool_cancel_alarm
 .text.alarm_pool_core_num
                0x10001490        0x4 CMakeFiles/BlinkLed50ms.dir/home/portalgun/D-Space/pico-sdk/src/common/pico_time/time.c.o
                0x10001490                alarm_pool_core_num
 .text.sleep_until
                0x10001494       0xb8 CMakeFiles/BlinkLed50ms.dir/home/portalgun/D-Space/pico-sdk/src/common/pico_time/time.c.o
                0x10001494                sleep_until
 .text.sleep_ms
                0x1000154c       0x2c CMakeFiles/BlinkLed50ms.dir/home/portalgun/D-Space/pico-sdk/src/common/pico_time/time.c.o
                0x1000154c                sleep_ms
 .text.best_effort_wfe_or_timeout
                0x10001578       0xb0 CMakeFiles/BlinkLed50ms.dir/home/portalgun/D-Space/pico-sdk/src/common/pico_time/time.c.o
                0x10001578                best_effort_wfe_or_timeout
 .text.timer_hardware_alarm_claim
                0x10001628       0x24 CMakeFiles/BlinkLed50ms.dir/home/portalgun/D-Space/pico-sdk/src/rp2_common/hardware_timer/timer.c.o
                0x10001628                timer_hardware_alarm_claim
 .text.timer_time_us_64
                0x1000164c       0x10 CMakeFiles/BlinkLed50ms.dir/home/portalgun/D-Space/pico-sdk/src/rp2_common/hardware_timer/timer.c.o
                0x1000164c                timer_time_us_64
 .text.time_us_64
                0x1000165c       0x14 CMakeFiles/BlinkLed50ms.dir/home/portalgun/D-Space/pico-sdk/src/rp2_common/hardware_timer/timer.c.o
                0x1000165c                time_us_64
 .text.busy_wait_us
                0x10001670       0x64 CMakeFiles/BlinkLed50ms.dir/home/portalgun/D-Space/pico-sdk/src/rp2_common/hardware_timer/timer.c.o
                0x10001670                busy_wait_us
 .text.busy_wait_until
                0x100016d4       0x24 CMakeFiles/BlinkLed50ms.dir/home/portalgun/D-Space/pico-sdk/src/rp2_common/hardware_timer/timer.c.o
                0x100016d4                busy_wait_until
 .text.uart_init
                0x100016f8      0x104 CMakeFiles/BlinkLed50ms.dir/home/portalgun/D-Space/pico-sdk/src/rp2_common/hardware_uart/uart.c.o
                0x100016f8                uart_init
 .text.clock_configure_undivided
                0x100017fc       0xd0 CMakeFiles/BlinkLed50ms.dir/home/portalgun/D-Space/pico-sdk/src/rp2_common/hardware_clocks/clocks.c.o
                0x100017fc                clock_configure_undivided
 .text.clock_get_hz
                0x100018cc        0xc CMakeFiles/BlinkLed50ms.dir/home/portalgun/D-Space/pico-sdk/src/rp2_common/hardware_clocks/clocks.c.o
                0x100018cc                clock_get_hz
 .text.pll_init
                0x100018d8       0x8c CMakeFiles/BlinkLed50ms.dir/home/portalgun/D-Space/pico-sdk/src/rp2_common/hardware_pll/pll.c.o
                0x100018d8                pll_init
 .text.watchdog_reboot
                0x10001964       0x98 CMakeFiles/BlinkLed50ms.dir/home/portalgun/D-Space/pico-sdk/src/rp2_common/hardware_watchdog/watchdog.c.o
                0x10001964                watchdog_reboot
 .text.tick_start
                0x100019fc       0x18 CMakeFiles/BlinkLed50ms.dir/home/portalgun/D-Space/pico-sdk/src/rp2_common/hardware_ticks/ticks.c.o
                0x100019fc                tick_start
 .text.rom_reboot.constprop.0.isra.0
                0x10001a14       0x34 CMakeFiles/BlinkLed50ms.dir/home/portalgun/D-Space/pico-sdk/src/rp2_common/pico_bootrom/bootrom.c.o
 .text.rom_func_lookup
                0x10001a48       0x18 CMakeFiles/BlinkLed50ms.dir/home/portalgun/D-Space/pico-sdk/src/rp2_common/pico_bootrom/bootrom.c.o
                0x10001a48                rom_func_lookup
 .text.rom_reset_usb_boot_extra
                0x10001a60       0x1c CMakeFiles/BlinkLed50ms.dir/home/portalgun/D-Space/pico-sdk/src/rp2_common/pico_bootrom/bootrom.c.o
                0x10001a60                rom_reset_usb_boot_extra
 .text.runtime_init_bootrom_locking_enable
                0x10001a7c       0x14 CMakeFiles/BlinkLed50ms.dir/home/portalgun/D-Space/pico-sdk/src/rp2_common/pico_bootrom/bootrom_lock.c.o
                0x10001a7c                runtime_init_bootrom_locking_enable
 .text.runtime_init_boot_locks_reset
                0x10001a90       0x1c CMakeFiles/BlinkLed50ms.dir/home/portalgun/D-Space/pico-sdk/src/rp2_common/hardware_boot_lock/boot_lock.c.o
                0x10001a90                runtime_init_boot_locks_reset
 .text.xosc_init
                0x10001aac       0x2c CMakeFiles/BlinkLed50ms.dir/home/portalgun/D-Space/pico-sdk/src/rp2_common/hardware_xosc/xosc.c.o
                0x10001aac                xosc_init
 .text.first_per_core_initializer
                0x10001ad8        0x4 CMakeFiles/BlinkLed50ms.dir/home/portalgun/D-Space/pico-sdk/src/rp2_common/pico_runtime/runtime.c.o
 .text.hard_assertion_failure
                0x10001adc        0xc CMakeFiles/BlinkLed50ms.dir/home/portalgun/D-Space/pico-sdk/src/rp2_common/pico_runtime/runtime.c.o
                0x10001adc                hard_assertion_failure
 .text.runtime_run_initializers
                0x10001ae8       0x20 CMakeFiles/BlinkLed50ms.dir/home/portalgun/D-Space/pico-sdk/src/rp2_common/pico_runtime/runtime.c.o
                0x10001ae8                runtime_run_initializers
 .text.runtime_init_early_resets
                0x10001b08       0x34 CMakeFiles/BlinkLed50ms.dir/home/portalgun/D-Space/pico-sdk/src/rp2_common/pico_runtime_init/runtime_init.c.o
                0x10001b08                runtime_init_early_resets
 .text.runtime_init_usb_power_down
                0x10001b3c       0x1c CMakeFiles/BlinkLed50ms.dir/home/portalgun/D-Space/pico-sdk/src/rp2_common/pico_runtime_init/runtime_init.c.o
                0x10001b3c                runtime_init_usb_power_down
 .text.runtime_init_per_core_enable_coprocessors
                0x10001b58       0x1c CMakeFiles/BlinkLed50ms.dir/home/portalgun/D-Space/pico-sdk/src/rp2_common/pico_runtime_init/runtime_init.c.o
                0x10001b58                runtime_init_per_core_enable_coprocessors
 .text.runtime_init_post_clock_resets
                0x10001b74       0x20 CMakeFiles/BlinkLed50ms.dir/home/portalgun/D-Space/pico-sdk/src/rp2_common/pico_runtime_init/runtime_init.c.o
                0x10001b74                runtime_init_post_clock_resets
 .text.runtime_init_bootrom_reset
                0x10001b94       0x14 CMakeFiles/BlinkLed50ms.dir/home/portalgun/D-Space/pico-sdk/src/rp2_common/pico_runtime_init/runtime_init.c.o
                0x10001b94                runtime_init_bootrom_reset
 .text.runtime_init_per_core_bootrom_reset
                0x10001ba8       0x14 CMakeFiles/BlinkLed50ms.dir/home/portalgun/D-Space/pico-sdk/src/rp2_common/pico_runtime_init/runtime_init.c.o
                0x10001ba8                runtime_init_per_core_bootrom_reset
 .text.runtime_init_spin_locks_reset
                0x10001bbc        0x4 CMakeFiles/BlinkLed50ms.dir/home/portalgun/D-Space/pico-sdk/src/rp2_common/pico_runtime_init/runtime_init.c.o
                0x10001bbc                runtime_init_spin_locks_reset
 .text.runtime_init_install_ram_vector_table
                0x10001bc0       0x20 CMakeFiles/BlinkLed50ms.dir/home/portalgun/D-Space/pico-sdk/src/rp2_common/pico_runtime_init/runtime_init.c.o
                0x10001bc0                runtime_init_install_ram_vector_table
 .text.runtime_init_clocks
                0x10001be0       0xdc CMakeFiles/BlinkLed50ms.dir/home/portalgun/D-Space/pico-sdk/src/rp2_common/pico_runtime_init/runtime_init_clocks.c.o
                0x10001be0                runtime_init_clocks
 .text.__rp2350_dcp_engaged_state_save_restore
                0x10001cbc       0x3a CMakeFiles/BlinkLed50ms.dir/home/portalgun/D-Space/pico-sdk/src/rp2_common/pico_double/double_aeabi_dcp.S.o
 *fill*         0x10001cf6        0x2 
 .text.__wrap___aeabi_dadd
                0x10001cf8       0x28 CMakeFiles/BlinkLed50ms.dir/home/portalgun/D-Space/pico-sdk/src/rp2_common/pico_double/double_aeabi_dcp.S.o
                0x10001d00                __wrap___aeabi_dadd
 .text.__wrap___aeabi_dsub
                0x10001d20       0x28 CMakeFiles/BlinkLed50ms.dir/home/portalgun/D-Space/pico-sdk/src/rp2_common/pico_double/double_aeabi_dcp.S.o
                0x10001d28                __wrap___aeabi_dsub
 .text.__wrap___aeabi_dmul
                0x10001d48       0x4c CMakeFiles/BlinkLed50ms.dir/home/portalgun/D-Space/pico-sdk/src/rp2_common/pico_double/double_aeabi_dcp.S.o
                0x10001d50                __wrap___aeabi_dmul
 .text.__wrap___aeabi_ddiv
                0x10001d94       0x9c CMakeFiles/BlinkLed50ms.dir/home/portalgun/D-Space/pico-sdk/src/rp2_common/pico_double/double_aeabi_dcp.S.o
                0x10001d9c                __wrap___aeabi_ddiv
 .text.__wrap___aeabi_i2d
                0x10001e30       0x24 CMakeFiles/BlinkLed50ms.dir/home/portalgun/D-Space/pico-sdk/src/rp2_common/pico_double/double_aeabi_dcp.S.o
                0x10001e38                __wrap___aeabi_i2d
 .text.__wrap___aeabi_ui2d
                0x10001e54       0x24 CMakeFiles/BlinkLed50ms.dir/home/portalgun/D-Space/pico-sdk/src/rp2_common/pico_double/double_aeabi_dcp.S.o
                0x10001e5c                __wrap___aeabi_ui2d
 .text.__wrap___aeabi_d2iz
                0x10001e78       0x24 CMakeFiles/BlinkLed50ms.dir/home/portalgun/D-Space/pico-sdk/src/rp2_common/pico_double/double_aeabi_dcp.S.o
                0x10001e80                __wrap___aeabi_d2iz
 .text.__wrap___aeabi_d2uiz
                0x10001e9c       0x24 CMakeFiles/BlinkLed50ms.dir/home/portalgun/D-Space/pico-sdk/src/rp2_common/pico_double/double_aeabi_dcp.S.o
                0x10001ea4                __wrap___aeabi_d2uiz
 .text.__wrap___aeabi_dcmpun
                0x10001ec0       0x24 CMakeFiles/BlinkLed50ms.dir/home/portalgun/D-Space/pico-sdk/src/rp2_common/pico_double/double_aeabi_dcp.S.o
                0x10001ec8                __wrap___aeabi_dcmpun
 .text.__wrap___aeabi_dcmplt
                0x10001ee4       0x28 CMakeFiles/BlinkLed50ms.dir/home/portalgun/D-Space/pico-sdk/src/rp2_common/pico_double/double_aeabi_dcp.S.o
                0x10001eec                __wrap___aeabi_dcmplt
 .text.__wrap___aeabi_dcmpge
                0x10001f0c       0x28 CMakeFiles/BlinkLed50ms.dir/home/portalgun/D-Space/pico-sdk/src/rp2_common/pico_double/double_aeabi_dcp.S.o
                0x10001f14                __wrap___aeabi_dcmpge
 .text.__wrap___aeabi_dcmpgt
                0x10001f34       0x28 CMakeFiles/BlinkLed50ms.dir/home/portalgun/D-Space/pico-sdk/src/rp2_common/pico_double/double_aeabi_dcp.S.o
                0x10001f3c                __wrap___aeabi_dcmpgt
 .text.__wrap_malloc
                0x10001f5c       0x38 CMakeFiles/BlinkLed50ms.dir/home/portalgun/D-Space/pico-sdk/src/rp2_common/pico_malloc/malloc.c.o
                0x10001f5c                __wrap_malloc
 .text.__wrap_free
                0x10001f94       0x20 CMakeFiles/BlinkLed50ms.dir/home/portalgun/D-Space/pico-sdk/src/rp2_common/pico_malloc/malloc.c.o
                0x10001f94                __wrap_free
 .text._out_null
                0x10001fb4        0x4 CMakeFiles/BlinkLed50ms.dir/home/portalgun/D-Space/pico-sdk/src/rp2_common/pico_printf/printf.c.o
 .text._out_rev
                0x10001fb8       0x9c CMakeFiles/BlinkLed50ms.dir/home/portalgun/D-Space/pico-sdk/src/rp2_common/pico_printf/printf.c.o
 .text._ntoa_format
                0x10002054      0x2a4 CMakeFiles/BlinkLed50ms.dir/home/portalgun/D-Space/pico-sdk/src/rp2_common/pico_printf/printf.c.o
 .text._out_char
                0x100022f8        0x8 CMakeFiles/BlinkLed50ms.dir/home/portalgun/D-Space/pico-sdk/src/rp2_common/pico_printf/printf.c.o
 .text._out_fct
                0x10002300        0xc CMakeFiles/BlinkLed50ms.dir/home/portalgun/D-Space/pico-sdk/src/rp2_common/pico_printf/printf.c.o
 *fill*         0x1000230c        0x4 
 .text._etoa    0x10002310      0x460 CMakeFiles/BlinkLed50ms.dir/home/portalgun/D-Space/pico-sdk/src/rp2_common/pico_printf/printf.c.o
 .text._ftoa    0x10002770      0x3f4 CMakeFiles/BlinkLed50ms.dir/home/portalgun/D-Space/pico-sdk/src/rp2_common/pico_printf/printf.c.o
 .text._vsnprintf
                0x10002b64      0x9e8 CMakeFiles/BlinkLed50ms.dir/home/portalgun/D-Space/pico-sdk/src/rp2_common/pico_printf/printf.c.o
 .text.vfctprintf
                0x1000354c       0x28 CMakeFiles/BlinkLed50ms.dir/home/portalgun/D-Space/pico-sdk/src/rp2_common/pico_printf/printf.c.o
                0x1000354c                vfctprintf
 .text.weak_raw_vprintf
                0x10003574       0x30 CMakeFiles/BlinkLed50ms.dir/home/portalgun/D-Space/pico-sdk/src/rp2_common/pico_printf/printf.c.o
                0x10003574                weak_raw_vprintf
 .text._exit    0x100035a4        0x4 CMakeFiles/BlinkLed50ms.dir/home/portalgun/D-Space/pico-sdk/src/rp2_common/pico_clib_interface/newlib_interface.c.o
                0x100035a4                _exit
 .text._sbrk    0x100035a8       0x2c CMakeFiles/BlinkLed50ms.dir/home/portalgun/D-Space/pico-sdk/src/rp2_common/pico_clib_interface/newlib_interface.c.o
                0x100035a8                _sbrk
 .text._getpid  0x100035d4        0x4 CMakeFiles/BlinkLed50ms.dir/home/portalgun/D-Space/pico-sdk/src/rp2_common/pico_clib_interface/newlib_interface.c.o
                0x100035d4                _getpid
 .text._kill    0x100035d8        0x8 CMakeFiles/BlinkLed50ms.dir/home/portalgun/D-Space/pico-sdk/src/rp2_common/pico_clib_interface/newlib_interface.c.o
                0x100035d8                _kill
 .text.exit     0x100035e0        0x8 CMakeFiles/BlinkLed50ms.dir/home/portalgun/D-Space/pico-sdk/src/rp2_common/pico_clib_interface/newlib_interface.c.o
                0x100035e0                exit
 .text.runtime_init
                0x100035e8       0x24 CMakeFiles/BlinkLed50ms.dir/home/portalgun/D-Space/pico-sdk/src/rp2_common/pico_clib_interface/newlib_interface.c.o
                0x100035e8                runtime_init
 .text.stdio_out_chars_no_crlf
                0x1000360c        0x8 CMakeFiles/BlinkLed50ms.dir/home/portalgun/D-Space/pico-sdk/src/rp2_common/pico_stdio/stdio.c.o
 .text.stdio_out_chars_crlf
                0x10003614       0xac CMakeFiles/BlinkLed50ms.dir/home/portalgun/D-Space/pico-sdk/src/rp2_common/pico_stdio/stdio.c.o
 .text.stdio_buffered_printer
                0x100036c0       0x60 CMakeFiles/BlinkLed50ms.dir/home/portalgun/D-Space/pico-sdk/src/rp2_common/pico_stdio/stdio.c.o
 .text.stdio_put_string
                0x10003720       0xf0 CMakeFiles/BlinkLed50ms.dir/home/portalgun/D-Space/pico-sdk/src/rp2_common/pico_stdio/stdio.c.o
                0x10003720                stdio_put_string
 .text.stdio_set_driver_enabled
                0x10003810       0x30 CMakeFiles/BlinkLed50ms.dir/home/portalgun/D-Space/pico-sdk/src/rp2_common/pico_stdio/stdio.c.o
                0x10003810                stdio_set_driver_enabled
 .text.stdio_init_all
                0x10003840       0x10 CMakeFiles/BlinkLed50ms.dir/home/portalgun/D-Space/pico-sdk/src/rp2_common/pico_stdio/stdio.c.o
                0x10003840                stdio_init_all
 .text.__wrap_putchar
                0x10003850       0x84 CMakeFiles/BlinkLed50ms.dir/home/portalgun/D-Space/pico-sdk/src/rp2_common/pico_stdio/stdio.c.o
                0x10003850                stdio_putchar
                0x10003850                __wrap_putchar
 .text.__wrap_puts
                0x100038d4       0x3c CMakeFiles/BlinkLed50ms.dir/home/portalgun/D-Space/pico-sdk/src/rp2_common/pico_stdio/stdio.c.o
                0x100038d4                __wrap_puts
                0x100038d4                stdio_puts
 .text.__wrap_vprintf
                0x10003910       0xc8 CMakeFiles/BlinkLed50ms.dir/home/portalgun/D-Space/pico-sdk/src/rp2_common/pico_stdio/stdio.c.o
                0x10003910                __wrap_vprintf
                0x10003910                stdio_vprintf
 .text.__wrap_printf
                0x100039d8       0x1c CMakeFiles/BlinkLed50ms.dir/home/portalgun/D-Space/pico-sdk/src/rp2_common/pico_stdio/stdio.c.o
                0x100039d8                stdio_printf
                0x100039d8                __wrap_printf
 .text.stdio_uart_out_chars
                0x100039f4       0x50 CMakeFiles/BlinkLed50ms.dir/home/portalgun/D-Space/pico-sdk/src/rp2_common/pico_stdio_uart/stdio_uart.c.o
 .text.stdio_uart_in_chars
                0x10003a44       0x94 CMakeFiles/BlinkLed50ms.dir/home/portalgun/D-Space/pico-sdk/src/rp2_common/pico_stdio_uart/stdio_uart.c.o
                0x10003a44                stdio_uart_in_chars
 .text.on_uart_rx
                0x10003ad8       0x24 CMakeFiles/BlinkLed50ms.dir/home/portalgun/D-Space/pico-sdk/src/rp2_common/pico_stdio_uart/stdio_uart.c.o
 .text.stdio_uart_out_flush
                0x10003afc       0x10 CMakeFiles/BlinkLed50ms.dir/home/portalgun/D-Space/pico-sdk/src/rp2_common/pico_stdio_uart/stdio_uart.c.o
 .text.stdio_uart_set_chars_available_callback
                0x10003b0c       0x88 CMakeFiles/BlinkLed50ms.dir/home/portalgun/D-Space/pico-sdk/src/rp2_common/pico_stdio_uart/stdio_uart.c.o
 .text.stdio_uart_init
                0x10003b94       0x54 CMakeFiles/BlinkLed50ms.dir/home/portalgun/D-Space/pico-sdk/src/rp2_common/pico_stdio_uart/stdio_uart.c.o
                0x10003b94                stdio_uart_init
 .text.resetd_init
                0x10003be8        0x4 CMakeFiles/BlinkLed50ms.dir/home/portalgun/D-Space/pico-sdk/src/rp2_common/pico_stdio_usb/reset_interface.c.o
 .text.resetd_reset
                0x10003bec        0xc CMakeFiles/BlinkLed50ms.dir/home/portalgun/D-Space/pico-sdk/src/rp2_common/pico_stdio_usb/reset_interface.c.o
 .text.resetd_open
                0x10003bf8       0x28 CMakeFiles/BlinkLed50ms.dir/home/portalgun/D-Space/pico-sdk/src/rp2_common/pico_stdio_usb/reset_interface.c.o
 .text.resetd_xfer_cb
                0x10003c20        0x4 CMakeFiles/BlinkLed50ms.dir/home/portalgun/D-Space/pico-sdk/src/rp2_common/pico_stdio_usb/reset_interface.c.o
 .text.resetd_control_xfer_cb
                0x10003c24       0x50 CMakeFiles/BlinkLed50ms.dir/home/portalgun/D-Space/pico-sdk/src/rp2_common/pico_stdio_usb/reset_interface.c.o
 .text.tud_descriptor_bos_cb
                0x10003c74        0x8 CMakeFiles/BlinkLed50ms.dir/home/portalgun/D-Space/pico-sdk/src/rp2_common/pico_stdio_usb/reset_interface.c.o
                0x10003c74                tud_descriptor_bos_cb
 .text.tud_vendor_control_xfer_cb
                0x10003c7c       0x28 CMakeFiles/BlinkLed50ms.dir/home/portalgun/D-Space/pico-sdk/src/rp2_common/pico_stdio_usb/reset_interface.c.o
                0x10003c7c                tud_vendor_control_xfer_cb
 .text.usbd_app_driver_get_cb
                0x10003ca4       0x10 CMakeFiles/BlinkLed50ms.dir/home/portalgun/D-Space/pico-sdk/src/rp2_common/pico_stdio_usb/reset_interface.c.o
                0x10003ca4                usbd_app_driver_get_cb
 .text.tud_cdc_line_coding_cb
                0x10003cb4       0x18 CMakeFiles/BlinkLed50ms.dir/home/portalgun/D-Space/pico-sdk/src/rp2_common/pico_stdio_usb/reset_interface.c.o
                0x10003cb4                tud_cdc_line_coding_cb
 .text.stdio_usb_set_chars_available_callback
                0x10003ccc       0x14 CMakeFiles/BlinkLed50ms.dir/home/portalgun/D-Space/pico-sdk/src/rp2_common/pico_stdio_usb/stdio_usb.c.o
                0x10003ccc                stdio_usb_set_chars_available_callback
 .text.timer_task
                0x10003ce0       0x70 CMakeFiles/BlinkLed50ms.dir/home/portalgun/D-Space/pico-sdk/src/rp2_common/pico_stdio_usb/stdio_usb.c.o
 .text.usb_irq  0x10003d50        0xc CMakeFiles/BlinkLed50ms.dir/home/portalgun/D-Space/pico-sdk/src/rp2_common/pico_stdio_usb/stdio_usb.c.o
 .text.stdio_usb_in_chars
                0x10003d5c       0x88 CMakeFiles/BlinkLed50ms.dir/home/portalgun/D-Space/pico-sdk/src/rp2_common/pico_stdio_usb/stdio_usb.c.o
                0x10003d5c                stdio_usb_in_chars
 .text.stdio_usb_out_flush
                0x10003de4       0x54 CMakeFiles/BlinkLed50ms.dir/home/portalgun/D-Space/pico-sdk/src/rp2_common/pico_stdio_usb/stdio_usb.c.o
 .text.stdio_usb_out_chars
                0x10003e38       0xf4 CMakeFiles/BlinkLed50ms.dir/home/portalgun/D-Space/pico-sdk/src/rp2_common/pico_stdio_usb/stdio_usb.c.o
 .text.low_priority_worker_irq
                0x10003f2c       0xd8 CMakeFiles/BlinkLed50ms.dir/home/portalgun/D-Space/pico-sdk/src/rp2_common/pico_stdio_usb/stdio_usb.c.o
 .text.stdio_usb_init
                0x10004004       0xe4 CMakeFiles/BlinkLed50ms.dir/home/portalgun/D-Space/pico-sdk/src/rp2_common/pico_stdio_usb/stdio_usb.c.o
                0x10004004                stdio_usb_init
 .text.tud_descriptor_device_cb
                0x100040e8        0x8 CMakeFiles/BlinkLed50ms.dir/home/portalgun/D-Space/pico-sdk/src/rp2_common/pico_stdio_usb/stdio_usb_descriptors.c.o
                0x100040e8                tud_descriptor_device_cb
 .text.tud_descriptor_configuration_cb
                0x100040f0        0x8 CMakeFiles/BlinkLed50ms.dir/home/portalgun/D-Space/pico-sdk/src/rp2_common/pico_stdio_usb/stdio_usb_descriptors.c.o
                0x100040f0                tud_descriptor_configuration_cb
 .text.tud_descriptor_string_cb
                0x100040f8       0x70 CMakeFiles/BlinkLed50ms.dir/home/portalgun/D-Space/pico-sdk/src/rp2_common/pico_stdio_usb/stdio_usb_descriptors.c.o
                0x100040f8                tud_descriptor_string_cb
 .text.startup._retrieve_unique_id_on_boot
                0x10004168       0x30 CMakeFiles/BlinkLed50ms.dir/home/portalgun/D-Space/pico-sdk/src/rp2_common/pico_unique_id/unique_id.c.o
 .text.pico_get_unique_board_id_string
                0x10004198      0x184 CMakeFiles/BlinkLed50ms.dir/home/portalgun/D-Space/pico-sdk/src/rp2_common/pico_unique_id/unique_id.c.o
                0x10004198                pico_get_unique_board_id_string
 .text.dcd_init
                0x1000431c       0x90 CMakeFiles/BlinkLed50ms.dir/home/portalgun/D-Space/pico-sdk/lib/tinyusb/src/portable/raspberrypi/rp2040/dcd_rp2040.c.o
                0x1000431c                dcd_init
 .text.dcd_int_enable
                0x100043ac        0x8 CMakeFiles/BlinkLed50ms.dir/home/portalgun/D-Space/pico-sdk/lib/tinyusb/src/portable/raspberrypi/rp2040/dcd_rp2040.c.o
                0x100043ac                dcd_int_enable
 .text.dcd_set_address
                0x100043b4       0x10 CMakeFiles/BlinkLed50ms.dir/home/portalgun/D-Space/pico-sdk/lib/tinyusb/src/portable/raspberrypi/rp2040/dcd_rp2040.c.o
                0x100043b4                dcd_set_address
 .text.dcd_sof_enable
                0x100043c4       0x1c CMakeFiles/BlinkLed50ms.dir/home/portalgun/D-Space/pico-sdk/lib/tinyusb/src/portable/raspberrypi/rp2040/dcd_rp2040.c.o
                0x100043c4                dcd_sof_enable
 .text.dcd_edpt0_status_complete
                0x100043e0       0x1c CMakeFiles/BlinkLed50ms.dir/home/portalgun/D-Space/pico-sdk/lib/tinyusb/src/portable/raspberrypi/rp2040/dcd_rp2040.c.o
                0x100043e0                dcd_edpt0_status_complete
 .text.dcd_edpt_open
                0x100043fc       0xf8 CMakeFiles/BlinkLed50ms.dir/home/portalgun/D-Space/pico-sdk/lib/tinyusb/src/portable/raspberrypi/rp2040/dcd_rp2040.c.o
                0x100043fc                dcd_edpt_open
 .text.dcd_edpt_close_all
                0x100044f4        0x4 CMakeFiles/BlinkLed50ms.dir/home/portalgun/D-Space/pico-sdk/lib/tinyusb/src/portable/raspberrypi/rp2040/dcd_rp2040.c.o
                0x100044f4                dcd_edpt_close_all
 .text.dcd_edpt_xfer
                0x100044f8       0x28 CMakeFiles/BlinkLed50ms.dir/home/portalgun/D-Space/pico-sdk/lib/tinyusb/src/portable/raspberrypi/rp2040/dcd_rp2040.c.o
                0x100044f8                dcd_edpt_xfer
 .text.dcd_edpt_stall
                0x10004520       0x2c CMakeFiles/BlinkLed50ms.dir/home/portalgun/D-Space/pico-sdk/lib/tinyusb/src/portable/raspberrypi/rp2040/dcd_rp2040.c.o
                0x10004520                dcd_edpt_stall
 .text.dcd_edpt_clear_stall
                0x1000454c       0x2c CMakeFiles/BlinkLed50ms.dir/home/portalgun/D-Space/pico-sdk/lib/tinyusb/src/portable/raspberrypi/rp2040/dcd_rp2040.c.o
                0x1000454c                dcd_edpt_clear_stall
 .text.rp2040_usb_init
                0x10004578       0x40 CMakeFiles/BlinkLed50ms.dir/home/portalgun/D-Space/pico-sdk/lib/tinyusb/src/portable/raspberrypi/rp2040/rp2040_usb.c.o
                0x10004578                rp2040_usb_init
 .text.hw_endpoint_xfer_start
                0x100045b8       0x40 CMakeFiles/BlinkLed50ms.dir/home/portalgun/D-Space/pico-sdk/lib/tinyusb/src/portable/raspberrypi/rp2040/rp2040_usb.c.o
                0x100045b8                hw_endpoint_xfer_start
 .text.configuration_reset
                0x100045f8       0x8c CMakeFiles/BlinkLed50ms.dir/home/portalgun/D-Space/pico-sdk/lib/tinyusb/src/device/usbd.c.o
 .text.tud_event_hook_cb
                0x10004684        0x4 CMakeFiles/BlinkLed50ms.dir/home/portalgun/D-Space/pico-sdk/lib/tinyusb/src/device/usbd.c.o
                0x10004684                tud_event_hook_cb
 .text.tud_sof_cb
                0x10004688        0x4 CMakeFiles/BlinkLed50ms.dir/home/portalgun/D-Space/pico-sdk/lib/tinyusb/src/device/usbd.c.o
                0x10004688                tud_sof_cb
 .text.tud_descriptor_device_qualifier_cb
                0x1000468c        0x4 CMakeFiles/BlinkLed50ms.dir/home/portalgun/D-Space/pico-sdk/lib/tinyusb/src/device/usbd.c.o
                0x1000468c                tud_descriptor_device_qualifier_cb
 .text.tud_descriptor_other_speed_configuration_cb
                0x10004690        0x4 CMakeFiles/BlinkLed50ms.dir/home/portalgun/D-Space/pico-sdk/lib/tinyusb/src/device/usbd.c.o
                0x10004690                tud_descriptor_other_speed_configuration_cb
 .text.tud_mount_cb
                0x10004694        0x4 CMakeFiles/BlinkLed50ms.dir/home/portalgun/D-Space/pico-sdk/lib/tinyusb/src/device/usbd.c.o
                0x10004694                tud_mount_cb
 .text.tud_umount_cb
                0x10004698        0x4 CMakeFiles/BlinkLed50ms.dir/home/portalgun/D-Space/pico-sdk/lib/tinyusb/src/device/usbd.c.o
                0x10004698                tud_umount_cb
 .text.tud_suspend_cb
                0x1000469c        0x4 CMakeFiles/BlinkLed50ms.dir/home/portalgun/D-Space/pico-sdk/lib/tinyusb/src/device/usbd.c.o
                0x1000469c                tud_suspend_cb
 .text.tud_resume_cb
                0x100046a0        0x4 CMakeFiles/BlinkLed50ms.dir/home/portalgun/D-Space/pico-sdk/lib/tinyusb/src/device/usbd.c.o
                0x100046a0                tud_resume_cb
 .text.tud_mounted
                0x100046a4       0x10 CMakeFiles/BlinkLed50ms.dir/home/portalgun/D-Space/pico-sdk/lib/tinyusb/src/device/usbd.c.o
                0x100046a4                tud_mounted
 .text.tud_suspended
                0x100046b4       0x10 CMakeFiles/BlinkLed50ms.dir/home/portalgun/D-Space/pico-sdk/lib/tinyusb/src/device/usbd.c.o
                0x100046b4                tud_suspended
 .text.tud_init
                0x100046c4       0xe8 CMakeFiles/BlinkLed50ms.dir/home/portalgun/D-Space/pico-sdk/lib/tinyusb/src/device/usbd.c.o
                0x100046c4                tud_init
 .text.tud_task_ext
                0x100047ac      0x784 CMakeFiles/BlinkLed50ms.dir/home/portalgun/D-Space/pico-sdk/lib/tinyusb/src/device/usbd.c.o
                0x100047ac                tud_task_ext
 .text.usbd_open_edpt_pair
                0x10004f30       0x9c CMakeFiles/BlinkLed50ms.dir/home/portalgun/D-Space/pico-sdk/lib/tinyusb/src/device/usbd.c.o
                0x10004f30                usbd_open_edpt_pair
 .text.usbd_edpt_open
                0x10004fcc       0x44 CMakeFiles/BlinkLed50ms.dir/home/portalgun/D-Space/pico-sdk/lib/tinyusb/src/device/usbd.c.o
                0x10004fcc                usbd_edpt_open
 .text.usbd_edpt_claim
                0x10005010       0x24 CMakeFiles/BlinkLed50ms.dir/home/portalgun/D-Space/pico-sdk/lib/tinyusb/src/device/usbd.c.o
                0x10005010                usbd_edpt_claim
 .text.usbd_edpt_release
                0x10005034       0x24 CMakeFiles/BlinkLed50ms.dir/home/portalgun/D-Space/pico-sdk/lib/tinyusb/src/device/usbd.c.o
                0x10005034                usbd_edpt_release
 .text.usbd_edpt_xfer
                0x10005058       0x70 CMakeFiles/BlinkLed50ms.dir/home/portalgun/D-Space/pico-sdk/lib/tinyusb/src/device/usbd.c.o
                0x10005058                usbd_edpt_xfer
 .text.tud_control_status
                0x100050c8       0x34 CMakeFiles/BlinkLed50ms.dir/home/portalgun/D-Space/pico-sdk/lib/tinyusb/src/device/usbd_control.c.o
                0x100050c8                tud_control_status
 .text.tud_control_xfer
                0x100050fc       0xac CMakeFiles/BlinkLed50ms.dir/home/portalgun/D-Space/pico-sdk/lib/tinyusb/src/device/usbd_control.c.o
                0x100050fc                tud_control_xfer
 .text.usbd_control_reset
                0x100051a8       0x14 CMakeFiles/BlinkLed50ms.dir/home/portalgun/D-Space/pico-sdk/lib/tinyusb/src/device/usbd_control.c.o
                0x100051a8                usbd_control_reset
 .text.usbd_control_set_complete_callback
                0x100051bc        0xc CMakeFiles/BlinkLed50ms.dir/home/portalgun/D-Space/pico-sdk/lib/tinyusb/src/device/usbd_control.c.o
                0x100051bc                usbd_control_set_complete_callback
 .text.usbd_control_set_request
                0x100051c8       0x1c CMakeFiles/BlinkLed50ms.dir/home/portalgun/D-Space/pico-sdk/lib/tinyusb/src/device/usbd_control.c.o
                0x100051c8                usbd_control_set_request
 .text.usbd_control_xfer_cb
                0x100051e4       0xfc CMakeFiles/BlinkLed50ms.dir/home/portalgun/D-Space/pico-sdk/lib/tinyusb/src/device/usbd_control.c.o
                0x100051e4                usbd_control_xfer_cb
 .text._prep_out_transaction.isra.0
                0x100052e0       0x60 CMakeFiles/BlinkLed50ms.dir/home/portalgun/D-Space/pico-sdk/lib/tinyusb/src/class/cdc/cdc_device.c.o
 .text.tud_cdc_n_connected
                0x10005340       0x2c CMakeFiles/BlinkLed50ms.dir/home/portalgun/D-Space/pico-sdk/lib/tinyusb/src/class/cdc/cdc_device.c.o
                0x10005340                tud_cdc_n_connected
 .text.tud_cdc_n_available
                0x1000536c       0x18 CMakeFiles/BlinkLed50ms.dir/home/portalgun/D-Space/pico-sdk/lib/tinyusb/src/class/cdc/cdc_device.c.o
                0x1000536c                tud_cdc_n_available
 .text.tud_cdc_n_read
                0x10005384       0x90 CMakeFiles/BlinkLed50ms.dir/home/portalgun/D-Space/pico-sdk/lib/tinyusb/src/class/cdc/cdc_device.c.o
                0x10005384                tud_cdc_n_read
 .text.tud_cdc_n_write_flush
                0x10005414       0x8c CMakeFiles/BlinkLed50ms.dir/home/portalgun/D-Space/pico-sdk/lib/tinyusb/src/class/cdc/cdc_device.c.o
                0x10005414                tud_cdc_n_write_flush
 .text.tud_cdc_n_write
                0x100054a0       0x40 CMakeFiles/BlinkLed50ms.dir/home/portalgun/D-Space/pico-sdk/lib/tinyusb/src/class/cdc/cdc_device.c.o
                0x100054a0                tud_cdc_n_write
 .text.tud_cdc_n_write_available
                0x100054e0       0x18 CMakeFiles/BlinkLed50ms.dir/home/portalgun/D-Space/pico-sdk/lib/tinyusb/src/class/cdc/cdc_device.c.o
                0x100054e0                tud_cdc_n_write_available
 .text.cdcd_init
                0x100054f8       0x78 CMakeFiles/BlinkLed50ms.dir/home/portalgun/D-Space/pico-sdk/lib/tinyusb/src/class/cdc/cdc_device.c.o
                0x100054f8                cdcd_init
 .text.cdcd_deinit
                0x10005570       0x2c CMakeFiles/BlinkLed50ms.dir/home/portalgun/D-Space/pico-sdk/lib/tinyusb/src/class/cdc/cdc_device.c.o
                0x10005570                cdcd_deinit
 .text.cdcd_reset
                0x1000559c       0x4c CMakeFiles/BlinkLed50ms.dir/home/portalgun/D-Space/pico-sdk/lib/tinyusb/src/class/cdc/cdc_device.c.o
                0x1000559c                cdcd_reset
 .text.cdcd_open
                0x100055e8       0xb4 CMakeFiles/BlinkLed50ms.dir/home/portalgun/D-Space/pico-sdk/lib/tinyusb/src/class/cdc/cdc_device.c.o
                0x100055e8                cdcd_open
 .text.cdcd_control_xfer_cb
                0x1000569c       0xc4 CMakeFiles/BlinkLed50ms.dir/home/portalgun/D-Space/pico-sdk/lib/tinyusb/src/class/cdc/cdc_device.c.o
                0x1000569c                cdcd_control_xfer_cb
 .text.cdcd_xfer_cb
                0x10005760       0xfc CMakeFiles/BlinkLed50ms.dir/home/portalgun/D-Space/pico-sdk/lib/tinyusb/src/class/cdc/cdc_device.c.o
                0x10005760                cdcd_xfer_cb
 .text.vendord_init
                0x1000585c       0x5c CMakeFiles/BlinkLed50ms.dir/home/portalgun/D-Space/pico-sdk/lib/tinyusb/src/class/vendor/vendor_device.c.o
                0x1000585c                vendord_init
 .text.vendord_deinit
                0x100058b8       0x1c CMakeFiles/BlinkLed50ms.dir/home/portalgun/D-Space/pico-sdk/lib/tinyusb/src/class/vendor/vendor_device.c.o
                0x100058b8                vendord_deinit
 .text.vendord_reset
                0x100058d4       0x20 CMakeFiles/BlinkLed50ms.dir/home/portalgun/D-Space/pico-sdk/lib/tinyusb/src/class/vendor/vendor_device.c.o
                0x100058d4                vendord_reset
 .text.vendord_open
                0x100058f4      0x108 CMakeFiles/BlinkLed50ms.dir/home/portalgun/D-Space/pico-sdk/lib/tinyusb/src/class/vendor/vendor_device.c.o
                0x100058f4                vendord_open
 .text.vendord_xfer_cb
                0x100059fc       0x88 CMakeFiles/BlinkLed50ms.dir/home/portalgun/D-Space/pico-sdk/lib/tinyusb/src/class/vendor/vendor_device.c.o
                0x100059fc                vendord_xfer_cb
 .text.tusb_init
                0x10005a84       0x1c CMakeFiles/BlinkLed50ms.dir/home/portalgun/D-Space/pico-sdk/lib/tinyusb/src/tusb.c.o
                0x10005a84                tusb_init
 .text.tu_edpt_claim
                0x10005aa0       0x54 CMakeFiles/BlinkLed50ms.dir/home/portalgun/D-Space/pico-sdk/lib/tinyusb/src/tusb.c.o
                0x10005aa0                tu_edpt_claim
 .text.tu_edpt_release
                0x10005af4       0x38 CMakeFiles/BlinkLed50ms.dir/home/portalgun/D-Space/pico-sdk/lib/tinyusb/src/tusb.c.o
                0x10005af4                tu_edpt_release
 .text.tu_edpt_validate
                0x10005b2c       0x64 CMakeFiles/BlinkLed50ms.dir/home/portalgun/D-Space/pico-sdk/lib/tinyusb/src/tusb.c.o
                0x10005b2c                tu_edpt_validate
 .text.tu_edpt_bind_driver
                0x10005b90       0x58 CMakeFiles/BlinkLed50ms.dir/home/portalgun/D-Space/pico-sdk/lib/tinyusb/src/tusb.c.o
                0x10005b90                tu_edpt_bind_driver
 .text.tu_edpt_stream_init
                0x10005be8       0x58 CMakeFiles/BlinkLed50ms.dir/home/portalgun/D-Space/pico-sdk/lib/tinyusb/src/tusb.c.o
                0x10005be8                tu_edpt_stream_init
 .text.tu_edpt_stream_deinit
                0x10005c40        0x4 CMakeFiles/BlinkLed50ms.dir/home/portalgun/D-Space/pico-sdk/lib/tinyusb/src/tusb.c.o
                0x10005c40                tu_edpt_stream_deinit
 .text.tu_edpt_stream_write_zlp_if_needed
                0x10005c44       0x68 CMakeFiles/BlinkLed50ms.dir/home/portalgun/D-Space/pico-sdk/lib/tinyusb/src/tusb.c.o
                0x10005c44                tu_edpt_stream_write_zlp_if_needed
 .text.tu_edpt_stream_write_xfer
                0x10005cac       0x70 CMakeFiles/BlinkLed50ms.dir/home/portalgun/D-Space/pico-sdk/lib/tinyusb/src/tusb.c.o
                0x10005cac                tu_edpt_stream_write_xfer
 .text.tu_edpt_stream_read_xfer
                0x10005d1c       0xd0 CMakeFiles/BlinkLed50ms.dir/home/portalgun/D-Space/pico-sdk/lib/tinyusb/src/tusb.c.o
                0x10005d1c                tu_edpt_stream_read_xfer
 .text.tu_fifo_config
                0x10005dec       0x60 CMakeFiles/BlinkLed50ms.dir/home/portalgun/D-Space/pico-sdk/lib/tinyusb/src/common/tusb_fifo.c.o
                0x10005dec                tu_fifo_config
 .text.tu_fifo_count
                0x10005e4c       0x20 CMakeFiles/BlinkLed50ms.dir/home/portalgun/D-Space/pico-sdk/lib/tinyusb/src/common/tusb_fifo.c.o
                0x10005e4c                tu_fifo_count
 .text.tu_fifo_empty
                0x10005e6c       0x14 CMakeFiles/BlinkLed50ms.dir/home/portalgun/D-Space/pico-sdk/lib/tinyusb/src/common/tusb_fifo.c.o
                0x10005e6c                tu_fifo_empty
 .text.tu_fifo_remaining
                0x10005e80       0x24 CMakeFiles/BlinkLed50ms.dir/home/portalgun/D-Space/pico-sdk/lib/tinyusb/src/common/tusb_fifo.c.o
                0x10005e80                tu_fifo_remaining
 .text.tu_fifo_read
                0x10005ea4       0x94 CMakeFiles/BlinkLed50ms.dir/home/portalgun/D-Space/pico-sdk/lib/tinyusb/src/common/tusb_fifo.c.o
                0x10005ea4                tu_fifo_read
 .text.tu_fifo_read_n
                0x10005f38       0xd8 CMakeFiles/BlinkLed50ms.dir/home/portalgun/D-Space/pico-sdk/lib/tinyusb/src/common/tusb_fifo.c.o
                0x10005f38                tu_fifo_read_n
 .text.tu_fifo_write
                0x10006010       0xa0 CMakeFiles/BlinkLed50ms.dir/home/portalgun/D-Space/pico-sdk/lib/tinyusb/src/common/tusb_fifo.c.o
                0x10006010                tu_fifo_write
 .text.tu_fifo_write_n
                0x100060b0      0x158 CMakeFiles/BlinkLed50ms.dir/home/portalgun/D-Space/pico-sdk/lib/tinyusb/src/common/tusb_fifo.c.o
                0x100060b0                tu_fifo_write_n
 .text.tu_fifo_clear
                0x10006208       0x38 CMakeFiles/BlinkLed50ms.dir/home/portalgun/D-Space/pico-sdk/lib/tinyusb/src/common/tusb_fifo.c.o
                0x10006208                tu_fifo_clear
 .text.tu_fifo_set_overwritable
                0x10006240       0x3c CMakeFiles/BlinkLed50ms.dir/home/portalgun/D-Space/pico-sdk/lib/tinyusb/src/common/tusb_fifo.c.o
                0x10006240                tu_fifo_set_overwritable
 .text.pvPortMalloc
                0x1000627c      0x114 CMakeFiles/BlinkLed50ms.dir/home/portalgun/D-Space/FreeRTOS-Kernel/portable/MemMang/heap_4.c.o
                0x1000627c                pvPortMalloc
 .text.vPortFree
                0x10006390       0xa4 CMakeFiles/BlinkLed50ms.dir/home/portalgun/D-Space/FreeRTOS-Kernel/portable/MemMang/heap_4.c.o
                0x10006390                vPortFree
 .text.vPortGetHeapStats
                0x10006434       0x88 CMakeFiles/BlinkLed50ms.dir/home/portalgun/D-Space/FreeRTOS-Kernel/portable/MemMang/heap_4.c.o
                0x10006434                vPortGetHeapStats
 .text.prvTaskExitError
                0x100064bc       0x18 CMakeFiles/BlinkLed50ms.dir/home/portalgun/D-Space/FreeRTOS-Kernel/portable/ThirdParty/GCC/RP2350_ARM_NTZ/non_secure/port.c.o
 .text.SysTick_Handler
                0x100064d4       0x24 CMakeFiles/BlinkLed50ms.dir/home/portalgun/D-Space/FreeRTOS-Kernel/portable/ThirdParty/GCC/RP2350_ARM_NTZ/non_secure/port.c.o
                0x100064d4                SysTick_Handler
 .text.prvDoorbellInterruptHandler
                0x100064f8       0x90 CMakeFiles/BlinkLed50ms.dir/home/portalgun/D-Space/FreeRTOS-Kernel/portable/ThirdParty/GCC/RP2350_ARM_NTZ/non_secure/port.c.o
 .text.vPortSuppressTicksAndSleep
                0x10006588      0x100 CMakeFiles/BlinkLed50ms.dir/home/portalgun/D-Space/FreeRTOS-Kernel/portable/ThirdParty/GCC/RP2350_ARM_NTZ/non_secure/port.c.o
                0x10006588                vPortSuppressTicksAndSleep
 .text.vPortSetupTimerInterrupt
                0x10006688       0x4c CMakeFiles/BlinkLed50ms.dir/home/portalgun/D-Space/FreeRTOS-Kernel/portable/ThirdParty/GCC/RP2350_ARM_NTZ/non_secure/port.c.o
                0x10006688                vPortSetupTimerInterrupt
 .text.vPortYield
                0x100066d4       0x18 CMakeFiles/BlinkLed50ms.dir/home/portalgun/D-Space/FreeRTOS-Kernel/portable/ThirdParty/GCC/RP2350_ARM_NTZ/non_secure/port.c.o
                0x100066d4                vPortYield
 .text.vPortEnterCritical
                0x100066ec       0x1c CMakeFiles/BlinkLed50ms.dir/home/portalgun/D-Space/FreeRTOS-Kernel/portable/ThirdParty/GCC/RP2350_ARM_NTZ/non_secure/port.c.o
                0x100066ec                vPortEnterCritical
 .text.vPortExitCritical
                0x10006708       0x18 CMakeFiles/BlinkLed50ms.dir/home/portalgun/D-Space/FreeRTOS-Kernel/portable/ThirdParty/GCC/RP2350_ARM_NTZ/non_secure/port.c.o
                0x10006708                vPortExitCritical
 .text.vPortSVCHandler_C
                0x10006720       0x2c CMakeFiles/BlinkLed50ms.dir/home/portalgun/D-Space/FreeRTOS-Kernel/portable/ThirdParty/GCC/RP2350_ARM_NTZ/non_secure/port.c.o
                0x10006720                vPortSVCHandler_C
 .text.pxPortInitialiseStack
                0x1000674c       0x78 CMakeFiles/BlinkLed50ms.dir/home/portalgun/D-Space/FreeRTOS-Kernel/portable/ThirdParty/GCC/RP2350_ARM_NTZ/non_secure/port.c.o
                0x1000674c                pxPortInitialiseStack
 .text.xPortStartScheduler
                0x100067c4      0x11c CMakeFiles/BlinkLed50ms.dir/home/portalgun/D-Space/FreeRTOS-Kernel/portable/ThirdParty/GCC/RP2350_ARM_NTZ/non_secure/port.c.o
                0x100067c4                xPortStartScheduler
 .text.vPortValidateInterruptPriority
                0x100068e0       0x14 CMakeFiles/BlinkLed50ms.dir/home/portalgun/D-Space/FreeRTOS-Kernel/portable/ThirdParty/GCC/RP2350_ARM_NTZ/non_secure/port.c.o
                0x100068e0                vPortValidateInterruptPriority
 .text.ulPortLockGetCurrentOwnerId
                0x100068f4       0x28 CMakeFiles/BlinkLed50ms.dir/home/portalgun/D-Space/FreeRTOS-Kernel/portable/ThirdParty/GCC/RP2350_ARM_NTZ/non_secure/port.c.o
                0x100068f4                ulPortLockGetCurrentOwnerId
 .text.vPortLockInternalSpinUnlockWithWait
                0x1000691c       0x6c CMakeFiles/BlinkLed50ms.dir/home/portalgun/D-Space/FreeRTOS-Kernel/portable/ThirdParty/GCC/RP2350_ARM_NTZ/non_secure/port.c.o
                0x1000691c                vPortLockInternalSpinUnlockWithWait
 .text.vPortLockInternalSpinUnlockWithNotify
                0x10006988       0xf8 CMakeFiles/BlinkLed50ms.dir/home/portalgun/D-Space/FreeRTOS-Kernel/portable/ThirdParty/GCC/RP2350_ARM_NTZ/non_secure/port.c.o
                0x10006988                vPortLockInternalSpinUnlockWithNotify
 .text.xPortLockInternalSpinUnlockWithBestEffortWaitOrTimeout
                0x10006a80       0xec CMakeFiles/BlinkLed50ms.dir/home/portalgun/D-Space/FreeRTOS-Kernel/portable/ThirdParty/GCC/RP2350_ARM_NTZ/non_secure/port.c.o
                0x10006a80                xPortLockInternalSpinUnlockWithBestEffortWaitOrTimeout
 .text.startup.prvRuntimeInitializer
                0x10006b6c       0x24 CMakeFiles/BlinkLed50ms.dir/home/portalgun/D-Space/FreeRTOS-Kernel/portable/ThirdParty/GCC/RP2350_ARM_NTZ/non_secure/port.c.o
 .text.vRestoreContextOfFirstTask
                0x10006b90       0x2c CMakeFiles/BlinkLed50ms.dir/home/portalgun/D-Space/FreeRTOS-Kernel/portable/ThirdParty/GCC/RP2350_ARM_NTZ/non_secure/portasm.c.o
                0x10006b90                vRestoreContextOfFirstTask
 .text.vStartFirstTask
                0x10006bbc       0x10 CMakeFiles/BlinkLed50ms.dir/home/portalgun/D-Space/FreeRTOS-Kernel/portable/ThirdParty/GCC/RP2350_ARM_NTZ/non_secure/portasm.c.o
                0x10006bbc                vStartFirstTask
 .text.ulSetInterruptMask
                0x10006bcc       0x18 CMakeFiles/BlinkLed50ms.dir/home/portalgun/D-Space/FreeRTOS-Kernel/portable/ThirdParty/GCC/RP2350_ARM_NTZ/non_secure/portasm.c.o
                0x10006bcc                ulSetInterruptMask
 .text.vClearInterruptMask
                0x10006be4       0x10 CMakeFiles/BlinkLed50ms.dir/home/portalgun/D-Space/FreeRTOS-Kernel/portable/ThirdParty/GCC/RP2350_ARM_NTZ/non_secure/portasm.c.o
                0x10006be4                vClearInterruptMask
 .text.PendSV_Handler
                0x10006bf4       0x80 CMakeFiles/BlinkLed50ms.dir/home/portalgun/D-Space/FreeRTOS-Kernel/portable/ThirdParty/GCC/RP2350_ARM_NTZ/non_secure/portasm.c.o
                0x10006bf4                PendSV_Handler
 .text.SVC_Handler
                0x10006c74       0x18 CMakeFiles/BlinkLed50ms.dir/home/portalgun/D-Space/FreeRTOS-Kernel/portable/ThirdParty/GCC/RP2350_ARM_NTZ/non_secure/portasm.c.o
                0x10006c74                SVC_Handler
 .text.vEventGroupSetBitsCallback
                0x10006c8c       0x64 CMakeFiles/BlinkLed50ms.dir/home/portalgun/D-Space/FreeRTOS-Kernel/event_groups.c.o
                0x10006c8c                vEventGroupSetBitsCallback
 .text.xEventGroupCreate
                0x10006cf0       0x1c CMakeFiles/BlinkLed50ms.dir/home/portalgun/D-Space/FreeRTOS-Kernel/event_groups.c.o
                0x10006cf0                xEventGroupCreate
 .text.xEventGroupWaitBits
                0x10006d0c       0xb4 CMakeFiles/BlinkLed50ms.dir/home/portalgun/D-Space/FreeRTOS-Kernel/event_groups.c.o
                0x10006d0c                xEventGroupWaitBits
 .text.xEventGroupSetBits
                0x10006dc0       0x68 CMakeFiles/BlinkLed50ms.dir/home/portalgun/D-Space/FreeRTOS-Kernel/event_groups.c.o
                0x10006dc0                xEventGroupSetBits
 .text.xEventGroupSetBitsFromISR
                0x10006e28       0x1c CMakeFiles/BlinkLed50ms.dir/home/portalgun/D-Space/FreeRTOS-Kernel/event_groups.c.o
                0x10006e28                xEventGroupSetBitsFromISR
 .text.vListInitialise
                0x10006e44       0x18 CMakeFiles/BlinkLed50ms.dir/home/portalgun/D-Space/FreeRTOS-Kernel/list.c.o
                0x10006e44                vListInitialise
 .text.vListInitialiseItem
                0x10006e5c        0x8 CMakeFiles/BlinkLed50ms.dir/home/portalgun/D-Space/FreeRTOS-Kernel/list.c.o
                0x10006e5c                vListInitialiseItem
 .text.vListInsertEnd
                0x10006e64       0x1c CMakeFiles/BlinkLed50ms.dir/home/portalgun/D-Space/FreeRTOS-Kernel/list.c.o
                0x10006e64                vListInsertEnd
 .text.vListInsert
                0x10006e80       0x30 CMakeFiles/BlinkLed50ms.dir/home/portalgun/D-Space/FreeRTOS-Kernel/list.c.o
                0x10006e80                vListInsert
 .text.uxListRemove
                0x10006eb0       0x28 CMakeFiles/BlinkLed50ms.dir/home/portalgun/D-Space/FreeRTOS-Kernel/list.c.o
                0x10006eb0                uxListRemove
 .text.prvCopyDataToQueue
                0x10006ed8       0x78 CMakeFiles/BlinkLed50ms.dir/home/portalgun/D-Space/FreeRTOS-Kernel/queue.c.o
 .text.prvUnlockQueue
                0x10006f50      0x174 CMakeFiles/BlinkLed50ms.dir/home/portalgun/D-Space/FreeRTOS-Kernel/queue.c.o
 .text.prvNotifyQueueSetContainer
                0x100070c4       0x84 CMakeFiles/BlinkLed50ms.dir/home/portalgun/D-Space/FreeRTOS-Kernel/queue.c.o
 .text.xQueueGenericCreate
                0x10007148       0x80 CMakeFiles/BlinkLed50ms.dir/home/portalgun/D-Space/FreeRTOS-Kernel/queue.c.o
                0x10007148                xQueueGenericCreate
 .text.xQueueGenericSendFromISR
                0x100071c8       0x98 CMakeFiles/BlinkLed50ms.dir/home/portalgun/D-Space/FreeRTOS-Kernel/queue.c.o
                0x100071c8                xQueueGenericSendFromISR
 .text.xQueueReceive
                0x10007260       0xfc CMakeFiles/BlinkLed50ms.dir/home/portalgun/D-Space/FreeRTOS-Kernel/queue.c.o
                0x10007260                xQueueReceive
 .text.vQueueAddToRegistry
                0x1000735c      0x130 CMakeFiles/BlinkLed50ms.dir/home/portalgun/D-Space/FreeRTOS-Kernel/queue.c.o
                0x1000735c                vQueueAddToRegistry
 .text.vQueueWaitForMessageRestricted
                0x1000748c       0x50 CMakeFiles/BlinkLed50ms.dir/home/portalgun/D-Space/FreeRTOS-Kernel/queue.c.o
                0x1000748c                vQueueWaitForMessageRestricted
 .text.prvAddNewTaskToReadyList
                0x100074dc      0x128 CMakeFiles/BlinkLed50ms.dir/home/portalgun/D-Space/FreeRTOS-Kernel/tasks.c.o
 .text.xTaskIncrementTick.part.0
                0x10007604      0x184 CMakeFiles/BlinkLed50ms.dir/home/portalgun/D-Space/FreeRTOS-Kernel/tasks.c.o
 .text.xTaskCreate
                0x10007788      0x118 CMakeFiles/BlinkLed50ms.dir/home/portalgun/D-Space/FreeRTOS-Kernel/tasks.c.o
                0x10007788                xTaskCreate
 .text.vTaskDelete
                0x100078a0       0xe4 CMakeFiles/BlinkLed50ms.dir/home/portalgun/D-Space/FreeRTOS-Kernel/tasks.c.o
                0x100078a0                vTaskDelete
 .text.vTaskStartScheduler
                0x10007984       0xe4 CMakeFiles/BlinkLed50ms.dir/home/portalgun/D-Space/FreeRTOS-Kernel/tasks.c.o
                0x10007984                vTaskStartScheduler
 .text.vTaskSuspendAll
                0x10007a68       0x10 CMakeFiles/BlinkLed50ms.dir/home/portalgun/D-Space/FreeRTOS-Kernel/tasks.c.o
                0x10007a68                vTaskSuspendAll
 .text.xTaskResumeAll
                0x10007a78      0x180 CMakeFiles/BlinkLed50ms.dir/home/portalgun/D-Space/FreeRTOS-Kernel/tasks.c.o
                0x10007a78                xTaskResumeAll
 .text.vTaskDelay
                0x10007bf8       0xa4 CMakeFiles/BlinkLed50ms.dir/home/portalgun/D-Space/FreeRTOS-Kernel/tasks.c.o
                0x10007bf8                vTaskDelay
 .text.prvIdleTask
                0x10007c9c       0xe4 CMakeFiles/BlinkLed50ms.dir/home/portalgun/D-Space/FreeRTOS-Kernel/tasks.c.o
 .text.xTaskGetTickCount
                0x10007d80        0xc CMakeFiles/BlinkLed50ms.dir/home/portalgun/D-Space/FreeRTOS-Kernel/tasks.c.o
                0x10007d80                xTaskGetTickCount
 .text.uxTaskGetNumberOfTasks
                0x10007d8c        0xc CMakeFiles/BlinkLed50ms.dir/home/portalgun/D-Space/FreeRTOS-Kernel/tasks.c.o
                0x10007d8c                uxTaskGetNumberOfTasks
 .text.vTaskStepTick
                0x10007d98       0x40 CMakeFiles/BlinkLed50ms.dir/home/portalgun/D-Space/FreeRTOS-Kernel/tasks.c.o
                0x10007d98                vTaskStepTick
 .text.xTaskIncrementTick
                0x10007dd8       0x20 CMakeFiles/BlinkLed50ms.dir/home/portalgun/D-Space/FreeRTOS-Kernel/tasks.c.o
                0x10007dd8                xTaskIncrementTick
 .text.vTaskSwitchContext
                0x10007df8       0x5c CMakeFiles/BlinkLed50ms.dir/home/portalgun/D-Space/FreeRTOS-Kernel/tasks.c.o
                0x10007df8                vTaskSwitchContext
 .text.vTaskPlaceOnEventList
                0x10007e54       0xb8 CMakeFiles/BlinkLed50ms.dir/home/portalgun/D-Space/FreeRTOS-Kernel/tasks.c.o
                0x10007e54                vTaskPlaceOnEventList
 .text.vTaskPlaceOnUnorderedEventList
                0x10007f0c      0x100 CMakeFiles/BlinkLed50ms.dir/home/portalgun/D-Space/FreeRTOS-Kernel/tasks.c.o
                0x10007f0c                vTaskPlaceOnUnorderedEventList
 .text.vTaskPlaceOnEventListRestricted
                0x1000800c      0x134 CMakeFiles/BlinkLed50ms.dir/home/portalgun/D-Space/FreeRTOS-Kernel/tasks.c.o
                0x1000800c                vTaskPlaceOnEventListRestricted
 .text.xTaskRemoveFromEventList
                0x10008140      0x10c CMakeFiles/BlinkLed50ms.dir/home/portalgun/D-Space/FreeRTOS-Kernel/tasks.c.o
                0x10008140                xTaskRemoveFromEventList
 .text.vTaskRemoveFromUnorderedEventList
                0x1000824c       0xd0 CMakeFiles/BlinkLed50ms.dir/home/portalgun/D-Space/FreeRTOS-Kernel/tasks.c.o
                0x1000824c                vTaskRemoveFromUnorderedEventList
 .text.vTaskInternalSetTimeOutState
                0x1000831c       0x18 CMakeFiles/BlinkLed50ms.dir/home/portalgun/D-Space/FreeRTOS-Kernel/tasks.c.o
                0x1000831c                vTaskInternalSetTimeOutState
 .text.xTaskCheckForTimeOut
                0x10008334       0x78 CMakeFiles/BlinkLed50ms.dir/home/portalgun/D-Space/FreeRTOS-Kernel/tasks.c.o
                0x10008334                xTaskCheckForTimeOut
 .text.vTaskMissedYield
                0x100083ac        0xc CMakeFiles/BlinkLed50ms.dir/home/portalgun/D-Space/FreeRTOS-Kernel/tasks.c.o
                0x100083ac                vTaskMissedYield
 .text.eTaskConfirmSleepModeStatus
                0x100083b8       0x44 CMakeFiles/BlinkLed50ms.dir/home/portalgun/D-Space/FreeRTOS-Kernel/tasks.c.o
                0x100083b8                eTaskConfirmSleepModeStatus
 .text.vTaskGetInfo
                0x100083fc      0x12c CMakeFiles/BlinkLed50ms.dir/home/portalgun/D-Space/FreeRTOS-Kernel/tasks.c.o
                0x100083fc                vTaskGetInfo
 .text.uxTaskGetSystemState
                0x10008528      0x3c8 CMakeFiles/BlinkLed50ms.dir/home/portalgun/D-Space/FreeRTOS-Kernel/tasks.c.o
                0x10008528                uxTaskGetSystemState
 .text.uxTaskGetStackHighWaterMark
                0x100088f0       0x34 CMakeFiles/BlinkLed50ms.dir/home/portalgun/D-Space/FreeRTOS-Kernel/tasks.c.o
                0x100088f0                uxTaskGetStackHighWaterMark
 .text.xTaskGetCurrentTaskHandle
                0x10008924        0xc CMakeFiles/BlinkLed50ms.dir/home/portalgun/D-Space/FreeRTOS-Kernel/tasks.c.o
                0x10008924                xTaskGetCurrentTaskHandle
 .text.xTaskPriorityDisinherit
                0x10008930       0x94 CMakeFiles/BlinkLed50ms.dir/home/portalgun/D-Space/FreeRTOS-Kernel/tasks.c.o
                0x10008930                xTaskPriorityDisinherit
 .text.uxTaskResetEventItemValue
                0x100089c4       0x18 CMakeFiles/BlinkLed50ms.dir/home/portalgun/D-Space/FreeRTOS-Kernel/tasks.c.o
                0x100089c4                uxTaskResetEventItemValue
 .text.prvTimerTask
                0x100089dc      0x350 CMakeFiles/BlinkLed50ms.dir/home/portalgun/D-Space/FreeRTOS-Kernel/timers.c.o
 .text.xTimerCreateTimerTask
                0x10008d2c       0x84 CMakeFiles/BlinkLed50ms.dir/home/portalgun/D-Space/FreeRTOS-Kernel/timers.c.o
                0x10008d2c                xTimerCreateTimerTask
 .text.xTimerPendFunctionCallFromISR
                0x10008db0       0x30 CMakeFiles/BlinkLed50ms.dir/home/portalgun/D-Space/FreeRTOS-Kernel/timers.c.o
                0x10008db0                xTimerPendFunctionCallFromISR
 .text.exception_set_exclusive_handler
                0x10008de0       0x4c CMakeFiles/BlinkLed50ms.dir/home/portalgun/D-Space/pico-sdk/src/rp2_common/hardware_exception/exception.c.o
                0x10008de0                exception_set_exclusive_handler
 .text.multicore_doorbell_claim_unused
                0x10008e2c       0xf8 CMakeFiles/BlinkLed50ms.dir/home/portalgun/D-Space/pico-sdk/src/rp2_common/pico_multicore/multicore.c.o
                0x10008e2c                multicore_doorbell_claim_unused
 .text._ZdlPvj  0x10008f24        0x4 /usr/lib/gcc/arm-none-eabi/13.2.1/../../../arm-none-eabi/lib/thumb/v8-m.main+fp/softfp/libstdc++.a(del_ops.o)
                0x10008f24                operator delete(void*, unsigned int)
 .text.__cxa_end_cleanup
                0x10008f28        0xc /usr/lib/gcc/arm-none-eabi/13.2.1/../../../arm-none-eabi/lib/thumb/v8-m.main+fp/softfp/libstdc++.a(eh_arm.o)
                0x10008f28                __cxa_end_cleanup
 .text.__cxa_type_match
                0x10008f34       0xb0 /usr/lib/gcc/arm-none-eabi/13.2.1/../../../arm-none-eabi/lib/thumb/v8-m.main+fp/softfp/libstdc++.a(eh_arm.o)
                0x10008f34                __cxa_type_match
 .text.__cxa_begin_cleanup
                0x10008fe4       0x64 /usr/lib/gcc/arm-none-eabi/13.2.1/../../../arm-none-eabi/lib/thumb/v8-m.main+fp/softfp/libstdc++.a(eh_arm.o)
                0x10008fe4                __cxa_begin_cleanup
 .text.__gnu_end_cleanup
                0x10009048       0x70 /usr/lib/gcc/arm-none-eabi/13.2.1/../../../arm-none-eabi/lib/thumb/v8-m.main+fp/softfp/libstdc++.a(eh_arm.o)
                0x10009048                __gnu_end_cleanup
 .text._ZNSt13bad_exceptionD2Ev
                0x100090b8        0x4 /usr/lib/gcc/arm-none-eabi/13.2.1/../../../arm-none-eabi/lib/thumb/v8-m.main+fp/softfp/libstdc++.a(eh_exception.o)
                0x100090b8                std::bad_exception::~bad_exception()
                0x100090b8                std::bad_exception::~bad_exception()
 .text._ZNKSt13bad_exception4whatEv
                0x100090bc        0x8 /usr/lib/gcc/arm-none-eabi/13.2.1/../../../arm-none-eabi/lib/thumb/v8-m.main+fp/softfp/libstdc++.a(eh_exception.o)
                0x100090bc                transaction clone for std::bad_exception::what() const
                0x100090bc                std::bad_exception::what() const
 .text._ZNSt13bad_exceptionD0Ev
                0x100090c4       0x10 /usr/lib/gcc/arm-none-eabi/13.2.1/../../../arm-none-eabi/lib/thumb/v8-m.main+fp/softfp/libstdc++.a(eh_exception.o)
                0x100090c4                std::bad_exception::~bad_exception()
 .text.__cxa_get_globals_fast
                0x100090d4        0x8 /usr/lib/gcc/arm-none-eabi/13.2.1/../../../arm-none-eabi/lib/thumb/v8-m.main+fp/softfp/libstdc++.a(eh_globals.o)
                0x100090d4                __cxa_get_globals_fast
 .text.__cxa_get_globals
                0x100090dc        0x8 /usr/lib/gcc/arm-none-eabi/13.2.1/../../../arm-none-eabi/lib/thumb/v8-m.main+fp/softfp/libstdc++.a(eh_globals.o)
                0x100090dc                __cxa_get_globals
 .text._ZL28read_encoded_value_with_basehjPKhPj
                0x100090e4       0xc0 /usr/lib/gcc/arm-none-eabi/13.2.1/../../../arm-none-eabi/lib/thumb/v8-m.main+fp/softfp/libstdc++.a(eh_personality.o)
 .text._ZL21base_of_encoded_valuehP15_Unwind_Context
                0x100091a4       0x44 /usr/lib/gcc/arm-none-eabi/13.2.1/../../../arm-none-eabi/lib/thumb/v8-m.main+fp/softfp/libstdc++.a(eh_personality.o)
 .text._ZL17parse_lsda_headerP15_Unwind_ContextPKhP16lsda_header_info
                0x100091e8       0x90 /usr/lib/gcc/arm-none-eabi/13.2.1/../../../arm-none-eabi/lib/thumb/v8-m.main+fp/softfp/libstdc++.a(eh_personality.o)
 .text.__gxx_personality_v0
                0x10009278      0x424 /usr/lib/gcc/arm-none-eabi/13.2.1/../../../arm-none-eabi/lib/thumb/v8-m.main+fp/softfp/libstdc++.a(eh_personality.o)
                0x10009278                __gxx_personality_v0
 .text._ZN10__cxxabiv111__terminateEPFvvE
                0x1000969c       0x10 /usr/lib/gcc/arm-none-eabi/13.2.1/../../../arm-none-eabi/lib/thumb/v8-m.main+fp/softfp/libstdc++.a(eh_terminate.o)
                0x1000969c                __cxxabiv1::__terminate(void (*)())
 .text._ZSt9terminatev
                0x100096ac       0x10 /usr/lib/gcc/arm-none-eabi/13.2.1/../../../arm-none-eabi/lib/thumb/v8-m.main+fp/softfp/libstdc++.a(eh_terminate.o)
                0x100096ac                std::terminate()
 .text._ZN10__cxxabiv112__unexpectedEPFvvE
                0x100096bc        0x8 /usr/lib/gcc/arm-none-eabi/13.2.1/../../../arm-none-eabi/lib/thumb/v8-m.main+fp/softfp/libstdc++.a(eh_terminate.o)
                0x100096bc                __cxxabiv1::__unexpected(void (*)())
 .text._ZSt10unexpectedv
                0x100096c4       0x10 /usr/lib/gcc/arm-none-eabi/13.2.1/../../../arm-none-eabi/lib/thumb/v8-m.main+fp/softfp/libstdc++.a(eh_terminate.o)
                0x100096c4                std::unexpected()
 .text._ZSt13get_terminatev
                0x100096d4        0xc /usr/lib/gcc/arm-none-eabi/13.2.1/../../../arm-none-eabi/lib/thumb/v8-m.main+fp/softfp/libstdc++.a(eh_terminate.o)
                0x100096d4                std::get_terminate()
 .text._ZSt14get_unexpectedv
                0x100096e0        0xc /usr/lib/gcc/arm-none-eabi/13.2.1/../../../arm-none-eabi/lib/thumb/v8-m.main+fp/softfp/libstdc++.a(eh_terminate.o)
                0x100096e0                std::get_unexpected()
 .text._ZN10__cxxabiv120__si_class_type_infoD2Ev
                0x100096ec       0x14 /usr/lib/gcc/arm-none-eabi/13.2.1/../../../arm-none-eabi/lib/thumb/v8-m.main+fp/softfp/libstdc++.a(si_class_type_info.o)
                0x100096ec                __cxxabiv1::__si_class_type_info::~__si_class_type_info()
                0x100096ec                __cxxabiv1::__si_class_type_info::~__si_class_type_info()
 .text._ZN10__cxxabiv120__si_class_type_infoD0Ev
                0x10009700       0x1c /usr/lib/gcc/arm-none-eabi/13.2.1/../../../arm-none-eabi/lib/thumb/v8-m.main+fp/softfp/libstdc++.a(si_class_type_info.o)
                0x10009700                __cxxabiv1::__si_class_type_info::~__si_class_type_info()
 .text._ZNK10__cxxabiv120__si_class_type_info20__do_find_public_srcEiPKvPKNS_17__class_type_infoES2_
                0x1000971c       0x3c /usr/lib/gcc/arm-none-eabi/13.2.1/../../../arm-none-eabi/lib/thumb/v8-m.main+fp/softfp/libstdc++.a(si_class_type_info.o)
                0x1000971c                __cxxabiv1::__si_class_type_info::__do_find_public_src(int, void const*, __cxxabiv1::__class_type_info const*, void const*) const
 .text._ZNK10__cxxabiv120__si_class_type_info12__do_dyncastEiNS_17__class_type_info10__sub_kindEPKS1_PKvS4_S6_RNS1_16__dyncast_resultE
                0x10009758       0x84 /usr/lib/gcc/arm-none-eabi/13.2.1/../../../arm-none-eabi/lib/thumb/v8-m.main+fp/softfp/libstdc++.a(si_class_type_info.o)
                0x10009758                __cxxabiv1::__si_class_type_info::__do_dyncast(int, __cxxabiv1::__class_type_info::__sub_kind, __cxxabiv1::__class_type_info const*, void const*, __cxxabiv1::__class_type_info const*, void const*, __cxxabiv1::__class_type_info::__dyncast_result&) const
 .text._ZNK10__cxxabiv120__si_class_type_info11__do_upcastEPKNS_17__class_type_infoEPKvRNS1_15__upcast_resultE
                0x100097dc       0x2c /usr/lib/gcc/arm-none-eabi/13.2.1/../../../arm-none-eabi/lib/thumb/v8-m.main+fp/softfp/libstdc++.a(si_class_type_info.o)
                0x100097dc                __cxxabiv1::__si_class_type_info::__do_upcast(__cxxabiv1::__class_type_info const*, void const*, __cxxabiv1::__class_type_info::__upcast_result&) const
 .text._ZNSt9type_infoD2Ev
                0x10009808        0x4 /usr/lib/gcc/arm-none-eabi/13.2.1/../../../arm-none-eabi/lib/thumb/v8-m.main+fp/softfp/libstdc++.a(tinfo.o)
                0x10009808                std::type_info::~type_info()
                0x10009808                std::type_info::~type_info()
 .text._ZNKSt9type_info14__is_pointer_pEv
                0x1000980c        0x4 /usr/lib/gcc/arm-none-eabi/13.2.1/../../../arm-none-eabi/lib/thumb/v8-m.main+fp/softfp/libstdc++.a(tinfo.o)
                0x1000980c                std::type_info::__is_function_p() const
                0x1000980c                std::type_info::__is_pointer_p() const
 .text._ZNKSt9type_infoeqERKS_
                0x10009810       0x2c /usr/lib/gcc/arm-none-eabi/13.2.1/../../../arm-none-eabi/lib/thumb/v8-m.main+fp/softfp/libstdc++.a(tinfo.o)
                0x10009810                std::type_info::__equal(std::type_info const&) const
                0x10009810                std::type_info::operator==(std::type_info const&) const
 .text._ZNK10__cxxabiv117__class_type_info11__do_upcastEPKS0_PPv
                0x1000983c       0x38 /usr/lib/gcc/arm-none-eabi/13.2.1/../../../arm-none-eabi/lib/thumb/v8-m.main+fp/softfp/libstdc++.a(class_type_info.o)
                0x1000983c                __cxxabiv1::__class_type_info::__do_upcast(__cxxabiv1::__class_type_info const*, void**) const
 .text._ZNK10__cxxabiv117__class_type_info20__do_find_public_srcEiPKvPKS0_S2_
                0x10009874        0xc /usr/lib/gcc/arm-none-eabi/13.2.1/../../../arm-none-eabi/lib/thumb/v8-m.main+fp/softfp/libstdc++.a(class_type_info.o)
                0x10009874                __cxxabiv1::__class_type_info::__do_find_public_src(int, void const*, __cxxabiv1::__class_type_info const*, void const*) const
 .text._ZN10__cxxabiv117__class_type_infoD2Ev
                0x10009880       0x14 /usr/lib/gcc/arm-none-eabi/13.2.1/../../../arm-none-eabi/lib/thumb/v8-m.main+fp/softfp/libstdc++.a(class_type_info.o)
                0x10009880                __cxxabiv1::__class_type_info::~__class_type_info()
                0x10009880                __cxxabiv1::__class_type_info::~__class_type_info()
 .text._ZN10__cxxabiv117__class_type_infoD0Ev
                0x10009894       0x1c /usr/lib/gcc/arm-none-eabi/13.2.1/../../../arm-none-eabi/lib/thumb/v8-m.main+fp/softfp/libstdc++.a(class_type_info.o)
                0x10009894                __cxxabiv1::__class_type_info::~__class_type_info()
 .text._ZNK10__cxxabiv117__class_type_info12__do_dyncastEiNS0_10__sub_kindEPKS0_PKvS3_S5_RNS0_16__dyncast_resultE
                0x100098b0       0x44 /usr/lib/gcc/arm-none-eabi/13.2.1/../../../arm-none-eabi/lib/thumb/v8-m.main+fp/softfp/libstdc++.a(class_type_info.o)
                0x100098b0                __cxxabiv1::__class_type_info::__do_dyncast(int, __cxxabiv1::__class_type_info::__sub_kind, __cxxabiv1::__class_type_info const*, void const*, __cxxabiv1::__class_type_info const*, void const*, __cxxabiv1::__class_type_info::__dyncast_result&) const
 .text._ZNK10__cxxabiv117__class_type_info11__do_upcastEPKS0_PKvRNS0_15__upcast_resultE
                0x100098f4       0x1c /usr/lib/gcc/arm-none-eabi/13.2.1/../../../arm-none-eabi/lib/thumb/v8-m.main+fp/softfp/libstdc++.a(class_type_info.o)
                0x100098f4                __cxxabiv1::__class_type_info::__do_upcast(__cxxabiv1::__class_type_info const*, void const*, __cxxabiv1::__class_type_info::__upcast_result&) const
 .text._ZNK10__cxxabiv117__class_type_info10__do_catchEPKSt9type_infoPPvj
                0x10009910       0x2c /usr/lib/gcc/arm-none-eabi/13.2.1/../../../arm-none-eabi/lib/thumb/v8-m.main+fp/softfp/libstdc++.a(class_type_info.o)
                0x10009910                __cxxabiv1::__class_type_info::__do_catch(std::type_info const*, void**, unsigned int) const
 .text._ZdlPv   0x1000993c        0x4 /usr/lib/gcc/arm-none-eabi/13.2.1/../../../arm-none-eabi/lib/thumb/v8-m.main+fp/softfp/libstdc++.a(del_op.o)
                0x1000993c                operator delete(void*)
 .text._ZN10__cxxabiv1L24__is_gxx_exception_classEPc
                0x10009940       0x3c /usr/lib/gcc/arm-none-eabi/13.2.1/../../../arm-none-eabi/lib/thumb/v8-m.main+fp/softfp/libstdc++.a(eh_call.o)
 .text.__cxa_call_terminate
                0x1000997c       0x20 /usr/lib/gcc/arm-none-eabi/13.2.1/../../../arm-none-eabi/lib/thumb/v8-m.main+fp/softfp/libstdc++.a(eh_call.o)
                0x1000997c                __cxa_call_terminate
 .text.unlikely.__cxa_call_unexpected
                0x1000999c       0xd4 /usr/lib/gcc/arm-none-eabi/13.2.1/../../../arm-none-eabi/lib/thumb/v8-m.main+fp/softfp/libstdc++.a(eh_call.o)
                0x1000999c                __cxa_call_unexpected
 .text.__cxa_begin_catch
                0x10009a70       0x7c /usr/lib/gcc/arm-none-eabi/13.2.1/../../../arm-none-eabi/lib/thumb/v8-m.main+fp/softfp/libstdc++.a(eh_catch.o)
                0x10009a70                __cxa_begin_catch
 .text.__cxa_end_catch
                0x10009aec       0x88 /usr/lib/gcc/arm-none-eabi/13.2.1/../../../arm-none-eabi/lib/thumb/v8-m.main+fp/softfp/libstdc++.a(eh_catch.o)
                0x10009aec                __cxa_end_catch
 .text._ZL23__gxx_exception_cleanup19_Unwind_Reason_CodeP21_Unwind_Control_Block
                0x10009b74       0x3c /usr/lib/gcc/arm-none-eabi/13.2.1/../../../arm-none-eabi/lib/thumb/v8-m.main+fp/softfp/libstdc++.a(eh_throw.o)
 .text.__cxa_init_primary_exception
                0x10009bb0       0x44 /usr/lib/gcc/arm-none-eabi/13.2.1/../../../arm-none-eabi/lib/thumb/v8-m.main+fp/softfp/libstdc++.a(eh_throw.o)
                0x10009bb0                __cxa_init_primary_exception
 .text.__cxa_throw
                0x10009bf4       0x38 /usr/lib/gcc/arm-none-eabi/13.2.1/../../../arm-none-eabi/lib/thumb/v8-m.main+fp/softfp/libstdc++.a(eh_throw.o)
                0x10009bf4                __cxa_throw
 .text.__cxa_rethrow
                0x10009c2c       0x70 /usr/lib/gcc/arm-none-eabi/13.2.1/../../../arm-none-eabi/lib/thumb/v8-m.main+fp/softfp/libstdc++.a(eh_throw.o)
                0x10009c2c                __cxa_rethrow
 .text._ZN12_GLOBAL__N_14pool4freeEPv.constprop.0
                0x10009c9c       0x80 /usr/lib/gcc/arm-none-eabi/13.2.1/../../../arm-none-eabi/lib/thumb/v8-m.main+fp/softfp/libstdc++.a(eh_alloc.o)
 .text._ZN12_GLOBAL__N_14pool8allocateEj.constprop.0
                0x10009d1c       0x58 /usr/lib/gcc/arm-none-eabi/13.2.1/../../../arm-none-eabi/lib/thumb/v8-m.main+fp/softfp/libstdc++.a(eh_alloc.o)
 .text.__cxa_allocate_exception
                0x10009d74       0x30 /usr/lib/gcc/arm-none-eabi/13.2.1/../../../arm-none-eabi/lib/thumb/v8-m.main+fp/softfp/libstdc++.a(eh_alloc.o)
                0x10009d74                __cxa_allocate_exception
 .text.__cxa_free_exception
                0x10009da4       0x20 /usr/lib/gcc/arm-none-eabi/13.2.1/../../../arm-none-eabi/lib/thumb/v8-m.main+fp/softfp/libstdc++.a(eh_alloc.o)
                0x10009da4                __cxa_free_exception
 .text.startup._GLOBAL__sub_I__ZN9__gnu_cxx9__freeresEv
                0x10009dc4      0x100 /usr/lib/gcc/arm-none-eabi/13.2.1/../../../arm-none-eabi/lib/thumb/v8-m.main+fp/softfp/libstdc++.a(eh_alloc.o)
 .text          0x10009ec4       0x2c /usr/lib/gcc/arm-none-eabi/13.2.1/../../../arm-none-eabi/lib/thumb/v8-m.main+fp/softfp/libg.a(libc_a-getenv.o)
                0x10009ec4                _findenv
                0x10009ed4                getenv
 .text          0x10009ef0       0xa4 /usr/lib/gcc/arm-none-eabi/13.2.1/../../../arm-none-eabi/lib/thumb/v8-m.main+fp/softfp/libg.a(libc_a-memset.o)
                0x10009ef0                memset
 .text          0x10009f94       0xd0 /usr/lib/gcc/arm-none-eabi/13.2.1/../../../arm-none-eabi/lib/thumb/v8-m.main+fp/softfp/libg.a(libc_a-strchr.o)
                0x10009f94                strchr
 .text          0x1000a064      0x1bc /usr/lib/gcc/arm-none-eabi/13.2.1/../../../arm-none-eabi/lib/thumb/v8-m.main+fp/softfp/libg.a(libc_a-strcmp.o)
                0x1000a064                strcmp
 .text          0x1000a220      0x15c /usr/lib/gcc/arm-none-eabi/13.2.1/../../../arm-none-eabi/lib/thumb/v8-m.main+fp/softfp/libg.a(libc_a-strtoul.o)
                0x1000a348                _strtoul_r
                0x1000a34c                strtoul_l
                0x1000a364                strtoul
 .text          0x1000a37c        0xc /usr/lib/gcc/arm-none-eabi/13.2.1/../../../arm-none-eabi/lib/thumb/v8-m.main+fp/softfp/libg.a(libc_a-errno.o)
                0x1000a37c                __errno
 .text          0x1000a388       0x10 /usr/lib/gcc/arm-none-eabi/13.2.1/../../../arm-none-eabi/lib/thumb/v8-m.main+fp/softfp/libg.a(libc_a-abort.o)
                0x1000a388                abort
 .text          0x1000a398      0x548 /usr/lib/gcc/arm-none-eabi/13.2.1/../../../arm-none-eabi/lib/thumb/v8-m.main+fp/softfp/libg.a(libc_a-mallocr.o)
                0x1000a398                _malloc_r
 .text          0x1000a8e0      0x2b0 /usr/lib/gcc/arm-none-eabi/13.2.1/../../../arm-none-eabi/lib/thumb/v8-m.main+fp/softfp/libg.a(libc_a-freer.o)
                0x1000a8e0                _malloc_trim_r
                0x1000a998                _free_r
 .text          0x1000ab90       0x5c /usr/lib/gcc/arm-none-eabi/13.2.1/../../../arm-none-eabi/lib/thumb/v8-m.main+fp/softfp/libg.a(libc_a-memcmp.o)
                0x1000ab90                memcmp
 .text          0x1000abec       0x20 /usr/lib/gcc/arm-none-eabi/13.2.1/../../../arm-none-eabi/lib/thumb/v8-m.main+fp/softfp/libg.a(libc_a-malloc.o)
                0x1000abec                malloc
                0x1000abfc                free
 .text          0x1000ac0c       0xec /usr/lib/gcc/arm-none-eabi/13.2.1/../../../arm-none-eabi/lib/thumb/v8-m.main+fp/softfp/libg.a(libc_a-memcpy.o)
                0x1000ac0c                memcpy
 .text          0x1000acf8       0x1c /usr/lib/gcc/arm-none-eabi/13.2.1/../../../arm-none-eabi/lib/thumb/v8-m.main+fp/softfp/libg.a(libc_a-sysconf.o)
                0x1000acf8                sysconf
 .text          0x1000ad14       0x90 /usr/lib/gcc/arm-none-eabi/13.2.1/../../../arm-none-eabi/lib/thumb/v8-m.main+fp/softfp/libg.a(libc_a-getenv_r.o)
                0x1000ad14                _findenv_r
                0x1000ad94                _getenv_r
 .text          0x1000ada4        0x8 /usr/lib/gcc/arm-none-eabi/13.2.1/../../../arm-none-eabi/lib/thumb/v8-m.main+fp/softfp/libg.a(libc_a-mlock.o)
                0x1000ada4                __malloc_lock
                0x1000ada8                __malloc_unlock
 .text          0x1000adac        0xc /usr/lib/gcc/arm-none-eabi/13.2.1/../../../arm-none-eabi/lib/thumb/v8-m.main+fp/softfp/libg.a(libc_a-atexit.o)
                0x1000adac                atexit
 .text          0x1000adb8       0x5c /usr/lib/gcc/arm-none-eabi/13.2.1/../../../arm-none-eabi/lib/thumb/v8-m.main+fp/softfp/libg.a(libc_a-strlen-stub.o)
                0x1000adb8                strlen
 .text          0x1000ae14       0x24 /usr/lib/gcc/arm-none-eabi/13.2.1/../../../arm-none-eabi/lib/thumb/v8-m.main+fp/softfp/libg.a(libc_a-sbrkr.o)
                0x1000ae14                _sbrk_r
 .text          0x1000ae38      0x280 /usr/lib/gcc/arm-none-eabi/13.2.1/../../../arm-none-eabi/lib/thumb/v8-m.main+fp/softfp/libg.a(libc_a-signal.o)
                0x1000ae38                _init_signal_r
                0x1000ae68                _signal_r
                0x1000aeb8                _raise_r
                0x1000af0c                __sigtramp_r
                0x1000af70                raise
                0x1000afc8                signal
                0x1000b018                _init_signal
                0x1000b050                __sigtramp
 .text          0x1000b0b8       0x28 /usr/lib/gcc/arm-none-eabi/13.2.1/../../../arm-none-eabi/lib/thumb/v8-m.main+fp/softfp/libg.a(libc_a-fini.o)
                0x1000b0b8                __libc_fini_array
 .text          0x1000b0e0        0x8 /usr/lib/gcc/arm-none-eabi/13.2.1/../../../arm-none-eabi/lib/thumb/v8-m.main+fp/softfp/libg.a(libc_a-envlock.o)
                0x1000b0e0                __env_lock
                0x1000b0e4                __env_unlock
 .text          0x1000b0e8       0x30 /usr/lib/gcc/arm-none-eabi/13.2.1/../../../arm-none-eabi/lib/thumb/v8-m.main+fp/softfp/libg.a(libc_a-signalr.o)
                0x1000b0e8                _kill_r
                0x1000b114                _getpid_r
 .text          0x1000b118       0x80 /usr/lib/gcc/arm-none-eabi/13.2.1/../../../arm-none-eabi/lib/thumb/v8-m.main+fp/softfp/libg.a(libc_a-strncmp.o)
                0x1000b118                strncmp
 .text          0x1000b198       0x64 /usr/lib/gcc/arm-none-eabi/13.2.1/../../../arm-none-eabi/lib/thumb/v8-m.main+fp/softfp/libg.a(libc_a-__atexit.o)
                0x1000b198                __register_exitproc
 .text.startup  0x1000b1fc       0x14 /usr/lib/gcc/arm-none-eabi/13.2.1/../../../arm-none-eabi/lib/thumb/v8-m.main+fp/softfp/libg.a(libc_a-__call_atexit.o)
 *(.fini)
 .fini          0x1000b210        0x4 /usr/lib/gcc/arm-none-eabi/13.2.1/thumb/v8-m.main+fp/softfp/crti.o
                0x1000b210                _fini
 *fill*         0x1000b214        0x4 
 .fini.__stub   0x1000b218       0xc0 linker stubs
 *crtbegin.o(.ctors)
 *crtbegin?.o(.ctors)
 *(EXCLUDE_FILE(*crtend.o *crtend?.o) .ctors)
 *(SORT_BY_NAME(.ctors.*))
 *(.ctors)
 *crtbegin.o(.dtors)
 *crtbegin?.o(.dtors)
 *(EXCLUDE_FILE(*crtend.o *crtend?.o) .dtors)
 *(SORT_BY_NAME(.dtors.*))
 *(.dtors)
                0x1000b2d8                        . = ALIGN (0x4)
                0x1000b2d8                        PROVIDE (__preinit_array_start = .)
 *(SORT_BY_NAME(.preinit_array.*))
 .preinit_array.00050
                0x1000b2d8        0x4 CMakeFiles/BlinkLed50ms.dir/home/portalgun/D-Space/pico-sdk/src/rp2_common/pico_runtime_init/runtime_init.c.o
                0x1000b2d8                __pre_init_runtime_init_bootrom_reset
 .preinit_array.00100
                0x1000b2dc        0x4 CMakeFiles/BlinkLed50ms.dir/home/portalgun/D-Space/pico-sdk/src/rp2_common/pico_runtime_init/runtime_init.c.o
                0x1000b2dc                __pre_init_runtime_init_early_resets
 .preinit_array.00101
                0x1000b2e0        0x4 CMakeFiles/BlinkLed50ms.dir/home/portalgun/D-Space/pico-sdk/src/rp2_common/pico_runtime_init/runtime_init.c.o
                0x1000b2e0                __pre_init_runtime_init_usb_power_down
 .preinit_array.00500
                0x1000b2e4        0x4 CMakeFiles/BlinkLed50ms.dir/home/portalgun/D-Space/pico-sdk/src/rp2_common/pico_runtime_init/runtime_init.c.o
                0x1000b2e4                __pre_init_runtime_init_clocks
 .preinit_array.00600
                0x1000b2e8        0x4 CMakeFiles/BlinkLed50ms.dir/home/portalgun/D-Space/pico-sdk/src/rp2_common/pico_runtime_init/runtime_init.c.o
                0x1000b2e8                __pre_init_runtime_init_post_clock_resets
 .preinit_array.01000
                0x1000b2ec        0x4 CMakeFiles/BlinkLed50ms.dir/home/portalgun/D-Space/pico-sdk/src/rp2_common/hardware_boot_lock/boot_lock.c.o
                0x1000b2ec                __pre_init_runtime_init_boot_locks_reset
 .preinit_array.01000
                0x1000b2f0        0x4 CMakeFiles/BlinkLed50ms.dir/home/portalgun/D-Space/pico-sdk/src/rp2_common/pico_runtime_init/runtime_init.c.o
                0x1000b2f0                __pre_init_runtime_init_spin_locks_reset
 .preinit_array.01010
                0x1000b2f4        0x4 CMakeFiles/BlinkLed50ms.dir/home/portalgun/D-Space/pico-sdk/src/rp2_common/pico_bootrom/bootrom_lock.c.o
                0x1000b2f4                __pre_init_runtime_init_bootrom_locking_enable
 .preinit_array.01100
                0x1000b2f8        0x4 CMakeFiles/BlinkLed50ms.dir/home/portalgun/D-Space/pico-sdk/src/common/pico_sync/mutex.c.o
                0x1000b2f8                __pre_init_runtime_init_mutex
 .preinit_array.10080
                0x1000b2fc        0x4 CMakeFiles/BlinkLed50ms.dir/home/portalgun/D-Space/pico-sdk/src/rp2_common/pico_runtime_init/runtime_init.c.o
                0x1000b2fc                __pre_init_runtime_init_install_ram_vector_table
 .preinit_array.11000
                0x1000b300        0x4 CMakeFiles/BlinkLed50ms.dir/home/portalgun/D-Space/pico-sdk/src/common/pico_time/time.c.o
                0x1000b300                __pre_init_runtime_init_default_alarm_pool
 .preinit_array.YYYYY
                0x1000b304        0x4 CMakeFiles/BlinkLed50ms.dir/home/portalgun/D-Space/pico-sdk/src/rp2_common/pico_runtime/runtime.c.o
                0x1000b304                __pre_init_first_per_core_initializer
 .preinit_array.ZZZZZ.00051