Archive member included to satisfy reference by file (symbol)

/home/portalgun/.pico-sdk/toolchain/13_2_Rel1/bin/../lib/gcc/arm-none-eabi/13.2.1/../../../../arm-none-eabi/lib/thumb/v8-m.main+fp/softfp/libstdc++.a(del_ops.o)
                              CMakeFiles/BlinkLed50ms.dir/Agent.cpp.obj (operator delete(void*, unsigned int))
/home/portalgun/.pico-sdk/toolchain/13_2_Rel1/bin/../lib/gcc/arm-none-eabi/13.2.1/../../../../arm-none-eabi/lib/thumb/v8-m.main+fp/softfp/libstdc++.a(eh_arm.o)
                              CMakeFiles/BlinkLed50ms.dir/main.cpp.obj (__cxa_end_cleanup)
/home/portalgun/.pico-sdk/toolchain/13_2_Rel1/bin/../lib/gcc/arm-none-eabi/13.2.1/../../../../arm-none-eabi/lib/thumb/v8-m.main+fp/softfp/libstdc++.a(eh_exception.o)
                              /home/portalgun/.pico-sdk/toolchain/13_2_Rel1/bin/../lib/gcc/arm-none-eabi/13.2.1/../../../../arm-none-eabi/lib/thumb/v8-m.main+fp/softfp/libstdc++.a(eh_arm.o) (typeinfo for __cxxabiv1::__forced_unwind)
/home/portalgun/.pico-sdk/toolchain/13_2_Rel1/bin/../lib/gcc/arm-none-eabi/13.2.1/../../../../arm-none-eabi/lib/thumb/v8-m.main+fp/softfp/libstdc++.a(eh_globals.o)
                              /home/portalgun/.pico-sdk/toolchain/13_2_Rel1/bin/../lib/gcc/arm-none-eabi/13.2.1/../../../../arm-none-eabi/lib/thumb/v8-m.main+fp/softfp/libstdc++.a(eh_arm.o) (__cxa_get_globals)
/home/portalgun/.pico-sdk/toolchain/13_2_Rel1/bin/../lib/gcc/arm-none-eabi/13.2.1/../../../../arm-none-eabi/lib/thumb/v8-m.main+fp/softfp/libstdc++.a(eh_personality.o)
                              CMakeFiles/BlinkLed50ms.dir/main.cpp.obj (__gxx_personality_v0)
/home/portalgun/.pico-sdk/toolchain/13_2_Rel1/bin/../lib/gcc/arm-none-eabi/13.2.1/../../../../arm-none-eabi/lib/thumb/v8-m.main+fp/softfp/libstdc++.a(eh_terminate.o)
                              /home/portalgun/.pico-sdk/toolchain/13_2_Rel1/bin/../lib/gcc/arm-none-eabi/13.2.1/../../../../arm-none-eabi/lib/thumb/v8-m.main+fp/softfp/libstdc++.a(eh_arm.o) (std::terminate())
/home/portalgun/.pico-sdk/toolchain/13_2_Rel1/bin/../lib/gcc/arm-none-eabi/13.2.1/../../../../arm-none-eabi/lib/thumb/v8-m.main+fp/softfp/libstdc++.a(eh_unex_handler.o)
                              /home/portalgun/.pico-sdk/toolchain/13_2_Rel1/bin/../lib/gcc/arm-none-eabi/13.2.1/../../../../arm-none-eabi/lib/thumb/v8-m.main+fp/softfp/libstdc++.a(eh_terminate.o) (__cxxabiv1::__unexpected_handler)
/home/portalgun/.pico-sdk/toolchain/13_2_Rel1/bin/../lib/gcc/arm-none-eabi/13.2.1/../../../../arm-none-eabi/lib/thumb/v8-m.main+fp/softfp/libstdc++.a(si_class_type_info.o)
                              /home/portalgun/.pico-sdk/toolchain/13_2_Rel1/bin/../lib/gcc/arm-none-eabi/13.2.1/../../../../arm-none-eabi/lib/thumb/v8-m.main+fp/softfp/libstdc++.a(eh_exception.o) (vtable for __cxxabiv1::__si_class_type_info)
/home/portalgun/.pico-sdk/toolchain/13_2_Rel1/bin/../lib/gcc/arm-none-eabi/13.2.1/../../../../arm-none-eabi/lib/thumb/v8-m.main+fp/softfp/libstdc++.a(tinfo.o)
                              /home/portalgun/.pico-sdk/toolchain/13_2_Rel1/bin/../lib/gcc/arm-none-eabi/13.2.1/../../../../arm-none-eabi/lib/thumb/v8-m.main+fp/softfp/libstdc++.a(si_class_type_info.o) (std::type_info::__is_pointer_p() const)
/home/portalgun/.pico-sdk/toolchain/13_2_Rel1/bin/../lib/gcc/arm-none-eabi/13.2.1/../../../../arm-none-eabi/lib/thumb/v8-m.main+fp/softfp/libstdc++.a(vterminate.o)
                              /home/portalgun/.pico-sdk/toolchain/13_2_Rel1/bin/../lib/gcc/arm-none-eabi/13.2.1/../../../../arm-none-eabi/lib/thumb/v8-m.main+fp/softfp/libstdc++.a(eh_terminate.o) (__gnu_cxx::__verbose_terminate_handler())
/home/portalgun/.pico-sdk/toolchain/13_2_Rel1/bin/../lib/gcc/arm-none-eabi/13.2.1/../../../../arm-none-eabi/lib/thumb/v8-m.main+fp/softfp/libstdc++.a(class_type_info.o)
                              /home/portalgun/.pico-sdk/toolchain/13_2_Rel1/bin/../lib/gcc/arm-none-eabi/13.2.1/../../../../arm-none-eabi/lib/thumb/v8-m.main+fp/softfp/libstdc++.a(si_class_type_info.o) (__cxxabiv1::__class_type_info::__do_upcast(__cxxabiv1::__class_type_info const*, void**) const)
/home/portalgun/.pico-sdk/toolchain/13_2_Rel1/bin/../lib/gcc/arm-none-eabi/13.2.1/../../../../arm-none-eabi/lib/thumb/v8-m.main+fp/softfp/libstdc++.a(cp-demangle.o)
                              /home/portalgun/.pico-sdk/toolchain/13_2_Rel1/bin/../lib/gcc/arm-none-eabi/13.2.1/../../../../arm-none-eabi/lib/thumb/v8-m.main+fp/softfp/libstdc++.a(vterminate.o) (__cxa_demangle)
/home/portalgun/.pico-sdk/toolchain/13_2_Rel1/bin/../lib/gcc/arm-none-eabi/13.2.1/../../../../arm-none-eabi/lib/thumb/v8-m.main+fp/softfp/libstdc++.a(eh_call.o)
                              /home/portalgun/.pico-sdk/toolchain/13_2_Rel1/bin/../lib/gcc/arm-none-eabi/13.2.1/../../../../arm-none-eabi/lib/thumb/v8-m.main+fp/softfp/libstdc++.a(eh_personality.o) (__cxa_call_terminate)
[...]
Memory Configuration

Name             Origin             Length             Attributes
FLASH            0x10000000         0x00400000         xr
RAM              0x20000000         0x00080000         xrw
SCRATCH_X        0x20080000         0x00001000         xrw
SCRATCH_Y        0x20081000         0x00001000         xrw
*default*        0x00000000         0xffffffff

Linker script and memory map

LOAD /home/portalgun/.pico-sdk/toolchain/13_2_Rel1/bin/../lib/gcc/arm-none-eabi/13.2.1/thumb/v8-m.main+fp/softfp/crti.o
LOAD /home/portalgun/.pico-sdk/toolchain/13_2_Rel1/bin/../lib/gcc/arm-none-eabi/13.2.1/thumb/v8-m.main+fp/softfp/crtbegin.o
LOAD /home/portalgun/.pico-sdk/toolchain/13_2_Rel1/bin/../lib/gcc/arm-none-eabi/13.2.1/../../../../arm-none-eabi/lib/thumb/v8-m.main+fp/softfp/crt0.o

.flash_begin    0x10000000        0x0
                0x10000000                        __flash_binary_start = .

.text           0x10000000    0x12b28
                0x10000000                        __logical_binary_start = .
 *(.vectors)
 .vectors       0x10000000      0x124 CMakeFiles/BlinkLed50ms.dir/home/portalgun/.pico-sdk/sdk/2.0.0/src/rp2_common/pico_crt0/crt0.S.obj
                0x10000000                __vectors
                0x10000000                __VECTOR_TABLE
                0x10000110                isr_invalid
                0x10000110                __default_isrs_start
                0x10000112                isr_nmi
                0x10000114                isr_hardfault
                0x10000116                isr_svcall
                0x10000118                isr_pendsv
                0x1000011a                isr_systick
                0x1000011c                isr_irq30
                0x1000011c                __unhandled_user_irq
                0x1000011c                isr_irq49
                0x1000011c                isr_irq13
                0x1000011c                isr_irq43
                0x1000011c                isr_irq45
                0x1000011c                isr_irq27
                0x1000011c                isr_irq32
                0x1000011c                isr_irq31
                0x1000011c                isr_irq5
                0x1000011c                isr_irq11
                0x1000011c                isr_irq23
                0x1000011c                isr_irq48
                0x1000011c                isr_irq35
                0x1000011c                isr_irq18
                0x1000011c                isr_irq50
                0x1000011c                isr_irq40
                0x1000011c                isr_irq28
                0x1000011c                isr_irq19
                0x1000011c                isr_irq36
                0x1000011c                isr_irq41
                0x1000011c                isr_irq0
                0x1000011c                isr_irq6
                0x1000011c                isr_irq37
                0x1000011c                isr_irq42
                0x1000011c                isr_irq22
                0x1000011c                isr_irq17
                0x1000011c                isr_irq38
                0x1000011c                isr_irq14
                0x1000011c                isr_irq2
                0x1000011c                isr_irq10
                0x1000011c                isr_irq8
                0x1000011c                isr_irq24
                0x1000011c                isr_irq46
                0x1000011c                isr_irq1
                0x1000011c                isr_irq47
                0x1000011c                isr_irq51
                0x1000011c                isr_irq7
                0x1000011c                isr_irq21
                0x1000011c                isr_irq39
                0x1000011c                isr_irq20
                0x1000011c                isr_irq15
                0x1000011c                isr_irq25
                0x1000011c                isr_irq34
                0x1000011c                isr_irq4
                0x1000011c                isr_irq16
                0x1000011c                isr_irq44
                0x1000011c                isr_irq29
                0x1000011c                isr_irq26
                0x1000011c                __default_isrs_end
                0x1000011c                isr_irq33
                0x1000011c                isr_irq3
                0x1000011c                isr_irq12
                0x1000011c                isr_irq9
                0x10000122                unhandled_user_irq_num_in_r0
 *(.binary_info_header)
 .binary_info_header
                0x10000124       0x14 CMakeFiles/BlinkLed50ms.dir/home/portalgun/.pico-sdk/sdk/2.0.0/src/rp2_common/pico_crt0/crt0.S.obj
                0x10000138                        __binary_info_header_end = .
 *(.embedded_block)
 .embedded_block
                0x10000138       0x14 CMakeFiles/BlinkLed50ms.dir/home/portalgun/.pico-sdk/sdk/2.0.0/src/rp2_common/pico_crt0/crt0.S.obj
                0x1000014c                        __embedded_block_end = .
 *(.reset)
 .reset         0x1000014c       0xa0 CMakeFiles/BlinkLed50ms.dir/home/portalgun/.pico-sdk/sdk/2.0.0/src/rp2_common/pico_crt0/crt0.S.obj
                0x1000014c                _entry_point
 *(.init)
 .init          0x100001ec        0x4 /home/portalgun/.pico-sdk/toolchain/13_2_Rel1/bin/../lib/gcc/arm-none-eabi/13.2.1/thumb/v8-m.main+fp/softfp/crti.o
                0x100001ec                _init
 *libgcc.a:cmse_nonsecure_call.o()
 *(EXCLUDE_FILE(*libm.a: *libc.a:*lib_a-mem*.o *libgcc.a:) .text*)
 .text.register_tm_clones
                0x100001f0       0x28 /home/portalgun/.pico-sdk/toolchain/13_2_Rel1/bin/../lib/gcc/arm-none-eabi/13.2.1/thumb/v8-m.main+fp/softfp/crtbegin.o
 .text.frame_dummy
                0x10000218       0x24 /home/portalgun/.pico-sdk/toolchain/13_2_Rel1/bin/../lib/gcc/arm-none-eabi/13.2.1/thumb/v8-m.main+fp/softfp/crtbegin.o
 .text._Z12runTimeStatsv
                0x1000023c       0xd0 CMakeFiles/BlinkLed50ms.dir/main.cpp.obj
                0x1000023c                runTimeStats()
 .text._Z7vLaunchv
                0x1000030c       0x2c CMakeFiles/BlinkLed50ms.dir/main.cpp.obj
                0x1000030c                vLaunch()
 .text.startup.main
                0x10000338       0x38 CMakeFiles/BlinkLed50ms.dir/main.cpp.obj
                0x10000338                main
 .text._Z8mainTaskPv
                0x10000370       0x3c CMakeFiles/BlinkLed50ms.dir/main.cpp.obj
                0x10000370                mainTask(void*)
 .text._ZN5Agent7getTaskEv
                0x100003ac        0x4 CMakeFiles/BlinkLed50ms.dir/Agent.cpp.obj
                0x100003ac                Agent::getTask()
 .text._ZN5Agent5vTaskEPv
                0x100003b0        0xc CMakeFiles/BlinkLed50ms.dir/Agent.cpp.obj
                0x100003b0                Agent::vTask(void*)
 .text._ZN5Agent4stopEv
                0x100003bc       0x14 CMakeFiles/BlinkLed50ms.dir/Agent.cpp.obj
                0x100003bc                Agent::stop()
 .text._ZN5Agent16getStakHighWaterEv
                0x100003d0        0xc CMakeFiles/BlinkLed50ms.dir/Agent.cpp.obj
                0x100003d0                Agent::getStakHighWater()
 .text._ZN5Agent5startEPKcm
                0x100003dc       0x74 CMakeFiles/BlinkLed50ms.dir/Agent.cpp.obj
                0x100003dc                Agent::start(char const*, unsigned long)
 .text._ZN5AgentC2Ev
                0x10000450       0x10 CMakeFiles/BlinkLed50ms.dir/Agent.cpp.obj
                0x10000450                Agent::Agent()
                0x10000450                Agent::Agent()
 .text._ZN5AgentD2Ev
                0x10000460       0x18 CMakeFiles/BlinkLed50ms.dir/Agent.cpp.obj
                0x10000460                Agent::~Agent()
                0x10000460                Agent::~Agent()
 .text._ZN10BlinkAgent15getMaxStackSizeEv
                0x10000478        0x4 CMakeFiles/BlinkLed50ms.dir/BlinkAgent.cpp.obj
                0x10000478                BlinkAgent::getMaxStackSize()
 .text._ZN10BlinkAgentD2Ev
                0x1000047c       0x1c CMakeFiles/BlinkLed50ms.dir/BlinkAgent.cpp.obj
                0x1000047c                BlinkAgent::~BlinkAgent()
                0x1000047c                BlinkAgent::~BlinkAgent()
 .text._ZN10BlinkAgentD0Ev
                0x10000498       0x24 CMakeFiles/BlinkLed50ms.dir/BlinkAgent.cpp.obj
                0x10000498                BlinkAgent::~BlinkAgent()
 .text._ZN10BlinkAgent3runEv
                0x100004bc       0x3c CMakeFiles/BlinkLed50ms.dir/BlinkAgent.cpp.obj
                0x100004bc                BlinkAgent::run()
 .text._ZN10BlinkAgentC2Eh
                0x100004f8       0x18 CMakeFiles/BlinkLed50ms.dir/BlinkAgent.cpp.obj
                0x100004f8                BlinkAgent::BlinkAgent(unsigned char)
                0x100004f8                BlinkAgent::BlinkAgent(unsigned char)
 .text.gpio_set_function
                0x10000510       0x3c CMakeFiles/BlinkLed50ms.dir/home/portalgun/.pico-sdk/sdk/2.0.0/src/rp2_common/hardware_gpio/gpio.c.obj
                0x10000510                gpio_set_function
 .text.gpio_init
                0x1000054c       0x48 CMakeFiles/BlinkLed50ms.dir/home/portalgun/.pico-sdk/sdk/2.0.0/src/rp2_common/hardware_gpio/gpio.c.obj
                0x1000054c                gpio_init
 .text.panic    0x10000594       0x30 CMakeFiles/BlinkLed50ms.dir/home/portalgun/.pico-sdk/sdk/2.0.0/src/rp2_common/pico_platform_panic/panic.c.obj
                0x10000594                panic
 .text.hw_claim_lock
                0x100005c4       0x24 CMakeFiles/BlinkLed50ms.dir/home/portalgun/.pico-sdk/sdk/2.0.0/src/common/hardware_claim/claim.c.obj
                0x100005c4                hw_claim_lock
 .text.hw_claim_unlock
                0x100005e8       0x14 CMakeFiles/BlinkLed50ms.dir/home/portalgun/.pico-sdk/sdk/2.0.0/src/common/hardware_claim/claim.c.obj
                0x100005e8                hw_claim_unlock
 .text.hw_claim_or_assert
                0x100005fc       0x58 CMakeFiles/BlinkLed50ms.dir/home/portalgun/.pico-sdk/sdk/2.0.0/src/common/hardware_claim/claim.c.obj
                0x100005fc                hw_claim_or_assert
 .text.hw_claim_unused_from_range
                0x10000654       0x9c CMakeFiles/BlinkLed50ms.dir/home/portalgun/.pico-sdk/sdk/2.0.0/src/common/hardware_claim/claim.c.obj
                0x10000654                hw_claim_unused_from_range
 .text.next_striped_spin_lock_num
                0x100006f0       0x18 CMakeFiles/BlinkLed50ms.dir/home/portalgun/.pico-sdk/sdk/2.0.0/src/rp2_common/hardware_sync/sync.c.obj
                0x100006f0                next_striped_spin_lock_num
 .text.spin_lock_claim_unused
                0x10000708       0x20 CMakeFiles/BlinkLed50ms.dir/home/portalgun/.pico-sdk/sdk/2.0.0/src/rp2_common/hardware_sync/sync.c.obj
                0x10000708                spin_lock_claim_unused
 .text.spinlock_set_extexclall
                0x10000728       0x10 CMakeFiles/BlinkLed50ms.dir/home/portalgun/.pico-sdk/sdk/2.0.0/src/rp2_common/hardware_sync_spin_lock/sync_spin_lock.c.obj
 .text.spin_locks_reset
                0x10000738       0x18 CMakeFiles/BlinkLed50ms.dir/home/portalgun/.pico-sdk/sdk/2.0.0/src/rp2_common/hardware_sync_spin_lock/sync_spin_lock.c.obj
                0x10000738                spin_locks_reset
 .text.runtime_init_per_core_irq_priorities
                0x10000750       0x40 CMakeFiles/BlinkLed50ms.dir/home/portalgun/.pico-sdk/sdk/2.0.0/src/rp2_common/hardware_irq/irq.c.obj
                0x10000750                runtime_init_per_core_irq_priorities
 .text.irq_set_enabled
                0x10000790       0x2c CMakeFiles/BlinkLed50ms.dir/home/portalgun/.pico-sdk/sdk/2.0.0/src/rp2_common/hardware_irq/irq.c.obj
                0x10000790                irq_set_enabled
 .text.irq_is_enabled
                0x100007bc       0x20 CMakeFiles/BlinkLed50ms.dir/home/portalgun/.pico-sdk/sdk/2.0.0/src/rp2_common/hardware_irq/irq.c.obj
                0x100007bc                irq_is_enabled
 .text.irq_set_pending
                0x100007dc       0x18 CMakeFiles/BlinkLed50ms.dir/home/portalgun/.pico-sdk/sdk/2.0.0/src/rp2_common/hardware_irq/irq.c.obj
                0x100007dc                irq_set_pending
 .text.irq_has_shared_handler
                0x100007f4       0x24 CMakeFiles/BlinkLed50ms.dir/home/portalgun/.pico-sdk/sdk/2.0.0/src/rp2_common/hardware_irq/irq.c.obj
                0x100007f4                irq_has_shared_handler
 .text.irq_set_exclusive_handler
                0x10000818       0x60 CMakeFiles/BlinkLed50ms.dir/home/portalgun/.pico-sdk/sdk/2.0.0/src/rp2_common/hardware_irq/irq.c.obj
                0x10000818                irq_set_exclusive_handler
 .text.irq_add_shared_handler
                0x10000878      0x1e8 CMakeFiles/BlinkLed50ms.dir/home/portalgun/.pico-sdk/sdk/2.0.0/src/rp2_common/hardware_irq/irq.c.obj
                0x10000878                irq_add_shared_handler
 .text.irq_remove_handler
                0x10000a60      0x1fc CMakeFiles/BlinkLed50ms.dir/home/portalgun/.pico-sdk/sdk/2.0.0/src/rp2_common/hardware_irq/irq.c.obj
                0x10000a60                irq_remove_handler
 .text.irq_set_priority
                0x10000c5c       0x28 CMakeFiles/BlinkLed50ms.dir/home/portalgun/.pico-sdk/sdk/2.0.0/src/rp2_common/hardware_irq/irq.c.obj
                0x10000c5c                irq_set_priority
 .text.irq_add_tail_to_free_list
                0x10000c84       0xbc CMakeFiles/BlinkLed50ms.dir/home/portalgun/.pico-sdk/sdk/2.0.0/src/rp2_common/hardware_irq/irq.c.obj
                0x10000c84                irq_add_tail_to_free_list
 .text.user_irq_claim_unused
                0x10000d40       0x28 CMakeFiles/BlinkLed50ms.dir/home/portalgun/.pico-sdk/sdk/2.0.0/src/rp2_common/hardware_irq/irq.c.obj
                0x10000d40                user_irq_claim_unused
 .text.lock_init
                0x10000d68        0xc CMakeFiles/BlinkLed50ms.dir/home/portalgun/.pico-sdk/sdk/2.0.0/src/common/pico_sync/lock_core.c.obj
                0x10000d68                lock_init
 .text.runtime_init_mutex
                0x10000d74       0x54 CMakeFiles/BlinkLed50ms.dir/home/portalgun/.pico-sdk/sdk/2.0.0/src/common/pico_sync/mutex.c.obj
                0x10000d74                runtime_init_mutex
 .text.mutex_init
                0x10000dc8       0x1c CMakeFiles/BlinkLed50ms.dir/home/portalgun/.pico-sdk/sdk/2.0.0/src/common/pico_sync/mutex.c.obj
                0x10000dc8                mutex_init
 .text.critical_section_init
                0x10000de4       0x1c CMakeFiles/BlinkLed50ms.dir/home/portalgun/.pico-sdk/sdk/2.0.0/src/common/pico_sync/critical_section.c.obj
                0x10000de4                critical_section_init
 .text.critical_section_init_with_lock_num
                0x10000e00       0x10 CMakeFiles/BlinkLed50ms.dir/home/portalgun/.pico-sdk/sdk/2.0.0/src/common/pico_sync/critical_section.c.obj
                0x10000e00                critical_section_init_with_lock_num
 .text.alarm_pool_irq_handler
                0x10000e10      0x2d0 CMakeFiles/BlinkLed50ms.dir/home/portalgun/.pico-sdk/sdk/2.0.0/src/common/pico_time/time.c.obj
 .text.sleep_until_callback
                0x100010e0       0x34 CMakeFiles/BlinkLed50ms.dir/home/portalgun/.pico-sdk/sdk/2.0.0/src/common/pico_time/time.c.obj
 .text.runtime_init_default_alarm_pool
                0x10001114      0x100 CMakeFiles/BlinkLed50ms.dir/home/portalgun/.pico-sdk/sdk/2.0.0/src/common/pico_time/time.c.obj
                0x10001114                runtime_init_default_alarm_pool
 .text.alarm_pool_get_default
                0x10001214        0x8 CMakeFiles/BlinkLed50ms.dir/home/portalgun/.pico-sdk/sdk/2.0.0/src/common/pico_time/time.c.obj
                0x10001214                alarm_pool_get_default
 .text.alarm_pool_add_alarm_at
                0x1000121c       0xdc CMakeFiles/BlinkLed50ms.dir/home/portalgun/.pico-sdk/sdk/2.0.0/src/common/pico_time/time.c.obj
                0x1000121c                alarm_pool_add_alarm_at
 .text.alarm_pool_add_alarm_at_force_in_context
                0x100012f8       0xc8 CMakeFiles/BlinkLed50ms.dir/home/portalgun/.pico-sdk/sdk/2.0.0/src/common/pico_time/time.c.obj
                0x100012f8                alarm_pool_add_alarm_at_force_in_context
 .text.alarm_pool_cancel_alarm
                0x100013c0       0x80 CMakeFiles/BlinkLed50ms.dir/home/portalgun/.pico-sdk/sdk/2.0.0/src/common/pico_time/time.c.obj
                0x100013c0                alarm_pool_cancel_alarm
 .text.alarm_pool_core_num
                0x10001440        0x4 CMakeFiles/BlinkLed50ms.dir/home/portalgun/.pico-sdk/sdk/2.0.0/src/common/pico_time/time.c.obj
                0x10001440                alarm_pool_core_num
 .text.sleep_until
                0x10001444       0xb8 CMakeFiles/BlinkLed50ms.dir/home/portalgun/.pico-sdk/sdk/2.0.0/src/common/pico_time/time.c.obj
                0x10001444                sleep_until
 .text.sleep_ms
                0x100014fc       0x2c CMakeFiles/BlinkLed50ms.dir/home/portalgun/.pico-sdk/sdk/2.0.0/src/common/pico_time/time.c.obj
                0x100014fc                sleep_ms
 .text.best_effort_wfe_or_timeout
                0x10001528      0x128 CMakeFiles/BlinkLed50ms.dir/home/portalgun/.pico-sdk/sdk/2.0.0/src/common/pico_time/time.c.obj
                0x10001528                best_effort_wfe_or_timeout
 .text.timer_hardware_alarm_claim
                0x10001650       0x24 CMakeFiles/BlinkLed50ms.dir/home/portalgun/.pico-sdk/sdk/2.0.0/src/rp2_common/hardware_timer/timer.c.obj
                0x10001650                timer_hardware_alarm_claim
 .text.timer_time_us_64
                0x10001674       0x10 CMakeFiles/BlinkLed50ms.dir/home/portalgun/.pico-sdk/sdk/2.0.0/src/rp2_common/hardware_timer/timer.c.obj
                0x10001674                timer_time_us_64
 .text.time_us_64
                0x10001684       0x14 CMakeFiles/BlinkLed50ms.dir/home/portalgun/.pico-sdk/sdk/2.0.0/src/rp2_common/hardware_timer/timer.c.obj
                0x10001684                time_us_64
 .text.busy_wait_us
                0x10001698       0x64 CMakeFiles/BlinkLed50ms.dir/home/portalgun/.pico-sdk/sdk/2.0.0/src/rp2_common/hardware_timer/timer.c.obj
                0x10001698                busy_wait_us
 .text.busy_wait_until
                0x100016fc       0x24 CMakeFiles/BlinkLed50ms.dir/home/portalgun/.pico-sdk/sdk/2.0.0/src/rp2_common/hardware_timer/timer.c.obj
                0x100016fc                busy_wait_until
 .text.uart_init
                0x10001720      0x104 CMakeFiles/BlinkLed50ms.dir/home/portalgun/.pico-sdk/sdk/2.0.0/src/rp2_common/hardware_uart/uart.c.obj
                0x10001720                uart_init
 .text.clock_configure_undivided
                0x10001824       0xd0 CMakeFiles/BlinkLed50ms.dir/home/portalgun/.pico-sdk/sdk/2.0.0/src/rp2_common/hardware_clocks/clocks.c.obj
                0x10001824                clock_configure_undivided
 .text.clock_get_hz
                0x100018f4        0xc CMakeFiles/BlinkLed50ms.dir/home/portalgun/.pico-sdk/sdk/2.0.0/src/rp2_common/hardware_clocks/clocks.c.obj
                0x100018f4                clock_get_hz
 .text.pll_init
                0x10001900       0x8c CMakeFiles/BlinkLed50ms.dir/home/portalgun/.pico-sdk/sdk/2.0.0/src/rp2_common/hardware_pll/pll.c.obj
                0x10001900                pll_init
 .text.watchdog_reboot
                0x1000198c       0x98 CMakeFiles/BlinkLed50ms.dir/home/portalgun/.pico-sdk/sdk/2.0.0/src/rp2_common/hardware_watchdog/watchdog.c.obj
                0x1000198c                watchdog_reboot
 .text.tick_start
                0x10001a24       0x18 CMakeFiles/BlinkLed50ms.dir/home/portalgun/.pico-sdk/sdk/2.0.0/src/rp2_common/hardware_ticks/ticks.c.obj
                0x10001a24                tick_start
 .text.xosc_init
                0x10001a3c       0x2c CMakeFiles/BlinkLed50ms.dir/home/portalgun/.pico-sdk/sdk/2.0.0/src/rp2_common/hardware_xosc/xosc.c.obj
                0x10001a3c                xosc_init
 .text.first_per_core_initializer
                0x10001a68        0x4 CMakeFiles/BlinkLed50ms.dir/home/portalgun/.pico-sdk/sdk/2.0.0/src/rp2_common/pico_runtime/runtime.c.obj
 .text.hard_assertion_failure
                0x10001a6c        0xc CMakeFiles/BlinkLed50ms.dir/home/portalgun/.pico-sdk/sdk/2.0.0/src/rp2_common/pico_runtime/runtime.c.obj
                0x10001a6c                hard_assertion_failure
 .text.runtime_run_initializers
                0x10001a78       0x20 CMakeFiles/BlinkLed50ms.dir/home/portalgun/.pico-sdk/sdk/2.0.0/src/rp2_common/pico_runtime/runtime.c.obj
                0x10001a78                runtime_run_initializers
 .text.runtime_init_early_resets
                0x10001a98       0x34 CMakeFiles/BlinkLed50ms.dir/home/portalgun/.pico-sdk/sdk/2.0.0/src/rp2_common/pico_runtime_init/runtime_init.c.obj
                0x10001a98                runtime_init_early_resets
 .text.runtime_init_usb_power_down
                0x10001acc       0x1c CMakeFiles/BlinkLed50ms.dir/home/portalgun/.pico-sdk/sdk/2.0.0/src/rp2_common/pico_runtime_init/runtime_init.c.obj
                0x10001acc                runtime_init_usb_power_down
 .text.runtime_init_per_core_enable_coprocessors
                0x10001ae8       0x1c CMakeFiles/BlinkLed50ms.dir/home/portalgun/.pico-sdk/sdk/2.0.0/src/rp2_common/pico_runtime_init/runtime_init.c.obj
                0x10001ae8                runtime_init_per_core_enable_coprocessors
 .text.runtime_init_post_clock_resets
                0x10001b04       0x20 CMakeFiles/BlinkLed50ms.dir/home/portalgun/.pico-sdk/sdk/2.0.0/src/rp2_common/pico_runtime_init/runtime_init.c.obj
                0x10001b04                runtime_init_post_clock_resets
 .text.runtime_init_bootrom_reset
                0x10001b24       0x14 CMakeFiles/BlinkLed50ms.dir/home/portalgun/.pico-sdk/sdk/2.0.0/src/rp2_common/pico_runtime_init/runtime_init.c.obj
                0x10001b24                runtime_init_bootrom_reset
 .text.runtime_init_per_core_bootrom_reset
                0x10001b38       0x14 CMakeFiles/BlinkLed50ms.dir/home/portalgun/.pico-sdk/sdk/2.0.0/src/rp2_common/pico_runtime_init/runtime_init.c.obj
                0x10001b38                runtime_init_per_core_bootrom_reset
 .text.runtime_init_spin_locks_reset
                0x10001b4c        0x4 CMakeFiles/BlinkLed50ms.dir/home/portalgun/.pico-sdk/sdk/2.0.0/src/rp2_common/pico_runtime_init/runtime_init.c.obj
                0x10001b4c                runtime_init_spin_locks_reset
 .text.runtime_init_install_ram_vector_table
                0x10001b50       0x20 CMakeFiles/BlinkLed50ms.dir/home/portalgun/.pico-sdk/sdk/2.0.0/src/rp2_common/pico_runtime_init/runtime_init.c.obj
                0x10001b50                runtime_init_install_ram_vector_table
 .text.runtime_init_clocks
                0x10001b70       0xdc CMakeFiles/BlinkLed50ms.dir/home/portalgun/.pico-sdk/sdk/2.0.0/src/rp2_common/pico_runtime_init/runtime_init_clocks.c.obj
                0x10001b70                runtime_init_clocks
 .text.rom_func_lookup
                0x10001c4c       0x20 CMakeFiles/BlinkLed50ms.dir/home/portalgun/.pico-sdk/sdk/2.0.0/src/rp2_common/pico_bootrom/bootrom.c.obj
                0x10001c4c                rom_func_lookup
 .text.rom_reset_usb_boot
                0x10001c6c       0x44 CMakeFiles/BlinkLed50ms.dir/home/portalgun/.pico-sdk/sdk/2.0.0/src/rp2_common/pico_bootrom/bootrom.c.obj
                0x10001c6c                rom_reset_usb_boot
 .text.runtime_init_bootrom_locking_enable
                0x10001cb0       0x14 CMakeFiles/BlinkLed50ms.dir/home/portalgun/.pico-sdk/sdk/2.0.0/src/rp2_common/pico_bootrom/bootrom_lock.c.obj
                0x10001cb0                runtime_init_bootrom_locking_enable
 .text.runtime_init_boot_locks_reset
                0x10001cc4       0x1c CMakeFiles/BlinkLed50ms.dir/home/portalgun/.pico-sdk/sdk/2.0.0/src/rp2_common/hardware_boot_lock/boot_lock.c.obj
                0x10001cc4                runtime_init_boot_locks_reset
 .text.__rp2350_dcp_engaged_state_save_restore
                0x10001ce0       0x3a CMakeFiles/BlinkLed50ms.dir/home/portalgun/.pico-sdk/sdk/2.0.0/src/rp2_common/pico_double/double_aeabi_dcp.S.obj
 *fill*         0x10001d1a        0x2 
 .text.__wrap___aeabi_dadd
                0x10001d1c       0x28 CMakeFiles/BlinkLed50ms.dir/home/portalgun/.pico-sdk/sdk/2.0.0/src/rp2_common/pico_double/double_aeabi_dcp.S.obj
                0x10001d24                __wrap___aeabi_dadd
 .text.__wrap___aeabi_dsub
                0x10001d44       0x28 CMakeFiles/BlinkLed50ms.dir/home/portalgun/.pico-sdk/sdk/2.0.0/src/rp2_common/pico_double/double_aeabi_dcp.S.obj
                0x10001d4c                __wrap___aeabi_dsub
 .text.__wrap___aeabi_dmul
                0x10001d6c       0x4c CMakeFiles/BlinkLed50ms.dir/home/portalgun/.pico-sdk/sdk/2.0.0/src/rp2_common/pico_double/double_aeabi_dcp.S.obj
                0x10001d74                __wrap___aeabi_dmul
 .text.__wrap___aeabi_ddiv
                0x10001db8       0x9c CMakeFiles/BlinkLed50ms.dir/home/portalgun/.pico-sdk/sdk/2.0.0/src/rp2_common/pico_double/double_aeabi_dcp.S.obj
                0x10001dc0                __wrap___aeabi_ddiv
 .text.__wrap___aeabi_i2d
                0x10001e54       0x24 CMakeFiles/BlinkLed50ms.dir/home/portalgun/.pico-sdk/sdk/2.0.0/src/rp2_common/pico_double/double_aeabi_dcp.S.obj
                0x10001e5c                __wrap___aeabi_i2d
 .text.__wrap___aeabi_ui2d
                0x10001e78       0x24 CMakeFiles/BlinkLed50ms.dir/home/portalgun/.pico-sdk/sdk/2.0.0/src/rp2_common/pico_double/double_aeabi_dcp.S.obj
                0x10001e80                __wrap___aeabi_ui2d
 .text.__wrap___aeabi_d2iz
                0x10001e9c       0x24 CMakeFiles/BlinkLed50ms.dir/home/portalgun/.pico-sdk/sdk/2.0.0/src/rp2_common/pico_double/double_aeabi_dcp.S.obj
                0x10001ea4                __wrap___aeabi_d2iz
 .text.__wrap___aeabi_d2uiz
                0x10001ec0       0x24 CMakeFiles/BlinkLed50ms.dir/home/portalgun/.pico-sdk/sdk/2.0.0/src/rp2_common/pico_double/double_aeabi_dcp.S.obj
                0x10001ec8                __wrap___aeabi_d2uiz
 .text.__wrap___aeabi_dcmpun
                0x10001ee4       0x24 CMakeFiles/BlinkLed50ms.dir/home/portalgun/.pico-sdk/sdk/2.0.0/src/rp2_common/pico_double/double_aeabi_dcp.S.obj
                0x10001eec                __wrap___aeabi_dcmpun
 .text.__wrap___aeabi_dcmplt
                0x10001f08       0x28 CMakeFiles/BlinkLed50ms.dir/home/portalgun/.pico-sdk/sdk/2.0.0/src/rp2_common/pico_double/double_aeabi_dcp.S.obj
                0x10001f10                __wrap___aeabi_dcmplt
 .text.__wrap___aeabi_dcmpge
                0x10001f30       0x28 CMakeFiles/BlinkLed50ms.dir/home/portalgun/.pico-sdk/sdk/2.0.0/src/rp2_common/pico_double/double_aeabi_dcp.S.obj
                0x10001f38                __wrap___aeabi_dcmpge
 .text.__wrap___aeabi_dcmpgt
                0x10001f58       0x28 CMakeFiles/BlinkLed50ms.dir/home/portalgun/.pico-sdk/sdk/2.0.0/src/rp2_common/pico_double/double_aeabi_dcp.S.obj
                0x10001f60                __wrap___aeabi_dcmpgt
 .text.__wrap_malloc
                0x10001f80       0x38 CMakeFiles/BlinkLed50ms.dir/home/portalgun/.pico-sdk/sdk/2.0.0/src/rp2_common/pico_malloc/malloc.c.obj
                0x10001f80                __wrap_malloc
 .text.__wrap_realloc
                0x10001fb8       0x3c CMakeFiles/BlinkLed50ms.dir/home/portalgun/.pico-sdk/sdk/2.0.0/src/rp2_common/pico_malloc/malloc.c.obj
                0x10001fb8                __wrap_realloc
 .text.__wrap_free
                0x10001ff4       0x20 CMakeFiles/BlinkLed50ms.dir/home/portalgun/.pico-sdk/sdk/2.0.0/src/rp2_common/pico_malloc/malloc.c.obj
                0x10001ff4                __wrap_free
 .text._out_buffer
                0x10002014        0x8 CMakeFiles/BlinkLed50ms.dir/home/portalgun/.pico-sdk/sdk/2.0.0/src/rp2_common/pico_printf/printf.c.obj
 .text._out_null
                0x1000201c        0x4 CMakeFiles/BlinkLed50ms.dir/home/portalgun/.pico-sdk/sdk/2.0.0/src/rp2_common/pico_printf/printf.c.obj
 .text._out_rev
                0x10002020       0x9c CMakeFiles/BlinkLed50ms.dir/home/portalgun/.pico-sdk/sdk/2.0.0/src/rp2_common/pico_printf/printf.c.obj
 .text._ntoa_format
                0x100020bc      0x2a4 CMakeFiles/BlinkLed50ms.dir/home/portalgun/.pico-sdk/sdk/2.0.0/src/rp2_common/pico_printf/printf.c.obj
 .text._out_char
                0x10002360        0x8 CMakeFiles/BlinkLed50ms.dir/home/portalgun/.pico-sdk/sdk/2.0.0/src/rp2_common/pico_printf/printf.c.obj
 .text._out_fct
                0x10002368        0xc CMakeFiles/BlinkLed50ms.dir/home/portalgun/.pico-sdk/sdk/2.0.0/src/rp2_common/pico_printf/printf.c.obj
 *fill*         0x10002374        0x4 
 .text._etoa    0x10002378      0x460 CMakeFiles/BlinkLed50ms.dir/home/portalgun/.pico-sdk/sdk/2.0.0/src/rp2_common/pico_printf/printf.c.obj
 .text._ftoa    0x100027d8      0x3f4 CMakeFiles/BlinkLed50ms.dir/home/portalgun/.pico-sdk/sdk/2.0.0/src/rp2_common/pico_printf/printf.c.obj
 .text._vsnprintf
                0x10002bcc      0x9e8 CMakeFiles/BlinkLed50ms.dir/home/portalgun/.pico-sdk/sdk/2.0.0/src/rp2_common/pico_printf/printf.c.obj
 .text.__wrap_sprintf
                0x100035b4       0x2c CMakeFiles/BlinkLed50ms.dir/home/portalgun/.pico-sdk/sdk/2.0.0/src/rp2_common/pico_printf/printf.c.obj
                0x100035b4                __wrap_sprintf
 .text.vfctprintf
                0x100035e0       0x28 CMakeFiles/BlinkLed50ms.dir/home/portalgun/.pico-sdk/sdk/2.0.0/src/rp2_common/pico_printf/printf.c.obj
                0x100035e0                vfctprintf
 .text.weak_raw_vprintf
                0x10003608       0x30 CMakeFiles/BlinkLed50ms.dir/home/portalgun/.pico-sdk/sdk/2.0.0/src/rp2_common/pico_printf/printf.c.obj
                0x10003608                weak_raw_vprintf
 .text._exit    0x10003638        0x4 CMakeFiles/BlinkLed50ms.dir/home/portalgun/.pico-sdk/sdk/2.0.0/src/rp2_common/pico_clib_interface/newlib_interface.c.obj
                0x10003638                _exit
 .text._sbrk    0x1000363c       0x2c CMakeFiles/BlinkLed50ms.dir/home/portalgun/.pico-sdk/sdk/2.0.0/src/rp2_common/pico_clib_interface/newlib_interface.c.obj
                0x1000363c                _sbrk
 .text._getpid  0x10003668        0x4 CMakeFiles/BlinkLed50ms.dir/home/portalgun/.pico-sdk/sdk/2.0.0/src/rp2_common/pico_clib_interface/newlib_interface.c.obj
                0x10003668                _getpid
 .text._kill    0x1000366c        0x8 CMakeFiles/BlinkLed50ms.dir/home/portalgun/.pico-sdk/sdk/2.0.0/src/rp2_common/pico_clib_interface/newlib_interface.c.obj
                0x1000366c                _kill
 .text._read    0x10003674       0x1c CMakeFiles/BlinkLed50ms.dir/home/portalgun/.pico-sdk/sdk/2.0.0/src/rp2_common/pico_clib_interface/newlib_interface.c.obj
                0x10003674                _read
 .text._write   0x10003690       0x20 CMakeFiles/BlinkLed50ms.dir/home/portalgun/.pico-sdk/sdk/2.0.0/src/rp2_common/pico_clib_interface/newlib_interface.c.obj
                0x10003690                _write
 .text._close   0x100036b0        0x8 CMakeFiles/BlinkLed50ms.dir/home/portalgun/.pico-sdk/sdk/2.0.0/src/rp2_common/pico_clib_interface/newlib_interface.c.obj
                0x100036b0                _close
 .text._lseek   0x100036b8        0x8 CMakeFiles/BlinkLed50ms.dir/home/portalgun/.pico-sdk/sdk/2.0.0/src/rp2_common/pico_clib_interface/newlib_interface.c.obj
                0x100036b8                _lseek
 .text._fstat   0x100036c0        0x8 CMakeFiles/BlinkLed50ms.dir/home/portalgun/.pico-sdk/sdk/2.0.0/src/rp2_common/pico_clib_interface/newlib_interface.c.obj
                0x100036c0                _fstat
 .text._isatty  0x100036c8        0xc CMakeFiles/BlinkLed50ms.dir/home/portalgun/.pico-sdk/sdk/2.0.0/src/rp2_common/pico_clib_interface/newlib_interface.c.obj
                0x100036c8                _isatty
 .text.exit     0x100036d4        0x8 CMakeFiles/BlinkLed50ms.dir/home/portalgun/.pico-sdk/sdk/2.0.0/src/rp2_common/pico_clib_interface/newlib_interface.c.obj
                0x100036d4                exit
 .text.runtime_init
                0x100036dc       0x24 CMakeFiles/BlinkLed50ms.dir/home/portalgun/.pico-sdk/sdk/2.0.0/src/rp2_common/pico_clib_interface/newlib_interface.c.obj
                0x100036dc                runtime_init
 .text.stdio_out_chars_no_crlf
                0x10003700        0x8 CMakeFiles/BlinkLed50ms.dir/home/portalgun/.pico-sdk/sdk/2.0.0/src/rp2_common/pico_stdio/stdio.c.obj
 .text.stdio_out_chars_crlf
                0x10003708       0xac CMakeFiles/BlinkLed50ms.dir/home/portalgun/.pico-sdk/sdk/2.0.0/src/rp2_common/pico_stdio/stdio.c.obj
 .text.stdio_buffered_printer
                0x100037b4       0x60 CMakeFiles/BlinkLed50ms.dir/home/portalgun/.pico-sdk/sdk/2.0.0/src/rp2_common/pico_stdio/stdio.c.obj
 .text.stdio_put_string
                0x10003814       0xf0 CMakeFiles/BlinkLed50ms.dir/home/portalgun/.pico-sdk/sdk/2.0.0/src/rp2_common/pico_stdio/stdio.c.obj
                0x10003814                stdio_put_string
 .text.stdio_get_until
                0x10003904       0x7c CMakeFiles/BlinkLed50ms.dir/home/portalgun/.pico-sdk/sdk/2.0.0/src/rp2_common/pico_stdio/stdio.c.obj
                0x10003904                stdio_get_until
 .text.stdio_set_driver_enabled
                0x10003980       0x30 CMakeFiles/BlinkLed50ms.dir/home/portalgun/.pico-sdk/sdk/2.0.0/src/rp2_common/pico_stdio/stdio.c.obj
                0x10003980                stdio_set_driver_enabled
 .text.stdio_init_all
                0x100039b0       0x10 CMakeFiles/BlinkLed50ms.dir/home/portalgun/.pico-sdk/sdk/2.0.0/src/rp2_common/pico_stdio/stdio.c.obj
                0x100039b0                stdio_init_all
 .text.__wrap_putchar
                0x100039c0       0x84 CMakeFiles/BlinkLed50ms.dir/home/portalgun/.pico-sdk/sdk/2.0.0/src/rp2_common/pico_stdio/stdio.c.obj
                0x100039c0                stdio_putchar
                0x100039c0                __wrap_putchar
 .text.__wrap_puts
                0x10003a44       0x3c CMakeFiles/BlinkLed50ms.dir/home/portalgun/.pico-sdk/sdk/2.0.0/src/rp2_common/pico_stdio/stdio.c.obj
                0x10003a44                __wrap_puts
                0x10003a44                stdio_puts
 .text.__wrap_vprintf
                0x10003a80       0xc8 CMakeFiles/BlinkLed50ms.dir/home/portalgun/.pico-sdk/sdk/2.0.0/src/rp2_common/pico_stdio/stdio.c.obj
                0x10003a80                __wrap_vprintf
                0x10003a80                stdio_vprintf
 .text.__wrap_printf
                0x10003b48       0x1c CMakeFiles/BlinkLed50ms.dir/home/portalgun/.pico-sdk/sdk/2.0.0/src/rp2_common/pico_stdio/stdio.c.obj
                0x10003b48                stdio_printf
                0x10003b48                __wrap_printf
 .text.stdio_uart_out_chars
                0x10003b64       0x50 CMakeFiles/BlinkLed50ms.dir/home/portalgun/.pico-sdk/sdk/2.0.0/src/rp2_common/pico_stdio_uart/stdio_uart.c.obj
 .text.stdio_uart_in_chars
                0x10003bb4       0x94 CMakeFiles/BlinkLed50ms.dir/home/portalgun/.pico-sdk/sdk/2.0.0/src/rp2_common/pico_stdio_uart/stdio_uart.c.obj
                0x10003bb4                stdio_uart_in_chars
 .text.on_uart_rx
                0x10003c48       0x24 CMakeFiles/BlinkLed50ms.dir/home/portalgun/.pico-sdk/sdk/2.0.0/src/rp2_common/pico_stdio_uart/stdio_uart.c.obj
 .text.stdio_uart_out_flush
                0x10003c6c       0x10 CMakeFiles/BlinkLed50ms.dir/home/portalgun/.pico-sdk/sdk/2.0.0/src/rp2_common/pico_stdio_uart/stdio_uart.c.obj
 .text.stdio_uart_set_chars_available_callback
                0x10003c7c       0x94 CMakeFiles/BlinkLed50ms.dir/home/portalgun/.pico-sdk/sdk/2.0.0/src/rp2_common/pico_stdio_uart/stdio_uart.c.obj
 .text.stdio_uart_init
                0x10003d10       0x54 CMakeFiles/BlinkLed50ms.dir/home/portalgun/.pico-sdk/sdk/2.0.0/src/rp2_common/pico_stdio_uart/stdio_uart.c.obj
                0x10003d10                stdio_uart_init
 .text.resetd_init
                0x10003d64        0x4 CMakeFiles/BlinkLed50ms.dir/home/portalgun/.pico-sdk/sdk/2.0.0/src/rp2_common/pico_stdio_usb/reset_interface.c.obj
 .text.resetd_reset
                0x10003d68        0xc CMakeFiles/BlinkLed50ms.dir/home/portalgun/.pico-sdk/sdk/2.0.0/src/rp2_common/pico_stdio_usb/reset_interface.c.obj
 .text.resetd_open
                0x10003d74       0x28 CMakeFiles/BlinkLed50ms.dir/home/portalgun/.pico-sdk/sdk/2.0.0/src/rp2_common/pico_stdio_usb/reset_interface.c.obj
 .text.resetd_xfer_cb
                0x10003d9c        0x4 CMakeFiles/BlinkLed50ms.dir/home/portalgun/.pico-sdk/sdk/2.0.0/src/rp2_common/pico_stdio_usb/reset_interface.c.obj
 .text.resetd_control_xfer_cb
                0x10003da0       0x4c CMakeFiles/BlinkLed50ms.dir/home/portalgun/.pico-sdk/sdk/2.0.0/src/rp2_common/pico_stdio_usb/reset_interface.c.obj
 .text.tud_descriptor_bos_cb
                0x10003dec        0x8 CMakeFiles/BlinkLed50ms.dir/home/portalgun/.pico-sdk/sdk/2.0.0/src/rp2_common/pico_stdio_usb/reset_interface.c.obj
                0x10003dec                tud_descriptor_bos_cb
 .text.tud_vendor_control_xfer_cb
                0x10003df4       0x28 CMakeFiles/BlinkLed50ms.dir/home/portalgun/.pico-sdk/sdk/2.0.0/src/rp2_common/pico_stdio_usb/reset_interface.c.obj
                0x10003df4                tud_vendor_control_xfer_cb
 .text.usbd_app_driver_get_cb
                0x10003e1c       0x10 CMakeFiles/BlinkLed50ms.dir/home/portalgun/.pico-sdk/sdk/2.0.0/src/rp2_common/pico_stdio_usb/reset_interface.c.obj
                0x10003e1c                usbd_app_driver_get_cb
 .text.tud_cdc_line_coding_cb
                0x10003e2c       0x14 CMakeFiles/BlinkLed50ms.dir/home/portalgun/.pico-sdk/sdk/2.0.0/src/rp2_common/pico_stdio_usb/reset_interface.c.obj
                0x10003e2c                tud_cdc_line_coding_cb
 .text.stdio_usb_set_chars_available_callback
                0x10003e40       0x14 CMakeFiles/BlinkLed50ms.dir/home/portalgun/.pico-sdk/sdk/2.0.0/src/rp2_common/pico_stdio_usb/stdio_usb.c.obj
                0x10003e40                stdio_usb_set_chars_available_callback
 .text.timer_task
                0x10003e54       0x70 CMakeFiles/BlinkLed50ms.dir/home/portalgun/.pico-sdk/sdk/2.0.0/src/rp2_common/pico_stdio_usb/stdio_usb.c.obj
 .text.usb_irq  0x10003ec4        0xc CMakeFiles/BlinkLed50ms.dir/home/portalgun/.pico-sdk/sdk/2.0.0/src/rp2_common/pico_stdio_usb/stdio_usb.c.obj
 .text.stdio_usb_in_chars
                0x10003ed0       0x88 CMakeFiles/BlinkLed50ms.dir/home/portalgun/.pico-sdk/sdk/2.0.0/src/rp2_common/pico_stdio_usb/stdio_usb.c.obj
                0x10003ed0                stdio_usb_in_chars
 .text.stdio_usb_out_flush
                0x10003f58       0x54 CMakeFiles/BlinkLed50ms.dir/home/portalgun/.pico-sdk/sdk/2.0.0/src/rp2_common/pico_stdio_usb/stdio_usb.c.obj
 .text.stdio_usb_out_chars
                0x10003fac       0xf4 CMakeFiles/BlinkLed50ms.dir/home/portalgun/.pico-sdk/sdk/2.0.0/src/rp2_common/pico_stdio_usb/stdio_usb.c.obj
 .text.low_priority_worker_irq
                0x100040a0       0xd8 CMakeFiles/BlinkLed50ms.dir/home/portalgun/.pico-sdk/sdk/2.0.0/src/rp2_common/pico_stdio_usb/stdio_usb.c.obj
 .text.stdio_usb_init
                0x10004178       0xe4 CMakeFiles/BlinkLed50ms.dir/home/portalgun/.pico-sdk/sdk/2.0.0/src/rp2_common/pico_stdio_usb/stdio_usb.c.obj
                0x10004178                stdio_usb_init
 .text.tud_descriptor_device_cb
                0x1000425c        0x8 CMakeFiles/BlinkLed50ms.dir/home/portalgun/.pico-sdk/sdk/2.0.0/src/rp2_common/pico_stdio_usb/stdio_usb_descriptors.c.obj
                0x1000425c                tud_descriptor_device_cb
 .text.tud_descriptor_configuration_cb
                0x10004264        0x8 CMakeFiles/BlinkLed50ms.dir/home/portalgun/.pico-sdk/sdk/2.0.0/src/rp2_common/pico_stdio_usb/stdio_usb_descriptors.c.obj
                0x10004264                tud_descriptor_configuration_cb
 .text.tud_descriptor_string_cb
                0x1000426c       0x70 CMakeFiles/BlinkLed50ms.dir/home/portalgun/.pico-sdk/sdk/2.0.0/src/rp2_common/pico_stdio_usb/stdio_usb_descriptors.c.obj
                0x1000426c                tud_descriptor_string_cb
 .text.startup._retrieve_unique_id_on_boot
                0x100042dc       0x30 CMakeFiles/BlinkLed50ms.dir/home/portalgun/.pico-sdk/sdk/2.0.0/src/rp2_common/pico_unique_id/unique_id.c.obj
 .text.pico_get_unique_board_id_string
                0x1000430c      0x184 CMakeFiles/BlinkLed50ms.dir/home/portalgun/.pico-sdk/sdk/2.0.0/src/rp2_common/pico_unique_id/unique_id.c.obj
                0x1000430c                pico_get_unique_board_id_string
 .text.dcd_init
                0x10004490       0x90 CMakeFiles/BlinkLed50ms.dir/home/portalgun/.pico-sdk/sdk/2.0.0/lib/tinyusb/src/portable/raspberrypi/rp2040/dcd_rp2040.c.obj
                0x10004490                dcd_init
 .text.dcd_int_enable
                0x10004520        0x8 CMakeFiles/BlinkLed50ms.dir/home/portalgun/.pico-sdk/sdk/2.0.0/lib/tinyusb/src/portable/raspberrypi/rp2040/dcd_rp2040.c.obj
                0x10004520                dcd_int_enable
 .text.dcd_set_address
                0x10004528       0x10 CMakeFiles/BlinkLed50ms.dir/home/portalgun/.pico-sdk/sdk/2.0.0/lib/tinyusb/src/portable/raspberrypi/rp2040/dcd_rp2040.c.obj
                0x10004528                dcd_set_address
 .text.dcd_sof_enable
                0x10004538       0x1c CMakeFiles/BlinkLed50ms.dir/home/portalgun/.pico-sdk/sdk/2.0.0/lib/tinyusb/src/portable/raspberrypi/rp2040/dcd_rp2040.c.obj
                0x10004538                dcd_sof_enable
 .text.dcd_edpt0_status_complete
                0x10004554       0x1c CMakeFiles/BlinkLed50ms.dir/home/portalgun/.pico-sdk/sdk/2.0.0/lib/tinyusb/src/portable/raspberrypi/rp2040/dcd_rp2040.c.obj
                0x10004554                dcd_edpt0_status_complete
 .text.dcd_edpt_open
                0x10004570       0xf8 CMakeFiles/BlinkLed50ms.dir/home/portalgun/.pico-sdk/sdk/2.0.0/lib/tinyusb/src/portable/raspberrypi/rp2040/dcd_rp2040.c.obj
                0x10004570                dcd_edpt_open
 .text.dcd_edpt_close_all
                0x10004668        0x4 CMakeFiles/BlinkLed50ms.dir/home/portalgun/.pico-sdk/sdk/2.0.0/lib/tinyusb/src/portable/raspberrypi/rp2040/dcd_rp2040.c.obj
                0x10004668                dcd_edpt_close_all
 .text.dcd_edpt_xfer
                0x1000466c       0x28 CMakeFiles/BlinkLed50ms.dir/home/portalgun/.pico-sdk/sdk/2.0.0/lib/tinyusb/src/portable/raspberrypi/rp2040/dcd_rp2040.c.obj
                0x1000466c                dcd_edpt_xfer
 .text.dcd_edpt_stall
                0x10004694       0x2c CMakeFiles/BlinkLed50ms.dir/home/portalgun/.pico-sdk/sdk/2.0.0/lib/tinyusb/src/portable/raspberrypi/rp2040/dcd_rp2040.c.obj
                0x10004694                dcd_edpt_stall
 .text.dcd_edpt_clear_stall
                0x100046c0       0x2c CMakeFiles/BlinkLed50ms.dir/home/portalgun/.pico-sdk/sdk/2.0.0/lib/tinyusb/src/portable/raspberrypi/rp2040/dcd_rp2040.c.obj
                0x100046c0                dcd_edpt_clear_stall
 .text.rp2040_usb_init
                0x100046ec       0x40 CMakeFiles/BlinkLed50ms.dir/home/portalgun/.pico-sdk/sdk/2.0.0/lib/tinyusb/src/portable/raspberrypi/rp2040/rp2040_usb.c.obj
                0x100046ec                rp2040_usb_init
 .text.hw_endpoint_xfer_start
                0x1000472c       0x40 CMakeFiles/BlinkLed50ms.dir/home/portalgun/.pico-sdk/sdk/2.0.0/lib/tinyusb/src/portable/raspberrypi/rp2040/rp2040_usb.c.obj
                0x1000472c                hw_endpoint_xfer_start
 .text.configuration_reset
                0x1000476c       0x8c CMakeFiles/BlinkLed50ms.dir/home/portalgun/.pico-sdk/sdk/2.0.0/lib/tinyusb/src/device/usbd.c.obj
 .text.tud_event_hook_cb
                0x100047f8        0x4 CMakeFiles/BlinkLed50ms.dir/home/portalgun/.pico-sdk/sdk/2.0.0/lib/tinyusb/src/device/usbd.c.obj
                0x100047f8                tud_event_hook_cb
 .text.tud_sof_cb
                0x100047fc        0x4 CMakeFiles/BlinkLed50ms.dir/home/portalgun/.pico-sdk/sdk/2.0.0/lib/tinyusb/src/device/usbd.c.obj
                0x100047fc                tud_sof_cb
 .text.tud_descriptor_device_qualifier_cb
                0x10004800        0x4 CMakeFiles/BlinkLed50ms.dir/home/portalgun/.pico-sdk/sdk/2.0.0/lib/tinyusb/src/device/usbd.c.obj
                0x10004800                tud_descriptor_device_qualifier_cb
 .text.tud_descriptor_other_speed_configuration_cb
                0x10004804        0x4 CMakeFiles/BlinkLed50ms.dir/home/portalgun/.pico-sdk/sdk/2.0.0/lib/tinyusb/src/device/usbd.c.obj
                0x10004804                tud_descriptor_other_speed_configuration_cb
 .text.tud_mount_cb
                0x10004808        0x4 CMakeFiles/BlinkLed50ms.dir/home/portalgun/.pico-sdk/sdk/2.0.0/lib/tinyusb/src/device/usbd.c.obj
                0x10004808                tud_mount_cb
 .text.tud_umount_cb
                0x1000480c        0x4 CMakeFiles/BlinkLed50ms.dir/home/portalgun/.pico-sdk/sdk/2.0.0/lib/tinyusb/src/device/usbd.c.obj
                0x1000480c                tud_umount_cb
 .text.tud_suspend_cb
                0x10004810        0x4 CMakeFiles/BlinkLed50ms.dir/home/portalgun/.pico-sdk/sdk/2.0.0/lib/tinyusb/src/device/usbd.c.obj
                0x10004810                tud_suspend_cb
 .text.tud_resume_cb
                0x10004814        0x4 CMakeFiles/BlinkLed50ms.dir/home/portalgun/.pico-sdk/sdk/2.0.0/lib/tinyusb/src/device/usbd.c.obj
                0x10004814                tud_resume_cb
 .text.tud_mounted
                0x10004818       0x10 CMakeFiles/BlinkLed50ms.dir/home/portalgun/.pico-sdk/sdk/2.0.0/lib/tinyusb/src/device/usbd.c.obj
                0x10004818                tud_mounted
 .text.tud_suspended
                0x10004828       0x10 CMakeFiles/BlinkLed50ms.dir/home/portalgun/.pico-sdk/sdk/2.0.0/lib/tinyusb/src/device/usbd.c.obj
                0x10004828                tud_suspended
 .text.tud_init
                0x10004838       0xe8 CMakeFiles/BlinkLed50ms.dir/home/portalgun/.pico-sdk/sdk/2.0.0/lib/tinyusb/src/device/usbd.c.obj
                0x10004838                tud_init
 .text.tud_task_ext
                0x10004920      0x784 CMakeFiles/BlinkLed50ms.dir/home/portalgun/.pico-sdk/sdk/2.0.0/lib/tinyusb/src/device/usbd.c.obj
                0x10004920                tud_task_ext
 .text.usbd_open_edpt_pair
                0x100050a4       0x9c CMakeFiles/BlinkLed50ms.dir/home/portalgun/.pico-sdk/sdk/2.0.0/lib/tinyusb/src/device/usbd.c.obj
                0x100050a4                usbd_open_edpt_pair
 .text.usbd_edpt_open
                0x10005140       0x44 CMakeFiles/BlinkLed50ms.dir/home/portalgun/.pico-sdk/sdk/2.0.0/lib/tinyusb/src/device/usbd.c.obj
                0x10005140                usbd_edpt_open
 .text.usbd_edpt_claim
                0x10005184       0x24 CMakeFiles/BlinkLed50ms.dir/home/portalgun/.pico-sdk/sdk/2.0.0/lib/tinyusb/src/device/usbd.c.obj
                0x10005184                usbd_edpt_claim
 .text.usbd_edpt_release
                0x100051a8       0x24 CMakeFiles/BlinkLed50ms.dir/home/portalgun/.pico-sdk/sdk/2.0.0/lib/tinyusb/src/device/usbd.c.obj
                0x100051a8                usbd_edpt_release
 .text.usbd_edpt_xfer
                0x100051cc       0x70 CMakeFiles/BlinkLed50ms.dir/home/portalgun/.pico-sdk/sdk/2.0.0/lib/tinyusb/src/device/usbd.c.obj
                0x100051cc                usbd_edpt_xfer
 .text.tud_control_status
                0x1000523c       0x34 CMakeFiles/BlinkLed50ms.dir/home/portalgun/.pico-sdk/sdk/2.0.0/lib/tinyusb/src/device/usbd_control.c.obj
                0x1000523c                tud_control_status
 .text.tud_control_xfer
                0x10005270       0xac CMakeFiles/BlinkLed50ms.dir/home/portalgun/.pico-sdk/sdk/2.0.0/lib/tinyusb/src/device/usbd_control.c.obj
                0x10005270                tud_control_xfer
 .text.usbd_control_reset
                0x1000531c       0x14 CMakeFiles/BlinkLed50ms.dir/home/portalgun/.pico-sdk/sdk/2.0.0/lib/tinyusb/src/device/usbd_control.c.obj
                0x1000531c                usbd_control_reset
 .text.usbd_control_set_complete_callback
                0x10005330        0xc CMakeFiles/BlinkLed50ms.dir/home/portalgun/.pico-sdk/sdk/2.0.0/lib/tinyusb/src/device/usbd_control.c.obj
                0x10005330                usbd_control_set_complete_callback
 .text.usbd_control_set_request
                0x1000533c       0x1c CMakeFiles/BlinkLed50ms.dir/home/portalgun/.pico-sdk/sdk/2.0.0/lib/tinyusb/src/device/usbd_control.c.obj
                0x1000533c                usbd_control_set_request
 .text.usbd_control_xfer_cb
                0x10005358       0xfc CMakeFiles/BlinkLed50ms.dir/home/portalgun/.pico-sdk/sdk/2.0.0/lib/tinyusb/src/device/usbd_control.c.obj
                0x10005358                usbd_control_xfer_cb
 .text._prep_out_transaction.isra.0
                0x10005454       0x60 CMakeFiles/BlinkLed50ms.dir/home/portalgun/.pico-sdk/sdk/2.0.0/lib/tinyusb/src/class/cdc/cdc_device.c.obj
 .text.tud_cdc_n_connected
                0x100054b4       0x2c CMakeFiles/BlinkLed50ms.dir/home/portalgun/.pico-sdk/sdk/2.0.0/lib/tinyusb/src/class/cdc/cdc_device.c.obj
                0x100054b4                tud_cdc_n_connected
 .text.tud_cdc_n_available
                0x100054e0       0x18 CMakeFiles/BlinkLed50ms.dir/home/portalgun/.pico-sdk/sdk/2.0.0/lib/tinyusb/src/class/cdc/cdc_device.c.obj
                0x100054e0                tud_cdc_n_available
 .text.tud_cdc_n_read
                0x100054f8       0x90 CMakeFiles/BlinkLed50ms.dir/home/portalgun/.pico-sdk/sdk/2.0.0/lib/tinyusb/src/class/cdc/cdc_device.c.obj
                0x100054f8                tud_cdc_n_read
 .text.tud_cdc_n_write_flush
                0x10005588       0x8c CMakeFiles/BlinkLed50ms.dir/home/portalgun/.pico-sdk/sdk/2.0.0/lib/tinyusb/src/class/cdc/cdc_device.c.obj
                0x10005588                tud_cdc_n_write_flush
 .text.tud_cdc_n_write
                0x10005614       0x40 CMakeFiles/BlinkLed50ms.dir/home/portalgun/.pico-sdk/sdk/2.0.0/lib/tinyusb/src/class/cdc/cdc_device.c.obj
                0x10005614                tud_cdc_n_write
 .text.tud_cdc_n_write_available
                0x10005654       0x18 CMakeFiles/BlinkLed50ms.dir/home/portalgun/.pico-sdk/sdk/2.0.0/lib/tinyusb/src/class/cdc/cdc_device.c.obj
                0x10005654                tud_cdc_n_write_available
 .text.cdcd_init
                0x1000566c       0x78 CMakeFiles/BlinkLed50ms.dir/home/portalgun/.pico-sdk/sdk/2.0.0/lib/tinyusb/src/class/cdc/cdc_device.c.obj
                0x1000566c                cdcd_init
 .text.cdcd_deinit
                0x100056e4       0x2c CMakeFiles/BlinkLed50ms.dir/home/portalgun/.pico-sdk/sdk/2.0.0/lib/tinyusb/src/class/cdc/cdc_device.c.obj
                0x100056e4                cdcd_deinit
 .text.cdcd_reset
                0x10005710       0x4c CMakeFiles/BlinkLed50ms.dir/home/portalgun/.pico-sdk/sdk/2.0.0/lib/tinyusb/src/class/cdc/cdc_device.c.obj
                0x10005710                cdcd_reset
 .text.cdcd_open
                0x1000575c       0xb4 CMakeFiles/BlinkLed50ms.dir/home/portalgun/.pico-sdk/sdk/2.0.0/lib/tinyusb/src/class/cdc/cdc_device.c.obj
                0x1000575c                cdcd_open
 .text.cdcd_control_xfer_cb
                0x10005810       0xc4 CMakeFiles/BlinkLed50ms.dir/home/portalgun/.pico-sdk/sdk/2.0.0/lib/tinyusb/src/class/cdc/cdc_device.c.obj
                0x10005810                cdcd_control_xfer_cb
 .text.cdcd_xfer_cb
                0x100058d4       0xfc CMakeFiles/BlinkLed50ms.dir/home/portalgun/.pico-sdk/sdk/2.0.0/lib/tinyusb/src/class/cdc/cdc_device.c.obj
                0x100058d4                cdcd_xfer_cb
 .text.tud_vendor_n_write_flush
                0x100059d0       0x8c CMakeFiles/BlinkLed50ms.dir/home/portalgun/.pico-sdk/sdk/2.0.0/lib/tinyusb/src/class/vendor/vendor_device.c.obj
                0x100059d0                tud_vendor_n_write_flush
 .text.vendord_init
                0x10005a5c       0x60 CMakeFiles/BlinkLed50ms.dir/home/portalgun/.pico-sdk/sdk/2.0.0/lib/tinyusb/src/class/vendor/vendor_device.c.obj
                0x10005a5c                vendord_init
 .text.vendord_deinit
                0x10005abc       0x34 CMakeFiles/BlinkLed50ms.dir/home/portalgun/.pico-sdk/sdk/2.0.0/lib/tinyusb/src/class/vendor/vendor_device.c.obj
                0x10005abc                vendord_deinit
 .text.vendord_reset
                0x10005af0       0x20 CMakeFiles/BlinkLed50ms.dir/home/portalgun/.pico-sdk/sdk/2.0.0/lib/tinyusb/src/class/vendor/vendor_device.c.obj
                0x10005af0                vendord_reset
 .text.vendord_open
                0x10005b10       0xcc CMakeFiles/BlinkLed50ms.dir/home/portalgun/.pico-sdk/sdk/2.0.0/lib/tinyusb/src/class/vendor/vendor_device.c.obj
                0x10005b10                vendord_open
 .text.vendord_xfer_cb
                0x10005bdc       0xbc CMakeFiles/BlinkLed50ms.dir/home/portalgun/.pico-sdk/sdk/2.0.0/lib/tinyusb/src/class/vendor/vendor_device.c.obj
                0x10005bdc                vendord_xfer_cb
 .text.tusb_init
                0x10005c98       0x1c CMakeFiles/BlinkLed50ms.dir/home/portalgun/.pico-sdk/sdk/2.0.0/lib/tinyusb/src/tusb.c.obj
                0x10005c98                tusb_init
 .text.tu_edpt_claim
                0x10005cb4       0x54 CMakeFiles/BlinkLed50ms.dir/home/portalgun/.pico-sdk/sdk/2.0.0/lib/tinyusb/src/tusb.c.obj
                0x10005cb4                tu_edpt_claim
 .text.tu_edpt_release
                0x10005d08       0x38 CMakeFiles/BlinkLed50ms.dir/home/portalgun/.pico-sdk/sdk/2.0.0/lib/tinyusb/src/tusb.c.obj
                0x10005d08                tu_edpt_release
 .text.tu_edpt_validate
                0x10005d40       0x64 CMakeFiles/BlinkLed50ms.dir/home/portalgun/.pico-sdk/sdk/2.0.0/lib/tinyusb/src/tusb.c.obj
                0x10005d40                tu_edpt_validate
 .text.tu_edpt_bind_driver
                0x10005da4       0x58 CMakeFiles/BlinkLed50ms.dir/home/portalgun/.pico-sdk/sdk/2.0.0/lib/tinyusb/src/tusb.c.obj
                0x10005da4                tu_edpt_bind_driver
 .text.tu_fifo_config
                0x10005dfc       0x60 CMakeFiles/BlinkLed50ms.dir/home/portalgun/.pico-sdk/sdk/2.0.0/lib/tinyusb/src/common/tusb_fifo.c.obj
                0x10005dfc                tu_fifo_config
 .text.tu_fifo_count
                0x10005e5c       0x20 CMakeFiles/BlinkLed50ms.dir/home/portalgun/.pico-sdk/sdk/2.0.0/lib/tinyusb/src/common/tusb_fifo.c.obj
                0x10005e5c                tu_fifo_count
 .text.tu_fifo_empty
                0x10005e7c       0x14 CMakeFiles/BlinkLed50ms.dir/home/portalgun/.pico-sdk/sdk/2.0.0/lib/tinyusb/src/common/tusb_fifo.c.obj
                0x10005e7c                tu_fifo_empty
 .text.tu_fifo_remaining
                0x10005e90       0x24 CMakeFiles/BlinkLed50ms.dir/home/portalgun/.pico-sdk/sdk/2.0.0/lib/tinyusb/src/common/tusb_fifo.c.obj
                0x10005e90                tu_fifo_remaining
 .text.tu_fifo_read
                0x10005eb4       0x94 CMakeFiles/BlinkLed50ms.dir/home/portalgun/.pico-sdk/sdk/2.0.0/lib/tinyusb/src/common/tusb_fifo.c.obj
                0x10005eb4                tu_fifo_read
 .text.tu_fifo_read_n
                0x10005f48       0xd8 CMakeFiles/BlinkLed50ms.dir/home/portalgun/.pico-sdk/sdk/2.0.0/lib/tinyusb/src/common/tusb_fifo.c.obj
                0x10005f48                tu_fifo_read_n
 .text.tu_fifo_write
                0x10006020       0xa0 CMakeFiles/BlinkLed50ms.dir/home/portalgun/.pico-sdk/sdk/2.0.0/lib/tinyusb/src/common/tusb_fifo.c.obj
                0x10006020                tu_fifo_write
 .text.tu_fifo_write_n
                0x100060c0      0x158 CMakeFiles/BlinkLed50ms.dir/home/portalgun/.pico-sdk/sdk/2.0.0/lib/tinyusb/src/common/tusb_fifo.c.obj
                0x100060c0                tu_fifo_write_n
 .text.tu_fifo_clear
                0x10006218       0x38 CMakeFiles/BlinkLed50ms.dir/home/portalgun/.pico-sdk/sdk/2.0.0/lib/tinyusb/src/common/tusb_fifo.c.obj
                0x10006218                tu_fifo_clear
 .text.tu_fifo_set_overwritable
                0x10006250       0x3c CMakeFiles/BlinkLed50ms.dir/home/portalgun/.pico-sdk/sdk/2.0.0/lib/tinyusb/src/common/tusb_fifo.c.obj
                0x10006250                tu_fifo_set_overwritable
 .text.pvPortMalloc
                0x1000628c      0x114 CMakeFiles/BlinkLed50ms.dir/home/portalgun/D-Space/FreeRTOS/FreeRTOS/Source/portable/MemMang/heap_4.c.obj
                0x1000628c                pvPortMalloc
 .text.vPortFree
                0x100063a0       0xa4 CMakeFiles/BlinkLed50ms.dir/home/portalgun/D-Space/FreeRTOS/FreeRTOS/Source/portable/MemMang/heap_4.c.obj
                0x100063a0                vPortFree
 .text.vPortGetHeapStats
                0x10006444       0x88 CMakeFiles/BlinkLed50ms.dir/home/portalgun/D-Space/FreeRTOS/FreeRTOS/Source/portable/MemMang/heap_4.c.obj
                0x10006444                vPortGetHeapStats
 .text.prvTaskExitError
                0x100064cc       0x18 CMakeFiles/BlinkLed50ms.dir/home/portalgun/D-Space/FreeRTOS/FreeRTOS/Source/portable/ThirdParty/GCC/RP2350_ARM_NTZ/non_secure/port.c.obj
 .text.SysTick_Handler
                0x100064e4       0x24 CMakeFiles/BlinkLed50ms.dir/home/portalgun/D-Space/FreeRTOS/FreeRTOS/Source/portable/ThirdParty/GCC/RP2350_ARM_NTZ/non_secure/port.c.obj
                0x100064e4                SysTick_Handler
 .text.prvDoorbellInterruptHandler
                0x10006508       0x90 CMakeFiles/BlinkLed50ms.dir/home/portalgun/D-Space/FreeRTOS/FreeRTOS/Source/portable/ThirdParty/GCC/RP2350_ARM_NTZ/non_secure/port.c.obj
 .text.vPortSuppressTicksAndSleep
                0x10006598      0x100 CMakeFiles/BlinkLed50ms.dir/home/portalgun/D-Space/FreeRTOS/FreeRTOS/Source/portable/ThirdParty/GCC/RP2350_ARM_NTZ/non_secure/port.c.obj
                0x10006598                vPortSuppressTicksAndSleep
 .text.vPortSetupTimerInterrupt
                0x10006698       0x4c CMakeFiles/BlinkLed50ms.dir/home/portalgun/D-Space/FreeRTOS/FreeRTOS/Source/portable/ThirdParty/GCC/RP2350_ARM_NTZ/non_secure/port.c.obj
                0x10006698                vPortSetupTimerInterrupt
 .text.vPortYield
                0x100066e4       0x18 CMakeFiles/BlinkLed50ms.dir/home/portalgun/D-Space/FreeRTOS/FreeRTOS/Source/portable/ThirdParty/GCC/RP2350_ARM_NTZ/non_secure/port.c.obj
                0x100066e4                vPortYield
 .text.vPortEnterCritical
                0x100066fc       0x1c CMakeFiles/BlinkLed50ms.dir/home/portalgun/D-Space/FreeRTOS/FreeRTOS/Source/portable/ThirdParty/GCC/RP2350_ARM_NTZ/non_secure/port.c.obj
                0x100066fc                vPortEnterCritical
 .text.vPortExitCritical
                0x10006718       0x18 CMakeFiles/BlinkLed50ms.dir/home/portalgun/D-Space/FreeRTOS/FreeRTOS/Source/portable/ThirdParty/GCC/RP2350_ARM_NTZ/non_secure/port.c.obj
                0x10006718                vPortExitCritical
 .text.vPortSVCHandler_C
                0x10006730       0x2c CMakeFiles/BlinkLed50ms.dir/home/portalgun/D-Space/FreeRTOS/FreeRTOS/Source/portable/ThirdParty/GCC/RP2350_ARM_NTZ/non_secure/port.c.obj
                0x10006730                vPortSVCHandler_C
 .text.pxPortInitialiseStack
                0x1000675c       0x78 CMakeFiles/BlinkLed50ms.dir/home/portalgun/D-Space/FreeRTOS/FreeRTOS/Source/portable/ThirdParty/GCC/RP2350_ARM_NTZ/non_secure/port.c.obj
                0x1000675c                pxPortInitialiseStack
 .text.xPortStartScheduler
                0x100067d4      0x11c CMakeFiles/BlinkLed50ms.dir/home/portalgun/D-Space/FreeRTOS/FreeRTOS/Source/portable/ThirdParty/GCC/RP2350_ARM_NTZ/non_secure/port.c.obj
                0x100067d4                xPortStartScheduler
 .text.vPortValidateInterruptPriority
                0x100068f0       0x14 CMakeFiles/BlinkLed50ms.dir/home/portalgun/D-Space/FreeRTOS/FreeRTOS/Source/portable/ThirdParty/GCC/RP2350_ARM_NTZ/non_secure/port.c.obj
                0x100068f0                vPortValidateInterruptPriority
 .text.ulPortLockGetCurrentOwnerId
                0x10006904       0x28 CMakeFiles/BlinkLed50ms.dir/home/portalgun/D-Space/FreeRTOS/FreeRTOS/Source/portable/ThirdParty/GCC/RP2350_ARM_NTZ/non_secure/port.c.obj
                0x10006904                ulPortLockGetCurrentOwnerId
 .text.vPortLockInternalSpinUnlockWithWait
                0x1000692c       0x6c CMakeFiles/BlinkLed50ms.dir/home/portalgun/D-Space/FreeRTOS/FreeRTOS/Source/portable/ThirdParty/GCC/RP2350_ARM_NTZ/non_secure/port.c.obj
                0x1000692c                vPortLockInternalSpinUnlockWithWait
 .text.vPortLockInternalSpinUnlockWithNotify
                0x10006998       0xf8 CMakeFiles/BlinkLed50ms.dir/home/portalgun/D-Space/FreeRTOS/FreeRTOS/Source/portable/ThirdParty/GCC/RP2350_ARM_NTZ/non_secure/port.c.obj
                0x10006998                vPortLockInternalSpinUnlockWithNotify
 .text.xPortLockInternalSpinUnlockWithBestEffortWaitOrTimeout
                0x10006a90       0xec CMakeFiles/BlinkLed50ms.dir/home/portalgun/D-Space/FreeRTOS/FreeRTOS/Source/portable/ThirdParty/GCC/RP2350_ARM_NTZ/non_secure/port.c.obj
                0x10006a90                xPortLockInternalSpinUnlockWithBestEffortWaitOrTimeout
 .text.startup.prvRuntimeInitializer
                0x10006b7c       0x2c CMakeFiles/BlinkLed50ms.dir/home/portalgun/D-Space/FreeRTOS/FreeRTOS/Source/portable/ThirdParty/GCC/RP2350_ARM_NTZ/non_secure/port.c.obj
 .text.vRestoreContextOfFirstTask
                0x10006ba8       0x2c CMakeFiles/BlinkLed50ms.dir/home/portalgun/D-Space/FreeRTOS/FreeRTOS/Source/portable/ThirdParty/GCC/RP2350_ARM_NTZ/non_secure/portasm.c.obj
                0x10006ba8                vRestoreContextOfFirstTask
 .text.vStartFirstTask
                0x10006bd4       0x10 CMakeFiles/BlinkLed50ms.dir/home/portalgun/D-Space/FreeRTOS/FreeRTOS/Source/portable/ThirdParty/GCC/RP2350_ARM_NTZ/non_secure/portasm.c.obj
                0x10006bd4                vStartFirstTask
 .text.ulSetInterruptMask
                0x10006be4       0x18 CMakeFiles/BlinkLed50ms.dir/home/portalgun/D-Space/FreeRTOS/FreeRTOS/Source/portable/ThirdParty/GCC/RP2350_ARM_NTZ/non_secure/portasm.c.obj
                0x10006be4                ulSetInterruptMask
 .text.vClearInterruptMask
                0x10006bfc       0x10 CMakeFiles/BlinkLed50ms.dir/home/portalgun/D-Space/FreeRTOS/FreeRTOS/Source/portable/ThirdParty/GCC/RP2350_ARM_NTZ/non_secure/portasm.c.obj
                0x10006bfc                vClearInterruptMask
 .text.PendSV_Handler
                0x10006c0c       0x80 CMakeFiles/BlinkLed50ms.dir/home/portalgun/D-Space/FreeRTOS/FreeRTOS/Source/portable/ThirdParty/GCC/RP2350_ARM_NTZ/non_secure/portasm.c.obj
                0x10006c0c                PendSV_Handler
 .text.SVC_Handler
                0x10006c8c       0x18 CMakeFiles/BlinkLed50ms.dir/home/portalgun/D-Space/FreeRTOS/FreeRTOS/Source/portable/ThirdParty/GCC/RP2350_ARM_NTZ/non_secure/portasm.c.obj
                0x10006c8c                SVC_Handler
 .text.vEventGroupSetBitsCallback
                0x10006ca4       0x64 CMakeFiles/BlinkLed50ms.dir/home/portalgun/D-Space/FreeRTOS/FreeRTOS/Source/event_groups.c.obj
                0x10006ca4                vEventGroupSetBitsCallback
 .text.xEventGroupCreateStatic
                0x10006d08       0x20 CMakeFiles/BlinkLed50ms.dir/home/portalgun/D-Space/FreeRTOS/FreeRTOS/Source/event_groups.c.obj
                0x10006d08                xEventGroupCreateStatic
 .text.xEventGroupWaitBits
                0x10006d28       0xb4 CMakeFiles/BlinkLed50ms.dir/home/portalgun/D-Space/FreeRTOS/FreeRTOS/Source/event_groups.c.obj
                0x10006d28                xEventGroupWaitBits
 .text.xEventGroupSetBits
                0x10006ddc       0x68 CMakeFiles/BlinkLed50ms.dir/home/portalgun/D-Space/FreeRTOS/FreeRTOS/Source/event_groups.c.obj
                0x10006ddc                xEventGroupSetBits
 .text.xEventGroupSetBitsFromISR
                0x10006e44       0x1c CMakeFiles/BlinkLed50ms.dir/home/portalgun/D-Space/FreeRTOS/FreeRTOS/Source/event_groups.c.obj
                0x10006e44                xEventGroupSetBitsFromISR
 .text.vListInitialise
                0x10006e60       0x18 CMakeFiles/BlinkLed50ms.dir/home/portalgun/D-Space/FreeRTOS/FreeRTOS/Source/list.c.obj
                0x10006e60                vListInitialise
 .text.vListInitialiseItem
                0x10006e78        0x8 CMakeFiles/BlinkLed50ms.dir/home/portalgun/D-Space/FreeRTOS/FreeRTOS/Source/list.c.obj
                0x10006e78                vListInitialiseItem
 .text.vListInsertEnd
                0x10006e80       0x1c CMakeFiles/BlinkLed50ms.dir/home/portalgun/D-Space/FreeRTOS/FreeRTOS/Source/list.c.obj
                0x10006e80                vListInsertEnd
 .text.vListInsert
                0x10006e9c       0x30 CMakeFiles/BlinkLed50ms.dir/home/portalgun/D-Space/FreeRTOS/FreeRTOS/Source/list.c.obj
                0x10006e9c                vListInsert
 .text.uxListRemove
                0x10006ecc       0x28 CMakeFiles/BlinkLed50ms.dir/home/portalgun/D-Space/FreeRTOS/FreeRTOS/Source/list.c.obj
                0x10006ecc                uxListRemove
 .text.prvCopyDataToQueue
                0x10006ef4       0x78 CMakeFiles/BlinkLed50ms.dir/home/portalgun/D-Space/FreeRTOS/FreeRTOS/Source/queue.c.obj
 .text.prvUnlockQueue
                0x10006f6c      0x174 CMakeFiles/BlinkLed50ms.dir/home/portalgun/D-Space/FreeRTOS/FreeRTOS/Source/queue.c.obj
 .text.prvNotifyQueueSetContainer
                0x100070e0       0x84 CMakeFiles/BlinkLed50ms.dir/home/portalgun/D-Space/FreeRTOS/FreeRTOS/Source/queue.c.obj
 .text.xQueueGenericCreateStatic
                0x10007164       0x90 CMakeFiles/BlinkLed50ms.dir/home/portalgun/D-Space/FreeRTOS/FreeRTOS/Source/queue.c.obj
                0x10007164                xQueueGenericCreateStatic
 .text.xQueueGenericSendFromISR
                0x100071f4       0x98 CMakeFiles/BlinkLed50ms.dir/home/portalgun/D-Space/FreeRTOS/FreeRTOS/Source/queue.c.obj
                0x100071f4                xQueueGenericSendFromISR
 .text.xQueueReceive
                0x1000728c       0xfc CMakeFiles/BlinkLed50ms.dir/home/portalgun/D-Space/FreeRTOS/FreeRTOS/Source/queue.c.obj
                0x1000728c                xQueueReceive
 .text.vQueueAddToRegistry
                0x10007388      0x130 CMakeFiles/BlinkLed50ms.dir/home/portalgun/D-Space/FreeRTOS/FreeRTOS/Source/queue.c.obj
                0x10007388                vQueueAddToRegistry
 .text.vQueueWaitForMessageRestricted
                0x100074b8       0x50 CMakeFiles/BlinkLed50ms.dir/home/portalgun/D-Space/FreeRTOS/FreeRTOS/Source/queue.c.obj
                0x100074b8                vQueueWaitForMessageRestricted
 .text.prvAddNewTaskToReadyList
                0x10007508      0x128 CMakeFiles/BlinkLed50ms.dir/home/portalgun/D-Space/FreeRTOS/FreeRTOS/Source/tasks.c.obj
 .text.xTaskIncrementTick.part.0
                0x10007630      0x184 CMakeFiles/BlinkLed50ms.dir/home/portalgun/D-Space/FreeRTOS/FreeRTOS/Source/tasks.c.obj
 .text.xTaskCreateStatic
                0x100077b4      0x128 CMakeFiles/BlinkLed50ms.dir/home/portalgun/D-Space/FreeRTOS/FreeRTOS/Source/tasks.c.obj
                0x100077b4                xTaskCreateStatic
 .text.xTaskCreate
                0x100078dc      0x118 CMakeFiles/BlinkLed50ms.dir/home/portalgun/D-Space/FreeRTOS/FreeRTOS/Source/tasks.c.obj
                0x100078dc                xTaskCreate
 .text.vTaskDelete
                0x100079f4      0x104 CMakeFiles/BlinkLed50ms.dir/home/portalgun/D-Space/FreeRTOS/FreeRTOS/Source/tasks.c.obj
                0x100079f4                vTaskDelete
 .text.vTaskStartScheduler
                0x10007af8       0xe4 CMakeFiles/BlinkLed50ms.dir/home/portalgun/D-Space/FreeRTOS/FreeRTOS/Source/tasks.c.obj
                0x10007af8                vTaskStartScheduler
 .text.vTaskSuspendAll
                0x10007bdc       0x10 CMakeFiles/BlinkLed50ms.dir/home/portalgun/D-Space/FreeRTOS/FreeRTOS/Source/tasks.c.obj
                0x10007bdc                vTaskSuspendAll
 .text.xTaskResumeAll
                0x10007bec      0x180 CMakeFiles/BlinkLed50ms.dir/home/portalgun/D-Space/FreeRTOS/FreeRTOS/Source/tasks.c.obj
                0x10007bec                xTaskResumeAll
 .text.vTaskDelay
                0x10007d6c       0xa4 CMakeFiles/BlinkLed50ms.dir/home/portalgun/D-Space/FreeRTOS/FreeRTOS/Source/tasks.c.obj
                0x10007d6c                vTaskDelay
 .text.prvIdleTask
                0x10007e10       0xf4 CMakeFiles/BlinkLed50ms.dir/home/portalgun/D-Space/FreeRTOS/FreeRTOS/Source/tasks.c.obj
 .text.xTaskGetTickCount
                0x10007f04        0xc CMakeFiles/BlinkLed50ms.dir/home/portalgun/D-Space/FreeRTOS/FreeRTOS/Source/tasks.c.obj
                0x10007f04                xTaskGetTickCount
 .text.uxTaskGetNumberOfTasks
                0x10007f10        0xc CMakeFiles/BlinkLed50ms.dir/home/portalgun/D-Space/FreeRTOS/FreeRTOS/Source/tasks.c.obj
                0x10007f10                uxTaskGetNumberOfTasks
 .text.vTaskStepTick
                0x10007f1c       0x40 CMakeFiles/BlinkLed50ms.dir/home/portalgun/D-Space/FreeRTOS/FreeRTOS/Source/tasks.c.obj
                0x10007f1c                vTaskStepTick
 .text.xTaskIncrementTick
                0x10007f5c       0x20 CMakeFiles/BlinkLed50ms.dir/home/portalgun/D-Space/FreeRTOS/FreeRTOS/Source/tasks.c.obj
                0x10007f5c                xTaskIncrementTick
 .text.vTaskSwitchContext
                0x10007f7c       0x74 CMakeFiles/BlinkLed50ms.dir/home/portalgun/D-Space/FreeRTOS/FreeRTOS/Source/tasks.c.obj
                0x10007f7c                vTaskSwitchContext
 .text.vTaskPlaceOnEventList
                0x10007ff0       0xb8 CMakeFiles/BlinkLed50ms.dir/home/portalgun/D-Space/FreeRTOS/FreeRTOS/Source/tasks.c.obj
                0x10007ff0                vTaskPlaceOnEventList
 .text.vTaskPlaceOnUnorderedEventList
                0x100080a8      0x100 CMakeFiles/BlinkLed50ms.dir/home/portalgun/D-Space/FreeRTOS/FreeRTOS/Source/tasks.c.obj
                0x100080a8                vTaskPlaceOnUnorderedEventList
 .text.vTaskPlaceOnEventListRestricted
                0x100081a8      0x134 CMakeFiles/BlinkLed50ms.dir/home/portalgun/D-Space/FreeRTOS/FreeRTOS/Source/tasks.c.obj
                0x100081a8                vTaskPlaceOnEventListRestricted
 .text.xTaskRemoveFromEventList
                0x100082dc      0x10c CMakeFiles/BlinkLed50ms.dir/home/portalgun/D-Space/FreeRTOS/FreeRTOS/Source/tasks.c.obj
                0x100082dc                xTaskRemoveFromEventList
 .text.vTaskRemoveFromUnorderedEventList
                0x100083e8       0xd0 CMakeFiles/BlinkLed50ms.dir/home/portalgun/D-Space/FreeRTOS/FreeRTOS/Source/tasks.c.obj
                0x100083e8                vTaskRemoveFromUnorderedEventList
 .text.vTaskInternalSetTimeOutState
                0x100084b8       0x18 CMakeFiles/BlinkLed50ms.dir/home/portalgun/D-Space/FreeRTOS/FreeRTOS/Source/tasks.c.obj
                0x100084b8                vTaskInternalSetTimeOutState
 .text.xTaskCheckForTimeOut
                0x100084d0       0x78 CMakeFiles/BlinkLed50ms.dir/home/portalgun/D-Space/FreeRTOS/FreeRTOS/Source/tasks.c.obj
                0x100084d0                xTaskCheckForTimeOut
 .text.vTaskMissedYield
                0x10008548        0xc CMakeFiles/BlinkLed50ms.dir/home/portalgun/D-Space/FreeRTOS/FreeRTOS/Source/tasks.c.obj
                0x10008548                vTaskMissedYield
 .text.eTaskConfirmSleepModeStatus
                0x10008554       0x44 CMakeFiles/BlinkLed50ms.dir/home/portalgun/D-Space/FreeRTOS/FreeRTOS/Source/tasks.c.obj
                0x10008554                eTaskConfirmSleepModeStatus
 .text.vTaskGetInfo
                0x10008598      0x12c CMakeFiles/BlinkLed50ms.dir/home/portalgun/D-Space/FreeRTOS/FreeRTOS/Source/tasks.c.obj
                0x10008598                vTaskGetInfo
 .text.uxTaskGetSystemState
                0x100086c4      0x3c8 CMakeFiles/BlinkLed50ms.dir/home/portalgun/D-Space/FreeRTOS/FreeRTOS/Source/tasks.c.obj
                0x100086c4                uxTaskGetSystemState
 .text.uxTaskGetStackHighWaterMark
                0x10008a8c       0x34 CMakeFiles/BlinkLed50ms.dir/home/portalgun/D-Space/FreeRTOS/FreeRTOS/Source/tasks.c.obj
                0x10008a8c                uxTaskGetStackHighWaterMark
 .text.xTaskGetCurrentTaskHandle
                0x10008ac0        0xc CMakeFiles/BlinkLed50ms.dir/home/portalgun/D-Space/FreeRTOS/FreeRTOS/Source/tasks.c.obj
                0x10008ac0                xTaskGetCurrentTaskHandle
 .text.xTaskPriorityDisinherit
                0x10008acc       0x94 CMakeFiles/BlinkLed50ms.dir/home/portalgun/D-Space/FreeRTOS/FreeRTOS/Source/tasks.c.obj
                0x10008acc                xTaskPriorityDisinherit
 .text.uxTaskResetEventItemValue
                0x10008b60       0x18 CMakeFiles/BlinkLed50ms.dir/home/portalgun/D-Space/FreeRTOS/FreeRTOS/Source/tasks.c.obj
                0x10008b60                uxTaskResetEventItemValue
 .text.prvTimerTask
                0x10008b78      0x350 CMakeFiles/BlinkLed50ms.dir/home/portalgun/D-Space/FreeRTOS/FreeRTOS/Source/timers.c.obj
 .text.xTimerCreateTimerTask
                0x10008ec8       0xb0 CMakeFiles/BlinkLed50ms.dir/home/portalgun/D-Space/FreeRTOS/FreeRTOS/Source/timers.c.obj
                0x10008ec8                xTimerCreateTimerTask
 .text.xTimerPendFunctionCallFromISR
                0x10008f78       0x30 CMakeFiles/BlinkLed50ms.dir/home/portalgun/D-Space/FreeRTOS/FreeRTOS/Source/timers.c.obj
                0x10008f78                xTimerPendFunctionCallFromISR
 .text.exception_set_exclusive_handler
                0x10008fa8       0x4c CMakeFiles/BlinkLed50ms.dir/home/portalgun/.pico-sdk/sdk/2.0.0/src/rp2_common/hardware_exception/exception.c.obj
                0x10008fa8                exception_set_exclusive_handler
 .text.multicore_doorbell_claim_unused
                0x10008ff4       0xf8 CMakeFiles/BlinkLed50ms.dir/home/portalgun/.pico-sdk/sdk/2.0.0/src/rp2_common/pico_multicore/multicore.c.obj
                0x10008ff4                multicore_doorbell_claim_unused
 .text.vApplicationGetIdleTaskMemory
                0x100090ec       0x1c CMakeFiles/BlinkLed50ms.dir/__/port/FreeRTOS-Kernel/IdleMemory.c.obj
                0x100090ec                vApplicationGetIdleTaskMemory
 .text.vApplicationGetTimerTaskMemory
                0x10009108       0x1c CMakeFiles/BlinkLed50ms.dir/__/port/FreeRTOS-Kernel/IdleMemory.c.obj
                0x10009108                vApplicationGetTimerTaskMemory
 .text.vApplicationStackOverflowHook
                0x10009124       0x28 CMakeFiles/BlinkLed50ms.dir/__/port/FreeRTOS-Kernel/IdleMemory.c.obj
                0x10009124                vApplicationStackOverflowHook
 .text._ZdlPv   0x1000914c        0x4 CMakeFiles/BlinkLed50ms.dir/__/port/FreeRTOS-Kernel/cppMemory.cpp.obj
                0x1000914c                operator delete(void*)
 .text._ZdlPvj  0x10009150        0x4 /home/portalgun/.pico-sdk/toolchain/13_2_Rel1/bin/../lib/gcc/arm-none-eabi/13.2.1/../../../../arm-none-eabi/lib/thumb/v8-m.main+fp/softfp/libstdc++.a(del_ops.o)
                0x10009150                operator delete(void*, unsigned int)
 .text.__cxa_end_cleanup
                0x10009154        0xc /home/portalgun/.pico-sdk/toolchain/13_2_Rel1/bin/../lib/gcc/arm-none-eabi/13.2.1/../../../../arm-none-eabi/lib/thumb/v8-m.main+fp/softfp/libstdc++.a(eh_arm.o)
                0x10009154                __cxa_end_cleanup
 .text.__cxa_type_match
                0x10009160       0xb0 /home/portalgun/.pico-sdk/toolchain/13_2_Rel1/bin/../lib/gcc/arm-none-eabi/13.2.1/../../../../arm-none-eabi/lib/thumb/v8-m.main+fp/softfp/libstdc++.a(eh_arm.o)
                0x10009160                __cxa_type_match
 .text.__cxa_begin_cleanup
                0x10009210       0x64 /home/portalgun/.pico-sdk/toolchain/13_2_Rel1/bin/../lib/gcc/arm-none-eabi/13.2.1/../../../../arm-none-eabi/lib/thumb/v8-m.main+fp/softfp/libstdc++.a(eh_arm.o)
                0x10009210                __cxa_begin_cleanup
 .text.__gnu_end_cleanup
                0x10009274       0x70 /home/portalgun/.pico-sdk/toolchain/13_2_Rel1/bin/../lib/gcc/arm-none-eabi/13.2.1/../../../../arm-none-eabi/lib/thumb/v8-m.main+fp/softfp/libstdc++.a(eh_arm.o)
                0x10009274                __gnu_end_cleanup
 .text._ZNSt13bad_exceptionD2Ev
                0x100092e4        0x4 /home/portalgun/.pico-sdk/toolchain/13_2_Rel1/bin/../lib/gcc/arm-none-eabi/13.2.1/../../../../arm-none-eabi/lib/thumb/v8-m.main+fp/softfp/libstdc++.a(eh_exception.o)
                0x100092e4                std::bad_exception::~bad_exception()
                0x100092e4                std::bad_exception::~bad_exception()
 .text._ZNKSt13bad_exception4whatEv
                0x100092e8        0x8 /home/portalgun/.pico-sdk/toolchain/13_2_Rel1/bin/../lib/gcc/arm-none-eabi/13.2.1/../../../../arm-none-eabi/lib/thumb/v8-m.main+fp/softfp/libstdc++.a(eh_exception.o)
                0x100092e8                transaction clone for std::bad_exception::what() const
                0x100092e8                std::bad_exception::what() const
 .text._ZNSt13bad_exceptionD0Ev
                0x100092f0       0x10 /home/portalgun/.pico-sdk/toolchain/13_2_Rel1/bin/../lib/gcc/arm-none-eabi/13.2.1/../../../../arm-none-eabi/lib/thumb/v8-m.main+fp/softfp/libstdc++.a(eh_exception.o)
                0x100092f0                std::bad_exception::~bad_exception()
 .text.__cxa_get_globals_fast
                0x10009300        0x8 /home/portalgun/.pico-sdk/toolchain/13_2_Rel1/bin/../lib/gcc/arm-none-eabi/13.2.1/../../../../arm-none-eabi/lib/thumb/v8-m.main+fp/softfp/libstdc++.a(eh_globals.o)
                0x10009300                __cxa_get_globals_fast
 .text.__cxa_get_globals
                0x10009308        0x8 /home/portalgun/.pico-sdk/toolchain/13_2_Rel1/bin/../lib/gcc/arm-none-eabi/13.2.1/../../../../arm-none-eabi/lib/thumb/v8-m.main+fp/softfp/libstdc++.a(eh_globals.o)
                0x10009308                __cxa_get_globals
 .text._ZL28read_encoded_value_with_basehjPKhPj
                0x10009310       0xc0 /home/portalgun/.pico-sdk/toolchain/13_2_Rel1/bin/../lib/gcc/arm-none-eabi/13.2.1/../../../../arm-none-eabi/lib/thumb/v8-m.main+fp/softfp/libstdc++.a(eh_personality.o)
 .text._ZL21base_of_encoded_valuehP15_Unwind_Context
                0x100093d0       0x44 /home/portalgun/.pico-sdk/toolchain/13_2_Rel1/bin/../lib/gcc/arm-none-eabi/13.2.1/../../../../arm-none-eabi/lib/thumb/v8-m.main+fp/softfp/libstdc++.a(eh_personality.o)
 .text._ZL17parse_lsda_headerP15_Unwind_ContextPKhP16lsda_header_info
                0x10009414       0x90 /home/portalgun/.pico-sdk/toolchain/13_2_Rel1/bin/../lib/gcc/arm-none-eabi/13.2.1/../../../../arm-none-eabi/lib/thumb/v8-m.main+fp/softfp/libstdc++.a(eh_personality.o)
 .text.__gxx_personality_v0
                0x100094a4      0x424 /home/portalgun/.pico-sdk/toolchain/13_2_Rel1/bin/../lib/gcc/arm-none-eabi/13.2.1/../../../../arm-none-eabi/lib/thumb/v8-m.main+fp/softfp/libstdc++.a(eh_personality.o)
                0x100094a4                __gxx_personality_v0
 .text._ZN10__cxxabiv111__terminateEPFvvE
                0x100098c8       0x10 /home/portalgun/.pico-sdk/toolchain/13_2_Rel1/bin/../lib/gcc/arm-none-eabi/13.2.1/../../../../arm-none-eabi/lib/thumb/v8-m.main+fp/softfp/libstdc++.a(eh_terminate.o)
                0x100098c8                __cxxabiv1::__terminate(void (*)())
 .text._ZSt9terminatev
                0x100098d8       0x10 /home/portalgun/.pico-sdk/toolchain/13_2_Rel1/bin/../lib/gcc/arm-none-eabi/13.2.1/../../../../arm-none-eabi/lib/thumb/v8-m.main+fp/softfp/libstdc++.a(eh_terminate.o)
                0x100098d8                std::terminate()
 .text._ZN10__cxxabiv112__unexpectedEPFvvE
                0x100098e8        0x8 /home/portalgun/.pico-sdk/toolchain/13_2_Rel1/bin/../lib/gcc/arm-none-eabi/13.2.1/../../../../arm-none-eabi/lib/thumb/v8-m.main+fp/softfp/libstdc++.a(eh_terminate.o)
                0x100098e8                __cxxabiv1::__unexpected(void (*)())
 .text._ZSt10unexpectedv
                0x100098f0       0x10 /home/portalgun/.pico-sdk/toolchain/13_2_Rel1/bin/../lib/gcc/arm-none-eabi/13.2.1/../../../../arm-none-eabi/lib/thumb/v8-m.main+fp/softfp/libstdc++.a(eh_terminate.o)
                0x100098f0                std::unexpected()
 .text._ZSt13get_terminatev
                0x10009900        0xc /home/portalgun/.pico-sdk/toolchain/13_2_Rel1/bin/../lib/gcc/arm-none-eabi/13.2.1/../../../../arm-none-eabi/lib/thumb/v8-m.main+fp/softfp/libstdc++.a(eh_terminate.o)
                0x10009900                std::get_terminate()
 .text._ZSt14get_unexpectedv
                0x1000990c        0xc /home/portalgun/.pico-sdk/toolchain/13_2_Rel1/bin/../lib/gcc/arm-none-eabi/13.2.1/../../../../arm-none-eabi/lib/thumb/v8-m.main+fp/softfp/libstdc++.a(eh_terminate.o)
                0x1000990c                std::get_unexpected()
 .text._ZN10__cxxabiv120__si_class_type_infoD2Ev
                0x10009918       0x14 /home/portalgun/.pico-sdk/toolchain/13_2_Rel1/bin/../lib/gcc/arm-none-eabi/13.2.1/../../../../arm-none-eabi/lib/thumb/v8-m.main+fp/softfp/libstdc++.a(si_class_type_info.o)
                0x10009918                __cxxabiv1::__si_class_type_info::~__si_class_type_info()
                0x10009918                __cxxabiv1::__si_class_type_info::~__si_class_type_info()
 .text._ZN10__cxxabiv120__si_class_type_infoD0Ev
                0x1000992c       0x1c /home/portalgun/.pico-sdk/toolchain/13_2_Rel1/bin/../lib/gcc/arm-none-eabi/13.2.1/../../../../arm-none-eabi/lib/thumb/v8-m.main+fp/softfp/libstdc++.a(si_class_type_info.o)
                0x1000992c                __cxxabiv1::__si_class_type_info::~__si_class_type_info()
 .text._ZNK10__cxxabiv120__si_class_type_info20__do_find_public_srcEiPKvPKNS_17__class_type_infoES2_
                0x10009948       0x3c /home/portalgun/.pico-sdk/toolchain/13_2_Rel1/bin/../lib/gcc/arm-none-eabi/13.2.1/../../../../arm-none-eabi/lib/thumb/v8-m.main+fp/softfp/libstdc++.a(si_class_type_info.o)
                0x10009948                __cxxabiv1::__si_class_type_info::__do_find_public_src(int, void const*, __cxxabiv1::__class_type_info const*, void const*) const
 .text._ZNK10__cxxabiv120__si_class_type_info12__do_dyncastEiNS_17__class_type_info10__sub_kindEPKS1_PKvS4_S6_RNS1_16__dyncast_resultE
                0x10009984       0x84 /home/portalgun/.pico-sdk/toolchain/13_2_Rel1/bin/../lib/gcc/arm-none-eabi/13.2.1/../../../../arm-none-eabi/lib/thumb/v8-m.main+fp/softfp/libstdc++.a(si_class_type_info.o)
                0x10009984                __cxxabiv1::__si_class_type_info::__do_dyncast(int, __cxxabiv1::__class_type_info::__sub_kind, __cxxabiv1::__class_type_info const*, void const*, __cxxabiv1::__class_type_info const*, void const*, __cxxabiv1::__class_type_info::__dyncast_result&) const
 .text._ZNK10__cxxabiv120__si_class_type_info11__do_upcastEPKNS_17__class_type_infoEPKvRNS1_15__upcast_resultE
                0x10009a08       0x2c /home/portalgun/.pico-sdk/toolchain/13_2_Rel1/bin/../lib/gcc/arm-none-eabi/13.2.1/../../../../arm-none-eabi/lib/thumb/v8-m.main+fp/softfp/libstdc++.a(si_class_type_info.o)
                0x10009a08                __cxxabiv1::__si_class_type_info::__do_upcast(__cxxabiv1::__class_type_info const*, void const*, __cxxabiv1::__class_type_info::__upcast_result&) const
 .text._ZNSt9type_infoD2Ev
                0x10009a34        0x4 /home/portalgun/.pico-sdk/toolchain/13_2_Rel1/bin/../lib/gcc/arm-none-eabi/13.2.1/../../../../arm-none-eabi/lib/thumb/v8-m.main+fp/softfp/libstdc++.a(tinfo.o)
                0x10009a34                std::type_info::~type_info()
                0x10009a34                std::type_info::~type_info()
 .text._ZNKSt9type_info14__is_pointer_pEv
                0x10009a38        0x4 /home/portalgun/.pico-sdk/toolchain/13_2_Rel1/bin/../lib/gcc/arm-none-eabi/13.2.1/../../../../arm-none-eabi/lib/thumb/v8-m.main+fp/softfp/libstdc++.a(tinfo.o)
                0x10009a38                std::type_info::__is_function_p() const
                0x10009a38                std::type_info::__is_pointer_p() const
 .text._ZNKSt9type_infoeqERKS_
                0x10009a3c       0x2c /home/portalgun/.pico-sdk/toolchain/13_2_Rel1/bin/../lib/gcc/arm-none-eabi/13.2.1/../../../../arm-none-eabi/lib/thumb/v8-m.main+fp/softfp/libstdc++.a(tinfo.o)
                0x10009a3c                std::type_info::__equal(std::type_info const&) const
                0x10009a3c                std::type_info::operator==(std::type_info const&) const
 .text._ZN9__gnu_cxx27__verbose_terminate_handlerEv
                0x10009a68      0x10c /home/portalgun/.pico-sdk/toolchain/13_2_Rel1/bin/../lib/gcc/arm-none-eabi/13.2.1/../../../../arm-none-eabi/lib/thumb/v8-m.main+fp/softfp/libstdc++.a(vterminate.o)
                0x10009a68                __gnu_cxx::__verbose_terminate_handler()
 .text._ZNK10__cxxabiv117__class_type_info11__do_upcastEPKS0_PPv
                0x10009b74       0x38 /home/portalgun/.pico-sdk/toolchain/13_2_Rel1/bin/../lib/gcc/arm-none-eabi/13.2.1/../../../../arm-none-eabi/lib/thumb/v8-m.main+fp/softfp/libstdc++.a(class_type_info.o)
                0x10009b74                __cxxabiv1::__class_type_info::__do_upcast(__cxxabiv1::__class_type_info const*, void**) const
 .text._ZNK10__cxxabiv117__class_type_info20__do_find_public_srcEiPKvPKS0_S2_
                0x10009bac        0xc /home/portalgun/.pico-sdk/toolchain/13_2_Rel1/bin/../lib/gcc/arm-none-eabi/13.2.1/../../../../arm-none-eabi/lib/thumb/v8-m.main+fp/softfp/libstdc++.a(class_type_info.o)
                0x10009bac                __cxxabiv1::__class_type_info::__do_find_public_src(int, void const*, __cxxabiv1::__class_type_info const*, void const*) const
 .text._ZN10__cxxabiv117__class_type_infoD2Ev
                0x10009bb8       0x14 /home/portalgun/.pico-sdk/toolchain/13_2_Rel1/bin/../lib/gcc/arm-none-eabi/13.2.1/../../../../arm-none-eabi/lib/thumb/v8-m.main+fp/softfp/libstdc++.a(class_type_info.o)
                0x10009bb8                __cxxabiv1::__class_type_info::~__class_type_info()
                0x10009bb8                __cxxabiv1::__class_type_info::~__class_type_info()
 .text._ZN10__cxxabiv117__class_type_infoD0Ev
                0x10009bcc       0x1c /home/portalgun/.pico-sdk/toolchain/13_2_Rel1/bin/../lib/gcc/arm-none-eabi/13.2.1/../../../../arm-none-eabi/lib/thumb/v8-m.main+fp/softfp/libstdc++.a(class_type_info.o)
                0x10009bcc                __cxxabiv1::__class_type_info::~__class_type_info()
 .text._ZNK10__cxxabiv117__class_type_info12__do_dyncastEiNS0_10__sub_kindEPKS0_PKvS3_S5_RNS0_16__dyncast_resultE
                0x10009be8       0x44 /home/portalgun/.pico-sdk/toolchain/13_2_Rel1/bin/../lib/gcc/arm-none-eabi/13.2.1/../../../../arm-none-eabi/lib/thumb/v8-m.main+fp/softfp/libstdc++.a(class_type_info.o)
                0x10009be8                __cxxabiv1::__class_type_info::__do_dyncast(int, __cxxabiv1::__class_type_info::__sub_kind, __cxxabiv1::__class_type_info const*, void const*, __cxxabiv1::__class_type_info const*, void const*, __cxxabiv1::__class_type_info::__dyncast_result&) const
 .text._ZNK10__cxxabiv117__class_type_info11__do_upcastEPKS0_PKvRNS0_15__upcast_resultE
                0x10009c2c       0x1c /home/portalgun/.pico-sdk/toolchain/13_2_Rel1/bin/../lib/gcc/arm-none-eabi/13.2.1/../../../../arm-none-eabi/lib/thumb/v8-m.main+fp/softfp/libstdc++.a(class_type_info.o)
                0x10009c2c                __cxxabiv1::__class_type_info::__do_upcast(__cxxabiv1::__class_type_info const*, void const*, __cxxabiv1::__class_type_info::__upcast_result&) const
 .text._ZNK10__cxxabiv117__class_type_info10__do_catchEPKSt9type_infoPPvj
                0x10009c48       0x2c /home/portalgun/.pico-sdk/toolchain/13_2_Rel1/bin/../lib/gcc/arm-none-eabi/13.2.1/../../../../arm-none-eabi/lib/thumb/v8-m.main+fp/softfp/libstdc++.a(class_type_info.o)
                0x10009c48                __cxxabiv1::__class_type_info::__do_catch(std::type_info const*, void**, unsigned int) const
 .text.d_make_comp
                0x10009c74       0xf8 /home/portalgun/.pico-sdk/toolchain/13_2_Rel1/bin/../lib/gcc/arm-none-eabi/13.2.1/../../../../arm-none-eabi/lib/thumb/v8-m.main+fp/softfp/libstdc++.a(cp-demangle.o)
 .text.d_make_name
                0x10009d6c       0x44 /home/portalgun/.pico-sdk/toolchain/13_2_Rel1/bin/../lib/gcc/arm-none-eabi/13.2.1/../../../../arm-none-eabi/lib/thumb/v8-m.main+fp/softfp/libstdc++.a(cp-demangle.o)
 .text.d_number
                0x10009db0       0x80 /home/portalgun/.pico-sdk/toolchain/13_2_Rel1/bin/../lib/gcc/arm-none-eabi/13.2.1/../../../../arm-none-eabi/lib/thumb/v8-m.main+fp/softfp/libstdc++.a(cp-demangle.o)
 .text.d_call_offset
                0x10009e30       0x50 /home/portalgun/.pico-sdk/toolchain/13_2_Rel1/bin/../lib/gcc/arm-none-eabi/13.2.1/../../../../arm-none-eabi/lib/thumb/v8-m.main+fp/softfp/libstdc++.a(cp-demangle.o)
 .text.d_ref_qualifier
                0x10009e80       0x34 /home/portalgun/.pico-sdk/toolchain/13_2_Rel1/bin/../lib/gcc/arm-none-eabi/13.2.1/../../../../arm-none-eabi/lib/thumb/v8-m.main+fp/softfp/libstdc++.a(cp-demangle.o)
 .text.d_discriminator
                0x10009eb4       0x48 /home/portalgun/.pico-sdk/toolchain/13_2_Rel1/bin/../lib/gcc/arm-none-eabi/13.2.1/../../../../arm-none-eabi/lib/thumb/v8-m.main+fp/softfp/libstdc++.a(cp-demangle.o)
 .text.d_count_templates_scopes
                0x10009efc      0x12c /home/portalgun/.pico-sdk/toolchain/13_2_Rel1/bin/../lib/gcc/arm-none-eabi/13.2.1/../../../../arm-none-eabi/lib/thumb/v8-m.main+fp/softfp/libstdc++.a(cp-demangle.o)
 .text.d_index_template_argument.part.0
                0x1000a028       0x1c /home/portalgun/.pico-sdk/toolchain/13_2_Rel1/bin/../lib/gcc/arm-none-eabi/13.2.1/../../../../arm-none-eabi/lib/thumb/v8-m.main+fp/softfp/libstdc++.a(cp-demangle.o)
 .text.d_growable_string_callback_adapter
                0x1000a044       0x8c /home/portalgun/.pico-sdk/toolchain/13_2_Rel1/bin/../lib/gcc/arm-none-eabi/13.2.1/../../../../arm-none-eabi/lib/thumb/v8-m.main+fp/softfp/libstdc++.a(cp-demangle.o)
 .text.next_is_type_qual.isra.0
                0x1000a0d0       0x3c /home/portalgun/.pico-sdk/toolchain/13_2_Rel1/bin/../lib/gcc/arm-none-eabi/13.2.1/../../../../arm-none-eabi/lib/thumb/v8-m.main+fp/softfp/libstdc++.a(cp-demangle.o)
 .text.d_append_char
                0x1000a10c       0x44 /home/portalgun/.pico-sdk/toolchain/13_2_Rel1/bin/../lib/gcc/arm-none-eabi/13.2.1/../../../../arm-none-eabi/lib/thumb/v8-m.main+fp/softfp/libstdc++.a(cp-demangle.o)
 .text.d_lookup_template_argument
                0x1000a150       0x34 /home/portalgun/.pico-sdk/toolchain/13_2_Rel1/bin/../lib/gcc/arm-none-eabi/13.2.1/../../../../arm-none-eabi/lib/thumb/v8-m.main+fp/softfp/libstdc++.a(cp-demangle.o)
 .text.d_append_string
                0x1000a184       0x64 /home/portalgun/.pico-sdk/toolchain/13_2_Rel1/bin/../lib/gcc/arm-none-eabi/13.2.1/../../../../arm-none-eabi/lib/thumb/v8-m.main+fp/softfp/libstdc++.a(cp-demangle.o)
 .text.d_find_pack
                0x1000a1e8       0xb8 /home/portalgun/.pico-sdk/toolchain/13_2_Rel1/bin/../lib/gcc/arm-none-eabi/13.2.1/../../../../arm-none-eabi/lib/thumb/v8-m.main+fp/softfp/libstdc++.a(cp-demangle.o)
 .text.d_template_param
                0x1000a2a0       0x5c /home/portalgun/.pico-sdk/toolchain/13_2_Rel1/bin/../lib/gcc/arm-none-eabi/13.2.1/../../../../arm-none-eabi/lib/thumb/v8-m.main+fp/softfp/libstdc++.a(cp-demangle.o)
 .text.d_append_num
                0x1000a2fc       0x74 /home/portalgun/.pico-sdk/toolchain/13_2_Rel1/bin/../lib/gcc/arm-none-eabi/13.2.1/../../../../arm-none-eabi/lib/thumb/v8-m.main+fp/softfp/libstdc++.a(cp-demangle.o)
 .text.d_source_name
                0x1000a370       0xa8 /home/portalgun/.pico-sdk/toolchain/13_2_Rel1/bin/../lib/gcc/arm-none-eabi/13.2.1/../../../../arm-none-eabi/lib/thumb/v8-m.main+fp/softfp/libstdc++.a(cp-demangle.o)
 .text.d_substitution
                0x1000a418      0x1a8 /home/portalgun/.pico-sdk/toolchain/13_2_Rel1/bin/../lib/gcc/arm-none-eabi/13.2.1/../../../../arm-none-eabi/lib/thumb/v8-m.main+fp/softfp/libstdc++.a(cp-demangle.o)
 .text.d_maybe_module_name
                0x1000a5c0       0x60 /home/portalgun/.pico-sdk/toolchain/13_2_Rel1/bin/../lib/gcc/arm-none-eabi/13.2.1/../../../../arm-none-eabi/lib/thumb/v8-m.main+fp/softfp/libstdc++.a(cp-demangle.o)
 .text.d_type   0x1000a620      0x7a0 /home/portalgun/.pico-sdk/toolchain/13_2_Rel1/bin/../lib/gcc/arm-none-eabi/13.2.1/../../../../arm-none-eabi/lib/thumb/v8-m.main+fp/softfp/libstdc++.a(cp-demangle.o)
 .text.d_parmlist
                0x1000adc0       0x88 /home/portalgun/.pico-sdk/toolchain/13_2_Rel1/bin/../lib/gcc/arm-none-eabi/13.2.1/../../../../arm-none-eabi/lib/thumb/v8-m.main+fp/softfp/libstdc++.a(cp-demangle.o)
 .text.d_bare_function_type
                0x1000ae48       0x48 /home/portalgun/.pico-sdk/toolchain/13_2_Rel1/bin/../lib/gcc/arm-none-eabi/13.2.1/../../../../arm-none-eabi/lib/thumb/v8-m.main+fp/softfp/libstdc++.a(cp-demangle.o)
 .text.d_function_type
                0x1000ae90       0x6c /home/portalgun/.pico-sdk/toolchain/13_2_Rel1/bin/../lib/gcc/arm-none-eabi/13.2.1/../../../../arm-none-eabi/lib/thumb/v8-m.main+fp/softfp/libstdc++.a(cp-demangle.o)
 .text.d_template_parm
                0x1000aefc       0xa0 /home/portalgun/.pico-sdk/toolchain/13_2_Rel1/bin/../lib/gcc/arm-none-eabi/13.2.1/../../../../arm-none-eabi/lib/thumb/v8-m.main+fp/softfp/libstdc++.a(cp-demangle.o)
 .text.d_template_head
                0x1000af9c       0x3c /home/portalgun/.pico-sdk/toolchain/13_2_Rel1/bin/../lib/gcc/arm-none-eabi/13.2.1/../../../../arm-none-eabi/lib/thumb/v8-m.main+fp/softfp/libstdc++.a(cp-demangle.o)
 .text.d_operator_name
                0x1000afd8      0x10c /home/portalgun/.pico-sdk/toolchain/13_2_Rel1/bin/../lib/gcc/arm-none-eabi/13.2.1/../../../../arm-none-eabi/lib/thumb/v8-m.main+fp/softfp/libstdc++.a(cp-demangle.o)
 .text.d_unqualified_name
                0x1000b0e4      0x39c /home/portalgun/.pico-sdk/toolchain/13_2_Rel1/bin/../lib/gcc/arm-none-eabi/13.2.1/../../../../arm-none-eabi/lib/thumb/v8-m.main+fp/softfp/libstdc++.a(cp-demangle.o)
 .text.d_expression_1
                0x1000b480      0x4f8 /home/portalgun/.pico-sdk/toolchain/13_2_Rel1/bin/../lib/gcc/arm-none-eabi/13.2.1/../../../../arm-none-eabi/lib/thumb/v8-m.main+fp/softfp/libstdc++.a(cp-demangle.o)
 .text.d_exprlist